85.53.172.218 - - [08/Aug/2015:00:16:27 +0200] "GET /app_dev.php/images/5ff072c_image002_1.png HTTP/1.1" 304 262 "http://cloud2k.sytes.net:8080/app_dev.php/yaiza/prieto" "Mozilla/5.0 (Macintosh; Intel Mac OS X 10_10_4) AppleWebKit/600.7.12 (KHTML, like Gecko) Version/8.0.7 Safari/600.7.12"
85.53.172.218 - - [08/Aug/2015:00:16:27 +0200] "GET /app_dev.php/_wdt/ee9b46 HTTP/1.1" 200 12559 "http://cloud2k.sytes.net:8080/app_dev.php/yaiza/prieto" "Mozilla/5.0 (Macintosh; Intel Mac OS X 10_10_4) AppleWebKit/600.7.12 (KHTML, like Gecko) Version/8.0.7 Safari/600.7.12"
85.53.172.218 - - [08/Aug/2015:00:16:30 +0200] "GET /app_dev.php/yaiza/prieto HTTP/1.1" 200 15895 "-" "Mozilla/5.0 (Macintosh; Intel Mac OS X 10_10_4) AppleWebKit/600.7.12 (KHTML, like Gecko) Version/8.0.7 Safari/600.7.12"
85.53.172.218 - - [08/Aug/2015:00:16:30 +0200] "GET /app_dev.php/images/5ff072c_image002_1.png HTTP/1.1" 304 262 "http://cloud2k.sytes.net:8080/app_dev.php/yaiza/prieto" "Mozilla/5.0 (Macintosh; Intel Mac OS X 10_10_4) AppleWebKit/600.7.12 (KHTML, like Gecko) Version/8.0.7 Safari/600.7.12"
85.53.172.218 - - [08/Aug/2015:00:16:30 +0200] "GET /app_dev.php/_wdt/c14623 HTTP/1.1" 200 12557 "http://cloud2k.sytes.net:8080/app_dev.php/yaiza/prieto" "Mozilla/5.0 (Macintosh; Intel Mac OS X 10_10_4) AppleWebKit/600.7.12 (KHTML, like Gecko) Version/8.0.7 Safari/600.7.12"
85.53.172.218 - - [08/Aug/2015:00:17:13 +0200] "GET /app_dev.php/yaiza/prieto HTTP/1.1" 200 4702 "-" "Mozilla/5.0 (Macintosh; Intel Mac OS X 10_10_4) AppleWebKit/600.7.12 (KHTML, like Gecko) Version/8.0.7 Safari/600.7.12"
85.53.172.218 - - [08/Aug/2015:00:17:20 +0200] "GET /app_dev.php/yaiza/prieto HTTP/1.1" 200 15889 "-" "Mozilla/5.0 (Macintosh; Intel Mac OS X 10_10_4) AppleWebKit/600.7.12 (KHTML, like Gecko) Version/8.0.7 Safari/600.7.12"
85.53.172.218 - - [08/Aug/2015:00:17:21 +0200] "GET /app_dev.php/images/5ff072c_image002_1.png HTTP/1.1" 304 262 "http://cloud2k.sytes.net:8080/app_dev.php/yaiza/prieto" "Mozilla/5.0 (Macintosh; Intel Mac OS X 10_10_4) AppleWebKit/600.7.12 (KHTML, like Gecko) Version/8.0.7 Safari/600.7.12"
85.53.172.218 - - [08/Aug/2015:00:17:21 +0200] "GET /app_dev.php/_wdt/282278 HTTP/1.1" 200 12558 "http://cloud2k.sytes.net:8080/app_dev.php/yaiza/prieto" "Mozilla/5.0 (Macintosh; Intel Mac OS X 10_10_4) AppleWebKit/600.7.12 (KHTML, like Gecko) Version/8.0.7 Safari/600.7.12"
85.53.172.218 - - [08/Aug/2015:00:17:58 +0200] "GET /app_dev.php/yaiza/prieto HTTP/1.1" 200 15906 "-" "Mozilla/5.0 (Macintosh; Intel Mac OS X 10_10_4) AppleWebKit/600.7.12 (KHTML, like Gecko) Version/8.0.7 Safari/600.7.12"
85.53.172.218 - - [08/Aug/2015:00:17:59 +0200] "GET /app_dev.php/images/5ff072c_image002_1.png HTTP/1.1" 304 262 "http://cloud2k.sytes.net:8080/app_dev.php/yaiza/prieto" "Mozilla/5.0 (Macintosh; Intel Mac OS X 10_10_4) AppleWebKit/600.7.12 (KHTML, like Gecko) Version/8.0.7 Safari/600.7.12"
85.53.172.218 - - [08/Aug/2015:00:17:59 +0200] "GET /app_dev.php/_wdt/98bf91 HTTP/1.1" 200 12560 "http://cloud2k.sytes.net:8080/app_dev.php/yaiza/prieto" "Mozilla/5.0 (Macintosh; Intel Mac OS X 10_10_4) AppleWebKit/600.7.12 (KHTML, like Gecko) Version/8.0.7 Safari/600.7.12"
85.53.172.218 - - [08/Aug/2015:00:19:13 +0200] "GET /app_dev.php/yaiza/prieto HTTP/1.1" 200 15882 "-" "Mozilla/5.0 (Macintosh; Intel Mac OS X 10_10_4) AppleWebKit/600.7.12 (KHTML, like Gecko) Version/8.0.7 Safari/600.7.12"
85.53.172.218 - - [08/Aug/2015:00:19:14 +0200] "GET /app_dev.php/_wdt/4c2f3e HTTP/1.1" 200 12560 "http://cloud2k.sytes.net:8080/app_dev.php/yaiza/prieto" "Mozilla/5.0 (Macintosh; Intel Mac OS X 10_10_4) AppleWebKit/600.7.12 (KHTML, like Gecko) Version/8.0.7 Safari/600.7.12"
85.53.172.218 - - [08/Aug/2015:00:19:14 +0200] "GET /app_dev.php/images/5ff072c_image002_1.png HTTP/1.1" 304 262 "http://cloud2k.sytes.net:8080/app_dev.php/yaiza/prieto" "Mozilla/5.0 (Macintosh; Intel Mac OS X 10_10_4) AppleWebKit/600.7.12 (KHTML, like Gecko) Version/8.0.7 Safari/600.7.12"
85.53.172.218 - - [08/Aug/2015:00:20:44 +0200] "GET /app_dev.php/yaiza/prieto HTTP/1.1" 200 7776 "-" "Mozilla/5.0 (Macintosh; Intel Mac OS X 10_10_4) AppleWebKit/600.7.12 (KHTML, like Gecko) Version/8.0.7 Safari/600.7.12"
85.53.172.218 - - [08/Aug/2015:00:20:47 +0200] "GET /app_dev.php/yaiza/prieto HTTP/1.1" 200 15896 "-" "Mozilla/5.0 (Macintosh; Intel Mac OS X 10_10_4) AppleWebKit/600.7.12 (KHTML, like Gecko) Version/8.0.7 Safari/600.7.12"
85.53.172.218 - - [08/Aug/2015:00:20:48 +0200] "GET /app_dev.php/_wdt/cac6a0 HTTP/1.1" 200 12559 "http://cloud2k.sytes.net:8080/app_dev.php/yaiza/prieto" "Mozilla/5.0 (Macintosh; Intel Mac OS X 10_10_4) AppleWebKit/600.7.12 (KHTML, like Gecko) Version/8.0.7 Safari/600.7.12"
85.53.172.218 - - [08/Aug/2015:00:20:48 +0200] "GET /app_dev.php/images/5ff072c_image002_1.png HTTP/1.1" 304 262 "http://cloud2k.sytes.net:8080/app_dev.php/yaiza/prieto" "Mozilla/5.0 (Macintosh; Intel Mac OS X 10_10_4) AppleWebKit/600.7.12 (KHTML, like Gecko) Version/8.0.7 Safari/600.7.12"
85.53.172.218 - - [08/Aug/2015:00:23:13 +0200] "GET /app_dev.php/yaiza/prieto HTTP/1.1" 200 15896 "-" "Mozilla/5.0 (Macintosh; Intel Mac OS X 10_10_4) AppleWebKit/600.7.12 (KHTML, like Gecko) Version/8.0.7 Safari/600.7.12"
85.53.172.218 - - [08/Aug/2015:00:23:13 +0200] "GET /app_dev.php/_wdt/3c5095 HTTP/1.1" 200 12558 "http://cloud2k.sytes.net:8080/app_dev.php/yaiza/prieto" "Mozilla/5.0 (Macintosh; Intel Mac OS X 10_10_4) AppleWebKit/600.7.12 (KHTML, like Gecko) Version/8.0.7 Safari/600.7.12"
85.53.172.218 - - [08/Aug/2015:00:23:13 +0200] "GET /app_dev.php/images/5ff072c_image002_1.png HTTP/1.1" 304 262 "http://cloud2k.sytes.net:8080/app_dev.php/yaiza/prieto" "Mozilla/5.0 (Macintosh; Intel Mac OS X 10_10_4) AppleWebKit/600.7.12 (KHTML, like Gecko) Version/8.0.7 Safari/600.7.12"
85.53.172.218 - - [08/Aug/2015:00:23:43 +0200] "GET /app_dev.php/yaiza/prieto HTTP/1.1" 200 15896 "-" "Mozilla/5.0 (Macintosh; Intel Mac OS X 10_10_4) AppleWebKit/600.7.12 (KHTML, like Gecko) Version/8.0.7 Safari/600.7.12"
85.53.172.218 - - [08/Aug/2015:00:23:43 +0200] "GET /app_dev.php/_wdt/6bae90 HTTP/1.1" 200 12559 "http://cloud2k.sytes.net:8080/app_dev.php/yaiza/prieto" "Mozilla/5.0 (Macintosh; Intel Mac OS X 10_10_4) AppleWebKit/600.7.12 (KHTML, like Gecko) Version/8.0.7 Safari/600.7.12"
85.53.172.218 - - [08/Aug/2015:00:23:43 +0200] "GET /app_dev.php/images/5ff072c_image002_1.png HTTP/1.1" 304 262 "http://cloud2k.sytes.net:8080/app_dev.php/yaiza/prieto" "Mozilla/5.0 (Macintosh; Intel Mac OS X 10_10_4) AppleWebKit/600.7.12 (KHTML, like Gecko) Version/8.0.7 Safari/600.7.12"
85.53.172.218 - - [08/Aug/2015:00:25:00 +0200] "GET /app_dev.php/yaiza/prieto HTTP/1.1" 200 15896 "-" "Mozilla/5.0 (Macintosh; Intel Mac OS X 10_10_4) AppleWebKit/600.7.12 (KHTML, like Gecko) Version/8.0.7 Safari/600.7.12"
85.53.172.218 - - [08/Aug/2015:00:25:01 +0200] "GET /app_dev.php/_wdt/966019 HTTP/1.1" 200 12560 "http://cloud2k.sytes.net:8080/app_dev.php/yaiza/prieto" "Mozilla/5.0 (Macintosh; Intel Mac OS X 10_10_4) AppleWebKit/600.7.12 (KHTML, like Gecko) Version/8.0.7 Safari/600.7.12"
85.53.172.218 - - [08/Aug/2015:00:25:01 +0200] "GET /app_dev.php/images/5ff072c_image002_1.png HTTP/1.1" 304 262 "http://cloud2k.sytes.net:8080/app_dev.php/yaiza/prieto" "Mozilla/5.0 (Macintosh; Intel Mac OS X 10_10_4) AppleWebKit/600.7.12 (KHTML, like Gecko) Version/8.0.7 Safari/600.7.12"
85.53.172.218 - - [08/Aug/2015:00:37:08 +0200] "GET /app_dev.php/yaiza/prieto HTTP/1.1" 500 16897 "-" "Mozilla/5.0 (Macintosh; Intel Mac OS X 10_10_4) AppleWebKit/600.7.12 (KHTML, like Gecko) Version/8.0.7 Safari/600.7.12"
85.53.172.218 - - [08/Aug/2015:00:37:11 +0200] "GET /app_dev.php/yaiza/prieto HTTP/1.1" 500 16897 "-" "Mozilla/5.0 (Macintosh; Intel Mac OS X 10_10_4) AppleWebKit/600.7.12 (KHTML, like Gecko) Version/8.0.7 Safari/600.7.12"
85.53.172.218 - - [08/Aug/2015:00:37:43 +0200] "GET /app_dev.php/yaiza/prieto HTTP/1.1" 200 15924 "-" "Mozilla/5.0 (Macintosh; Intel Mac OS X 10_10_4) AppleWebKit/600.7.12 (KHTML, like Gecko) Version/8.0.7 Safari/600.7.12"
85.53.172.218 - - [08/Aug/2015:00:37:44 +0200] "GET /app_dev.php/images/5ff072c_image002_1.png HTTP/1.1" 304 262 "http://cloud2k.sytes.net:8080/app_dev.php/yaiza/prieto" "Mozilla/5.0 (Macintosh; Intel Mac OS X 10_10_4) AppleWebKit/600.7.12 (KHTML, like Gecko) Version/8.0.7 Safari/600.7.12"
85.53.172.218 - - [08/Aug/2015:00:37:44 +0200] "GET /app_dev.php/_wdt/69e10b HTTP/1.1" 200 12561 "http://cloud2k.sytes.net:8080/app_dev.php/yaiza/prieto" "Mozilla/5.0 (Macintosh; Intel Mac OS X 10_10_4) AppleWebKit/600.7.12 (KHTML, like Gecko) Version/8.0.7 Safari/600.7.12"
85.53.172.218 - - [08/Aug/2015:00:39:07 +0200] "GET /app_dev.php/yaiza/prieto HTTP/1.1" 200 15946 "-" "Mozilla/5.0 (Macintosh; Intel Mac OS X 10_10_4) AppleWebKit/600.7.12 (KHTML, like Gecko) Version/8.0.7 Safari/600.7.12"
85.53.172.218 - - [08/Aug/2015:00:39:08 +0200] "GET /app_dev.php/images/5ff072c_image002_1.png HTTP/1.1" 304 262 "http://cloud2k.sytes.net:8080/app_dev.php/yaiza/prieto" "Mozilla/5.0 (Macintosh; Intel Mac OS X 10_10_4) AppleWebKit/600.7.12 (KHTML, like Gecko) Version/8.0.7 Safari/600.7.12"
85.53.172.218 - - [08/Aug/2015:00:39:08 +0200] "GET /app_dev.php/_wdt/c686aa HTTP/1.1" 200 12559 "http://cloud2k.sytes.net:8080/app_dev.php/yaiza/prieto" "Mozilla/5.0 (Macintosh; Intel Mac OS X 10_10_4) AppleWebKit/600.7.12 (KHTML, like Gecko) Version/8.0.7 Safari/600.7.12"
85.53.172.218 - - [08/Aug/2015:00:39:11 +0200] "GET /app_dev.php/yaiza/prieto/PDF HTTP/1.1" 200 82852 "http://cloud2k.sytes.net:8080/app_dev.php/yaiza/prieto" "Mozilla/5.0 (Macintosh; Intel Mac OS X 10_10_4) AppleWebKit/600.7.12 (KHTML, like Gecko) Version/8.0.7 Safari/600.7.12"
85.53.172.218 - - [08/Aug/2015:00:40:44 +0200] "GET /yaiza/prieto HTTP/1.1" 200 12852 "-" "Mozilla/5.0 (Macintosh; Intel Mac OS X 10_10_4) AppleWebKit/600.7.12 (KHTML, like Gecko) Version/8.0.7 Safari/600.7.12"
85.53.172.218 - - [08/Aug/2015:00:40:45 +0200] "GET /images/5ff072c.png HTTP/1.1" 200 12018 "http://cloud2k.sytes.net:8080/yaiza/prieto" "Mozilla/5.0 (Macintosh; Intel Mac OS X 10_10_4) AppleWebKit/600.7.12 (KHTML, like Gecko) Version/8.0.7 Safari/600.7.12"
85.53.172.218 - - [08/Aug/2015:00:40:48 +0200] "GET /yaiza/prieto HTTP/1.1" 200 12852 "-" "Mozilla/5.0 (Macintosh; Intel Mac OS X 10_10_4) AppleWebKit/600.7.12 (KHTML, like Gecko) Version/8.0.7 Safari/600.7.12"
85.53.172.218 - - [08/Aug/2015:00:40:48 +0200] "GET /images/5ff072c.png HTTP/1.1" 304 262 "http://cloud2k.sytes.net:8080/yaiza/prieto" "Mozilla/5.0 (Macintosh; Intel Mac OS X 10_10_4) AppleWebKit/600.7.12 (KHTML, like Gecko) Version/8.0.7 Safari/600.7.12"
85.53.172.218 - - [08/Aug/2015:00:40:48 +0200] "GET /yaiza/prieto HTTP/1.1" 200 12852 "-" "Mozilla/5.0 (Macintosh; Intel Mac OS X 10_10_4) AppleWebKit/600.7.12 (KHTML, like Gecko) Version/8.0.7 Safari/600.7.12"
85.53.172.218 - - [08/Aug/2015:00:40:48 +0200] "GET /images/5ff072c.png HTTP/1.1" 304 262 "http://cloud2k.sytes.net:8080/yaiza/prieto" "Mozilla/5.0 (Macintosh; Intel Mac OS X 10_10_4) AppleWebKit/600.7.12 (KHTML, like Gecko) Version/8.0.7 Safari/600.7.12"
85.53.172.218 - - [08/Aug/2015:00:44:28 +0200] "GET /yaiza/prieto HTTP/1.1" 200 12852 "-" "Mozilla/5.0 (Macintosh; Intel Mac OS X 10_10_4) AppleWebKit/600.7.12 (KHTML, like Gecko) Version/8.0.7 Safari/600.7.12"
85.53.172.218 - - [08/Aug/2015:00:44:28 +0200] "GET /images/5ff072c.png HTTP/1.1" 304 262 "http://cloud2k.sytes.net:8080/yaiza/prieto" "Mozilla/5.0 (Macintosh; Intel Mac OS X 10_10_4) AppleWebKit/600.7.12 (KHTML, like Gecko) Version/8.0.7 Safari/600.7.12"
85.53.172.218 - - [08/Aug/2015:01:01:07 +0200] "GET /yaiza/prieto HTTP/1.1" 200 12852 "-" "Mozilla/5.0 (Macintosh; Intel Mac OS X 10_10_4) AppleWebKit/600.7.12 (KHTML, like Gecko) Version/8.0.7 Safari/600.7.12"
85.53.172.218 - - [08/Aug/2015:01:01:09 +0200] "GET /images/5ff072c.png HTTP/1.1" 200 12018 "http://cloud2k.sytes.net:8080/yaiza/prieto" "Mozilla/5.0 (Macintosh; Intel Mac OS X 10_10_4) AppleWebKit/600.7.12 (KHTML, like Gecko) Version/8.0.7 Safari/600.7.12"
85.53.172.218 - - [08/Aug/2015:01:03:10 +0200] "GET /yaiza/prieto HTTP/1.1" 200 12852 "-" "Mozilla/5.0 (Macintosh; Intel Mac OS X 10_10_4) AppleWebKit/600.7.12 (KHTML, like Gecko) Version/8.0.7 Safari/600.7.12"
85.53.172.218 - - [08/Aug/2015:01:03:10 +0200] "GET /images/5ff072c.png HTTP/1.1" 304 262 "http://cloud2k.sytes.net:8080/yaiza/prieto" "Mozilla/5.0 (Macintosh; Intel Mac OS X 10_10_4) AppleWebKit/600.7.12 (KHTML, like Gecko) Version/8.0.7 Safari/600.7.12"
115.239.228.8 - - [08/Aug/2015:01:11:48 +0200] "GET http://zc.qq.com/cgi-bin/common/attr?id=260714&r=0.6395642062813870 HTTP/1.1" 404 729 "-" "Mozilla/5.0 (compatible; MSIE 9.0; Windows NT 6.1; Trident/5.0; 360SE)"
115.239.228.8 - - [08/Aug/2015:01:11:52 +0200] "GET http://zc.qq.com/cgi-bin/common/attr?id=260714&r=0.1197302377770263 HTTP/1.1" 404 729 "-" "Mozilla/5.0 (compatible; MSIE 9.0; Windows NT 6.1; Trident/5.0; 360SE)"
115.239.228.8 - - [08/Aug/2015:08:00:14 +0200] "GET http://zc.qq.com/cgi-bin/common/attr?id=260714&r=0.5027154055123597 HTTP/1.1" 404 729 "-" "Mozilla/5.0 (compatible; MSIE 9.0; Windows NT 6.1; Trident/5.0; 360SE)"
115.231.222.40 - - [08/Aug/2015:09:08:32 +0200] "GET http://zc.qq.com/cgi-bin/common/attr?id=260714&r=0.2475686887925324 HTTP/1.1" 404 729 "-" "Mozilla/5.0 (compatible; MSIE 9.0; Windows NT 6.1; Trident/5.0; 360SE)"
85.53.172.218 - - [08/Aug/2015:10:14:49 +0200] "GET /yaiza/prieto HTTP/1.1" 200 12852 "-" "Mozilla/5.0 (Macintosh; Intel Mac OS X 10_10_4) AppleWebKit/600.7.12 (KHTML, like Gecko) Version/8.0.7 Safari/600.7.12"
85.53.172.218 - - [08/Aug/2015:10:14:50 +0200] "GET /images/5ff072c.png HTTP/1.1" 200 12018 "http://cloud2k.sytes.net:8080/yaiza/prieto" "Mozilla/5.0 (Macintosh; Intel Mac OS X 10_10_4) AppleWebKit/600.7.12 (KHTML, like Gecko) Version/8.0.7 Safari/600.7.12"
115.239.228.8 - - [08/Aug/2015:10:15:56 +0200] "GET http://zc.qq.com/cgi-bin/common/attr?id=260714&r=0.3096791387411021 HTTP/1.1" 404 729 "-" "Mozilla/5.0 (compatible; MSIE 9.0; Windows NT 6.1; Trident/5.0; 360SE)"
115.231.222.40 - - [08/Aug/2015:11:30:00 +0200] "GET http://zc.qq.com/cgi-bin/common/attr?id=260714&r=0.4843517051177365 HTTP/1.1" 404 729 "-" "Mozilla/5.0 (compatible; MSIE 9.0; Windows NT 6.1; Trident/5.0; 360SE)"
115.231.222.40 - - [08/Aug/2015:11:30:02 +0200] "GET http://zc.qq.com/cgi-bin/common/attr?id=260714&r=0.7467382929851277 HTTP/1.1" 404 729 "-" "Mozilla/5.0 (compatible; MSIE 9.0; Windows NT 6.1; Trident/5.0; 360SE)"
115.239.228.8 - - [08/Aug/2015:12:32:25 +0200] "GET http://zc.qq.com/cgi-bin/common/attr?id=260714&r=0.6481255483161071 HTTP/1.1" 404 729 "-" "Mozilla/5.0 (compatible; MSIE 9.0; Windows NT 6.1; Trident/5.0; 360SE)"
115.231.222.40 - - [08/Aug/2015:13:54:41 +0200] "GET http://zc.qq.com/cgi-bin/common/attr?id=260714&r=0.8705574569348650 HTTP/1.1" 404 729 "-" "Mozilla/5.0 (compatible; MSIE 9.0; Windows NT 6.1; Trident/5.0; 360SE)"
85.53.172.218 - - [08/Aug/2015:16:05:10 +0200] "GET /yaiza/prieto HTTP/1.1" 200 12852 "-" "Mozilla/5.0 (iPhone; CPU iPhone OS 7_1_2 like Mac OS X) AppleWebKit/537.51.2 (KHTML, like Gecko) Version/7.0 Mobile/11D257 Safari/9537.53"
85.53.172.218 - - [08/Aug/2015:16:05:11 +0200] "GET /images/5ff072c.png HTTP/1.1" 200 12018 "http://cloud2k.sytes.net:8080/yaiza/prieto" "Mozilla/5.0 (iPhone; CPU iPhone OS 7_1_2 like Mac OS X) AppleWebKit/537.51.2 (KHTML, like Gecko) Version/7.0 Mobile/11D257 Safari/9537.53"
85.53.172.218 - - [08/Aug/2015:16:25:18 +0200] "GET /yaiza/prieto HTTP/1.1" 200 12852 "-" "Mozilla/5.0 (iPhone; CPU iPhone OS 7_1_2 like Mac OS X) AppleWebKit/537.51.2 (KHTML, like Gecko) Version/7.0 Mobile/11D257 Safari/9537.53"
85.53.172.218 - - [08/Aug/2015:16:25:19 +0200] "GET /images/5ff072c.png HTTP/1.1" 304 262 "http://cloud2k.sytes.net:8080/yaiza/prieto" "Mozilla/5.0 (iPhone; CPU iPhone OS 7_1_2 like Mac OS X) AppleWebKit/537.51.2 (KHTML, like Gecko) Version/7.0 Mobile/11D257 Safari/9537.53"
85.53.172.218 - - [08/Aug/2015:16:26:48 +0200] "GET /apple-touch-icon-120x120-precomposed.png HTTP/1.1" 404 729 "-" "MobileSafari/9537.53 CFNetwork/672.1.15 Darwin/14.0.0"
85.53.172.218 - - [08/Aug/2015:16:26:48 +0200] "GET /apple-touch-icon-120x120.png HTTP/1.1" 404 729 "-" "MobileSafari/9537.53 CFNetwork/672.1.15 Darwin/14.0.0"
85.53.172.218 - - [08/Aug/2015:16:26:48 +0200] "GET /apple-touch-icon-precomposed.png HTTP/1.1" 404 729 "-" "MobileSafari/9537.53 CFNetwork/672.1.15 Darwin/14.0.0"
85.53.172.218 - - [08/Aug/2015:16:26:48 +0200] "GET /apple-touch-icon.png HTTP/1.1" 200 11057 "-" "MobileSafari/9537.53 CFNetwork/672.1.15 Darwin/14.0.0"
115.231.222.40 - - [08/Aug/2015:16:37:51 +0200] "GET http://zc.qq.com/cgi-bin/common/attr?id=260714&r=0.2129849679841475 HTTP/1.1" 404 729 "-" "Mozilla/5.0 (compatible; MSIE 9.0; Windows NT 6.1; Trident/5.0; 360SE)"
115.239.228.8 - - [08/Aug/2015:17:08:26 +0200] "GET http://zc.qq.com/cgi-bin/common/attr?id=260714&r=0.9109531189726305 HTTP/1.1" 404 729 "-" "Mozilla/5.0 (compatible; MSIE 9.0; Windows NT 6.1; Trident/5.0; 360SE)"
62.210.101.10 - - [08/Aug/2015:19:16:23 +0200] "\x16\x03\x01" 400 0 "-" "-"
62.210.101.10 - - [08/Aug/2015:19:16:23 +0200] "GET //admin/common/script.js.php HTTP/1.1" 404 693 "-" "libwww-perl/6.13"
115.231.222.40 - - [08/Aug/2015:19:16:34 +0200] "GET http://zc.qq.com/cgi-bin/common/attr?id=260714&r=0.5393880411420732 HTTP/1.1" 404 729 "-" "Mozilla/5.0 (compatible; MSIE 9.0; Windows NT 6.1; Trident/5.0; 360SE)"
115.239.228.8 - - [08/Aug/2015:19:20:02 +0200] "GET http://zc.qq.com/cgi-bin/common/attr?id=260714&r=0.2123837769231501 HTTP/1.1" 404 729 "-" "Mozilla/5.0 (compatible; MSIE 9.0; Windows NT 6.1; Trident/5.0; 360SE)"
85.53.172.218 - - [08/Aug/2015:19:27:00 +0200] "GET /yaiza/prieto HTTP/1.1" 200 12852 "-" "Mozilla/5.0 (iPhone; CPU iPhone OS 7_1_2 like Mac OS X) AppleWebKit/537.51.2 (KHTML, like Gecko) Version/7.0 Mobile/11D257 Safari/9537.53"
85.53.172.218 - - [08/Aug/2015:19:27:02 +0200] "GET /images/5ff072c.png HTTP/1.1" 304 262 "http://cloud2k.sytes.net:8080/yaiza/prieto" "Mozilla/5.0 (iPhone; CPU iPhone OS 7_1_2 like Mac OS X) AppleWebKit/537.51.2 (KHTML, like Gecko) Version/7.0 Mobile/11D257 Safari/9537.53"
85.53.172.218 - - [08/Aug/2015:20:12:19 +0200] "GET /yaiza/prieto HTTP/1.1" 200 12852 "-" "Mozilla/5.0 (Macintosh; Intel Mac OS X 10_10_4) AppleWebKit/600.7.12 (KHTML, like Gecko) Version/8.0.7 Safari/600.7.12"
85.53.172.218 - - [08/Aug/2015:20:12:20 +0200] "GET /images/5ff072c.png HTTP/1.1" 200 12018 "http://cloud2k.sytes.net:8080/yaiza/prieto" "Mozilla/5.0 (Macintosh; Intel Mac OS X 10_10_4) AppleWebKit/600.7.12 (KHTML, like Gecko) Version/8.0.7 Safari/600.7.12"
115.239.228.8 - - [08/Aug/2015:21:33:01 +0200] "GET http://zc.qq.com/cgi-bin/common/attr?id=260714&r=0.5534681443359355 HTTP/1.1" 404 729 "-" "Mozilla/5.0 (compatible; MSIE 9.0; Windows NT 6.1; Trident/5.0; 360SE)"
115.231.222.40 - - [08/Aug/2015:21:57:13 +0200] "GET http://zc.qq.com/cgi-bin/common/attr?id=260714&r=0.4154617401319680 HTTP/1.1" 404 729 "-" "Mozilla/5.0 (compatible; MSIE 9.0; Windows NT 6.1; Trident/5.0; 360SE)"
115.239.228.8 - - [08/Aug/2015:23:45:06 +0200] "GET http://zc.qq.com/cgi-bin/common/attr?id=260714&r=0.2231653574439777 HTTP/1.1" 404 729 "-" "Mozilla/5.0 (compatible; MSIE 9.0; Windows NT 6.1; Trident/5.0; 360SE)"
115.231.222.40 - - [09/Aug/2015:00:34:06 +0200] "GET http://zc.qq.com/cgi-bin/common/attr?id=260714&r=0.2829559868809372 HTTP/1.1" 404 729 "-" "Mozilla/5.0 (compatible; MSIE 9.0; Windows NT 6.1; Trident/5.0; 360SE)"
85.53.172.218 - - [09/Aug/2015:01:15:05 +0200] "GET /yaiza/prieto HTTP/1.1" 200 12852 "-" "Mozilla/5.0 (Macintosh; Intel Mac OS X 10_10_4) AppleWebKit/600.7.12 (KHTML, like Gecko) Version/8.0.7 Safari/600.7.12"
85.53.172.218 - - [09/Aug/2015:01:15:06 +0200] "GET /images/5ff072c.png HTTP/1.1" 200 12018 "http://cloud2k.sytes.net:8080/yaiza/prieto" "Mozilla/5.0 (Macintosh; Intel Mac OS X 10_10_4) AppleWebKit/600.7.12 (KHTML, like Gecko) Version/8.0.7 Safari/600.7.12"
62.210.101.10 - - [09/Aug/2015:01:23:34 +0200] "\x16\x03\x01" 400 0 "-" "-"
62.210.101.10 - - [09/Aug/2015:01:23:35 +0200] "GET // HTTP/1.1" 404 693 "-" "libwww-perl/6.13"
115.239.228.8 - - [09/Aug/2015:01:57:33 +0200] "GET http://zc.qq.com/cgi-bin/common/attr?id=260714&r=0.9427879973066157 HTTP/1.1" 404 729 "-" "Mozilla/5.0 (compatible; MSIE 9.0; Windows NT 6.1; Trident/5.0; 360SE)"
115.231.222.40 - - [09/Aug/2015:03:11:33 +0200] "GET http://zc.qq.com/cgi-bin/common/attr?id=260714&r=0.8737326333133114 HTTP/1.1" 404 729 "-" "Mozilla/5.0 (compatible; MSIE 9.0; Windows NT 6.1; Trident/5.0; 360SE)"
115.239.228.8 - - [09/Aug/2015:04:02:33 +0200] "GET http://zc.qq.com/cgi-bin/common/attr?id=260714&r=0.7845876553295417 HTTP/1.1" 404 729 "-" "Mozilla/5.0 (compatible; MSIE 9.0; Windows NT 6.1; Trident/5.0; 360SE)"
115.231.222.40 - - [09/Aug/2015:05:53:54 +0200] "GET http://zc.qq.com/cgi-bin/common/attr?id=260714&r=0.5862900840055224 HTTP/1.1" 404 729 "-" "Mozilla/5.0 (compatible; MSIE 9.0; Windows NT 6.1; Trident/5.0; 360SE)"
115.239.228.8 - - [09/Aug/2015:06:06:45 +0200] "GET http://zc.qq.com/cgi-bin/common/attr?id=260714&r=0.1024693358183233 HTTP/1.1" 404 729 "-" "Mozilla/5.0 (compatible; MSIE 9.0; Windows NT 6.1; Trident/5.0; 360SE)"
62.210.101.10 - - [09/Aug/2015:06:57:40 +0200] "\x16\x03\x01" 400 0 "-" "-"
62.210.101.10 - - [09/Aug/2015:06:57:40 +0200] "GET // HTTP/1.1" 404 693 "-" "libwww-perl/6.13"
115.239.228.8 - - [09/Aug/2015:10:16:18 +0200] "GET http://zc.qq.com/cgi-bin/common/attr?id=260714&r=0.2442590800094397 HTTP/1.1" 404 729 "-" "Mozilla/5.0 (compatible; MSIE 9.0; Windows NT 6.1; Trident/5.0; 360SE)"
115.231.222.40 - - [09/Aug/2015:11:11:59 +0200] "GET http://zc.qq.com/cgi-bin/common/attr?id=260714&r=0.6276872680537279 HTTP/1.1" 404 729 "-" "Mozilla/5.0 (compatible; MSIE 9.0; Windows NT 6.1; Trident/5.0; 360SE)"
85.53.172.218 - - [09/Aug/2015:11:37:35 +0200] "GET /yaiza/prieto HTTP/1.1" 200 12852 "-" "Mozilla/5.0 (Macintosh; Intel Mac OS X 10_10_4) AppleWebKit/600.7.12 (KHTML, like Gecko) Version/8.0.7 Safari/600.7.12"
85.53.172.218 - - [09/Aug/2015:11:37:36 +0200] "GET /images/5ff072c.png HTTP/1.1" 200 12018 "http://cloud2k.sytes.net:8080/yaiza/prieto" "Mozilla/5.0 (Macintosh; Intel Mac OS X 10_10_4) AppleWebKit/600.7.12 (KHTML, like Gecko) Version/8.0.7 Safari/600.7.12"
115.239.228.8 - - [09/Aug/2015:12:20:35 +0200] "GET http://zc.qq.com/cgi-bin/common/attr?id=260714&r=0.5188581968846839 HTTP/1.1" 404 729 "-" "Mozilla/5.0 (compatible; MSIE 9.0; Windows NT 6.1; Trident/5.0; 360SE)"
115.231.222.40 - - [09/Aug/2015:13:49:13 +0200] "GET http://zc.qq.com/cgi-bin/common/attr?id=260714&r=0.2792680141109311 HTTP/1.1" 404 729 "-" "Mozilla/5.0 (compatible; MSIE 9.0; Windows NT 6.1; Trident/5.0; 360SE)"
115.239.228.8 - - [09/Aug/2015:14:25:46 +0200] "GET http://zc.qq.com/cgi-bin/common/attr?id=260714&r=0.2746743035856685 HTTP/1.1" 404 729 "-" "Mozilla/5.0 (compatible; MSIE 9.0; Windows NT 6.1; Trident/5.0; 360SE)"
85.53.172.218 - - [09/Aug/2015:15:49:03 +0200] "GET /yaiza/prieto HTTP/1.1" 200 12852 "-" "Mozilla/5.0 (Macintosh; Intel Mac OS X 10_10_4) AppleWebKit/600.7.12 (KHTML, like Gecko) Version/8.0.7 Safari/600.7.12"
85.53.172.218 - - [09/Aug/2015:15:49:06 +0200] "GET /images/5ff072c.png HTTP/1.1" 200 12018 "http://cloud2k.sytes.net:8080/yaiza/prieto" "Mozilla/5.0 (Macintosh; Intel Mac OS X 10_10_4) AppleWebKit/600.7.12 (KHTML, like Gecko) Version/8.0.7 Safari/600.7.12"
115.231.222.40 - - [09/Aug/2015:16:27:28 +0200] "GET http://zc.qq.com/cgi-bin/common/attr?id=260714&r=0.5615222786382787 HTTP/1.1" 404 729 "-" "Mozilla/5.0 (compatible; MSIE 9.0; Windows NT 6.1; Trident/5.0; 360SE)"
115.239.228.8 - - [09/Aug/2015:16:30:03 +0200] "GET http://zc.qq.com/cgi-bin/common/attr?id=260714&r=0.9945675269757802 HTTP/1.1" 404 729 "-" "Mozilla/5.0 (compatible; MSIE 9.0; Windows NT 6.1; Trident/5.0; 360SE)"
61.160.221.207 - "" [09/Aug/2015:16:56:18 +0200] "GET /manager/html HTTP/1.1" 404 674 "-" "Mozilla/5.0 (compatible; MSIE 10.0; Windows NT 6.2; WOW64; Trident/6.0)"
115.239.228.8 - - [09/Aug/2015:18:35:04 +0200] "GET http://zc.qq.com/cgi-bin/common/attr?id=260714&r=0.7601564283477722 HTTP/1.1" 404 729 "-" "Mozilla/5.0 (compatible; MSIE 9.0; Windows NT 6.1; Trident/5.0; 360SE)"
115.231.222.40 - - [09/Aug/2015:19:06:28 +0200] "GET http://zc.qq.com/cgi-bin/common/attr?id=260714&r=0.9472557957016782 HTTP/1.1" 404 729 "-" "Mozilla/5.0 (compatible; MSIE 9.0; Windows NT 6.1; Trident/5.0; 360SE)"
115.239.228.8 - - [09/Aug/2015:20:39:58 +0200] "GET http://zc.qq.com/cgi-bin/common/attr?id=260714&r=0.7266885920047265 HTTP/1.1" 404 729 "-" "Mozilla/5.0 (compatible; MSIE 9.0; Windows NT 6.1; Trident/5.0; 360SE)"
213.179.123.166 - - [09/Aug/2015:21:19:02 +0200] "GET / HTTP/1.1" 404 729 "-" "Mozilla/5.0 (iPhone; CPU iPhone OS 7_1_2 like Mac OS X) AppleWebKit/537.51.2 (KHTML, like Gecko) Version/7.0 Mobile/11D257 Safari/9537.53"
213.179.123.166 - - [09/Aug/2015:21:19:03 +0200] "GET /yaiza/prieto HTTP/1.1" 200 12852 "-" "Mozilla/5.0 (iPhone; CPU iPhone OS 7_1_2 like Mac OS X) AppleWebKit/537.51.2 (KHTML, like Gecko) Version/7.0 Mobile/11D257 Safari/9537.53"
213.179.123.166 - - [09/Aug/2015:21:19:04 +0200] "GET / HTTP/1.1" 404 729 "-" "Mozilla/5.0 (iPhone; CPU iPhone OS 7_1_2 like Mac OS X) AppleWebKit/537.51.2 (KHTML, like Gecko) Version/7.0 Mobile/11D257 Safari/9537.53"
213.179.123.166 - - [09/Aug/2015:21:19:04 +0200] "GET /images/5ff072c.png HTTP/1.1" 200 12018 "http://cloud2k.sytes.net:8080/yaiza/prieto" "Mozilla/5.0 (iPhone; CPU iPhone OS 7_1_2 like Mac OS X) AppleWebKit/537.51.2 (KHTML, like Gecko) Version/7.0 Mobile/11D257 Safari/9537.53"
115.231.222.40 - - [09/Aug/2015:21:46:37 +0200] "GET http://zc.qq.com/cgi-bin/common/attr?id=260714&r=0.2311962185048547 HTTP/1.1" 404 729 "-" "Mozilla/5.0 (compatible; MSIE 9.0; Windows NT 6.1; Trident/5.0; 360SE)"
115.239.228.8 - - [09/Aug/2015:22:44:56 +0200] "GET http://zc.qq.com/cgi-bin/common/attr?id=260714&r=0.9478714281708856 HTTP/1.1" 404 729 "-" "Mozilla/5.0 (compatible; MSIE 9.0; Windows NT 6.1; Trident/5.0; 360SE)"
104.192.0.226 - - [09/Aug/2015:22:53:07 +0200] "GET /cgi-bin/index.cgi HTTP/1.0" 404 740 "-" "-"
115.231.222.40 - - [10/Aug/2015:00:32:35 +0200] "GET http://zc.qq.com/cgi-bin/common/attr?id=260714&r=0.3490611675794424 HTTP/1.1" 404 729 "-" "Mozilla/5.0 (compatible; MSIE 9.0; Windows NT 6.1; Trident/5.0; 360SE)"
115.239.228.8 - - [10/Aug/2015:00:50:37 +0200] "GET http://zc.qq.com/cgi-bin/common/attr?id=260714&r=0.2091752320566611 HTTP/1.1" 404 729 "-" "Mozilla/5.0 (compatible; MSIE 9.0; Windows NT 6.1; Trident/5.0; 360SE)"
115.239.228.8 - - [10/Aug/2015:07:35:03 +0200] "GET http://zc.qq.com/cgi-bin/common/attr?id=260714&r=0.7213352153794534 HTTP/1.1" 404 729 "-" "Mozilla/5.0 (compatible; MSIE 9.0; Windows NT 6.1; Trident/5.0; 360SE)"
115.231.222.40 - - [10/Aug/2015:08:32:45 +0200] "GET http://zc.qq.com/cgi-bin/common/attr?id=260714&r=0.9584169291568018 HTTP/1.1" 404 729 "-" "Mozilla/5.0 (compatible; MSIE 9.0; Windows NT 6.1; Trident/5.0; 360SE)"
121.40.51.232 - "" [10/Aug/2015:11:52:49 +0200] "GET /manager/html HTTP/1.1" 404 674 "-" "Mozilla/5.0 (compatible; MSIE 10.0; Windows NT 6.2; WOW64; Trident/6.0)"
91.236.75.4 - - [10/Aug/2015:13:59:07 +0200] "GET http://www.google.com/reader/about/ HTTP/1.1" 404 674 "-" "Mozilla/4.0 (compatible; MSIE 6.0; Windows NT 5.1)"
90.163.82.124 - - [10/Aug/2015:14:25:17 +0200] "GET / HTTP/1.1" 404 729 "-" "Mozilla/5.0 (Macintosh; Intel Mac OS X 10_10_4) AppleWebKit/600.7.12 (KHTML, like Gecko) Version/8.0.7 Safari/600.7.12"
90.163.82.124 - - [10/Aug/2015:14:25:19 +0200] "GET /yaiza/prieto HTTP/1.1" 200 12852 "-" "Mozilla/5.0 (Macintosh; Intel Mac OS X 10_10_4) AppleWebKit/600.7.12 (KHTML, like Gecko) Version/8.0.7 Safari/600.7.12"
90.163.82.124 - - [10/Aug/2015:14:25:20 +0200] "GET /images/5ff072c.png HTTP/1.1" 200 12018 "http://cloud2k.sytes.net:8080/yaiza/prieto" "Mozilla/5.0 (Macintosh; Intel Mac OS X 10_10_4) AppleWebKit/600.7.12 (KHTML, like Gecko) Version/8.0.7 Safari/600.7.12"
90.163.82.124 - - [10/Aug/2015:14:29:07 +0200] "GET /yaiza/prieto/PDF HTTP/1.1" 200 83053 "http://cloud2k.sytes.net:8080/yaiza/prieto" "Mozilla/5.0 (Macintosh; Intel Mac OS X 10_10_4) AppleWebKit/600.7.12 (KHTML, like Gecko) Version/8.0.7 Safari/600.7.12"
115.239.228.8 - - [10/Aug/2015:14:30:49 +0200] "GET http://zc.qq.com/cgi-bin/common/attr?id=260714&r=0.1194195041567939 HTTP/1.1" 404 729 "-" "Mozilla/5.0 (compatible; MSIE 9.0; Windows NT 6.1; Trident/5.0; 360SE)"
115.231.222.40 - - [10/Aug/2015:16:21:36 +0200] "GET http://zc.qq.com/cgi-bin/common/attr?id=260714&r=0.4330263628880724 HTTP/1.1" 404 729 "-" "Mozilla/5.0 (compatible; MSIE 9.0; Windows NT 6.1; Trident/5.0; 360SE)"
115.239.228.8 - - [10/Aug/2015:16:47:34 +0200] "GET http://zc.qq.com/cgi-bin/common/attr?id=260714&r=0.8118984333517551 HTTP/1.1" 404 729 "-" "Mozilla/5.0 (compatible; MSIE 9.0; Windows NT 6.1; Trident/5.0; 360SE)"
115.231.222.40 - - [10/Aug/2015:19:02:06 +0200] "GET http://zc.qq.com/cgi-bin/common/attr?id=260714&r=0.5652290326566205 HTTP/1.1" 404 729 "-" "Mozilla/5.0 (compatible; MSIE 9.0; Windows NT 6.1; Trident/5.0; 360SE)"
115.239.228.8 - - [10/Aug/2015:19:05:15 +0200] "GET http://zc.qq.com/cgi-bin/common/attr?id=260714&r=0.9603325554047667 HTTP/1.1" 404 729 "-" "Mozilla/5.0 (compatible; MSIE 9.0; Windows NT 6.1; Trident/5.0; 360SE)"
115.231.222.40 - - [10/Aug/2015:21:16:35 +0200] "GET http://zc.qq.com/cgi-bin/common/attr?id=260714&r=0.3539669549910720 HTTP/1.1" 404 729 "-" "Mozilla/5.0 (compatible; MSIE 9.0; Windows NT 6.1; Trident/5.0; 360SE)"
115.239.228.8 - - [10/Aug/2015:21:19:55 +0200] "GET http://zc.qq.com/cgi-bin/common/attr?id=260714&r=0.1964343659095364 HTTP/1.1" 404 729 "-" "Mozilla/5.0 (compatible; MSIE 9.0; Windows NT 6.1; Trident/5.0; 360SE)"
115.231.222.40 - - [10/Aug/2015:23:56:13 +0200] "GET http://zc.qq.com/cgi-bin/common/attr?id=260714&r=0.6480906913567598 HTTP/1.1" 404 729 "-" "Mozilla/5.0 (compatible; MSIE 9.0; Windows NT 6.1; Trident/5.0; 360SE)"
60.214.139.90 - "" [11/Aug/2015:03:42:35 +0200] "GET /manager/html HTTP/1.1" 404 674 "-" "Mozilla/5.0 (compatible; MSIE 10.0; Windows NT 6.2; WOW64; Trident/6.0)"
115.239.228.8 - - [11/Aug/2015:04:11:11 +0200] "GET http://zc.qq.com/cgi-bin/common/attr?id=260714&r=0.9876888720341738 HTTP/1.1" 404 729 "-" "Mozilla/5.0 (compatible; MSIE 9.0; Windows NT 6.1; Trident/5.0; 360SE)"
115.231.222.40 - - [11/Aug/2015:05:03:14 +0200] "GET http://zc.qq.com/cgi-bin/common/attr?id=260714&r=0.0156776920485878 HTTP/1.1" 404 729 "-" "Mozilla/5.0 (compatible; MSIE 9.0; Windows NT 6.1; Trident/5.0; 360SE)"
::1 - - [11/Aug/2015:09:40:53 +0200] "OPTIONS * HTTP/1.0" 200 112 "-" "Apache/2.4.7 (Ubuntu) PHP/5.5.9-1ubuntu4.9 (internal dummy connection)"
::1 - - [11/Aug/2015:09:40:53 +0200] "OPTIONS * HTTP/1.0" 200 112 "-" "Apache/2.4.7 (Ubuntu) PHP/5.5.9-1ubuntu4.9 (internal dummy connection)"
::1 - - [11/Aug/2015:09:40:53 +0200] "OPTIONS * HTTP/1.0" 200 112 "-" "Apache/2.4.7 (Ubuntu) PHP/5.5.9-1ubuntu4.9 (internal dummy connection)"
::1 - - [11/Aug/2015:09:40:53 +0200] "OPTIONS * HTTP/1.0" 200 112 "-" "Apache/2.4.7 (Ubuntu) PHP/5.5.9-1ubuntu4.9 (internal dummy connection)"
::1 - - [11/Aug/2015:09:40:53 +0200] "OPTIONS * HTTP/1.0" 200 112 "-" "Apache/2.4.7 (Ubuntu) PHP/5.5.9-1ubuntu4.9 (internal dummy connection)"
::1 - - [11/Aug/2015:09:40:53 +0200] "OPTIONS * HTTP/1.0" 200 112 "-" "Apache/2.4.7 (Ubuntu) PHP/5.5.9-1ubuntu4.9 (internal dummy connection)"
::1 - - [11/Aug/2015:09:40:53 +0200] "OPTIONS * HTTP/1.0" 200 112 "-" "Apache/2.4.7 (Ubuntu) PHP/5.5.9-1ubuntu4.9 (internal dummy connection)"
::1 - - [11/Aug/2015:09:40:53 +0200] "OPTIONS * HTTP/1.0" 200 112 "-" "Apache/2.4.7 (Ubuntu) PHP/5.5.9-1ubuntu4.9 (internal dummy connection)"
::1 - - [11/Aug/2015:09:40:53 +0200] "OPTIONS * HTTP/1.0" 200 112 "-" "Apache/2.4.7 (Ubuntu) PHP/5.5.9-1ubuntu4.9 (internal dummy connection)"
115.231.222.40 - - [11/Aug/2015:10:15:41 +0200] "GET http://zc.qq.com/cgi-bin/common/attr?id=260714&r=0.5057165993011102 HTTP/1.1" 404 729 "-" "Mozilla/5.0 (compatible; MSIE 9.0; Windows NT 6.1; Trident/5.0; 360SE)"
115.239.228.8 - - [11/Aug/2015:10:59:58 +0200] "GET http://zc.qq.com/cgi-bin/common/attr?id=260714&r=0.2111592512376921 HTTP/1.1" 404 729 "-" "Mozilla/5.0 (compatible; MSIE 9.0; Windows NT 6.1; Trident/5.0; 360SE)"
146.185.239.100 - - [11/Aug/2015:11:16:08 +0200] "GET http://24x7-allrequestsallowed.com/?PHPSESSID=a45ad32b08015XWMVVHFN%5CGX HTTP/1.1" 404 674 "-" "-"
195.235.176.225 - - [11/Aug/2015:12:20:19 +0200] "GET /boda/invitacion/10072015 HTTP/1.1" 200 1830 "-" "Mozilla/5.0 (Windows NT 6.1; WOW64; rv:39.0) Gecko/20100101 Firefox/39.0"
195.235.176.225 - - [11/Aug/2015:12:20:19 +0200] "GET /bundles/app/css/app.css HTTP/1.1" 200 736 "http://cloud2k.sytes.net:8080/boda/invitacion/10072015" "Mozilla/5.0 (Windows NT 6.1; WOW64; rv:39.0) Gecko/20100101 Firefox/39.0"
195.235.176.225 - - [11/Aug/2015:12:20:19 +0200] "GET /images/c8a5894.png HTTP/1.1" 200 97283 "http://cloud2k.sytes.net:8080/boda/invitacion/10072015" "Mozilla/5.0 (Windows NT 6.1; WOW64; rv:39.0) Gecko/20100101 Firefox/39.0"
195.235.176.225 - - [11/Aug/2015:12:20:19 +0200] "GET /images/805a8d0.jpg HTTP/1.1" 200 595444 "http://cloud2k.sytes.net:8080/boda/invitacion/10072015" "Mozilla/5.0 (Windows NT 6.1; WOW64; rv:39.0) Gecko/20100101 Firefox/39.0"
195.235.176.225 - - [11/Aug/2015:12:44:16 +0200] "GET /backdoor HTTP/1.1" 302 788 "-" "Mozilla/5.0 (Windows NT 6.1; WOW64; rv:39.0) Gecko/20100101 Firefox/39.0"
195.235.176.225 - - [11/Aug/2015:12:44:16 +0200] "GET /backdoor/login HTTP/1.1" 200 1039 "-" "Mozilla/5.0 (Windows NT 6.1; WOW64; rv:39.0) Gecko/20100101 Firefox/39.0"
195.235.176.225 - - [11/Aug/2015:12:44:16 +0200] "GET /faviicon.ico HTTP/1.1" 200 7253 "-" "Mozilla/5.0 (Windows NT 6.1; WOW64; rv:39.0) Gecko/20100101 Firefox/39.0"
195.235.176.225 - - [11/Aug/2015:12:44:18 +0200] "GET /bundles/app/css/app.css HTTP/1.1" 200 736 "http://cloud2k.sytes.net:8080/backdoor/login" "Mozilla/5.0 (Windows NT 6.1; WOW64; rv:39.0) Gecko/20100101 Firefox/39.0"
195.235.176.225 - - [11/Aug/2015:12:45:31 +0200] "GET /boda/invitacion/10072015 HTTP/1.1" 200 1830 "-" "Mozilla/5.0 (Windows NT 6.1; WOW64; rv:39.0) Gecko/20100101 Firefox/39.0"
195.235.176.225 - - [11/Aug/2015:12:45:31 +0200] "GET /images/c8a5894.png HTTP/1.1" 200 97283 "http://cloud2k.sytes.net:8080/boda/invitacion/10072015" "Mozilla/5.0 (Windows NT 6.1; WOW64; rv:39.0) Gecko/20100101 Firefox/39.0"
195.235.176.225 - - [11/Aug/2015:12:45:31 +0200] "GET /images/805a8d0.jpg HTTP/1.1" 200 595444 "http://cloud2k.sytes.net:8080/boda/invitacion/10072015" "Mozilla/5.0 (Windows NT 6.1; WOW64; rv:39.0) Gecko/20100101 Firefox/39.0"
195.235.176.225 - - [11/Aug/2015:12:45:49 +0200] "GET /boda/invitacion/ HTTP/1.1" 404 729 "-" "Mozilla/5.0 (Windows NT 6.1; WOW64; rv:39.0) Gecko/20100101 Firefox/39.0"
195.235.176.225 - - [11/Aug/2015:12:45:49 +0200] "GET /favicon.ico HTTP/1.1" 200 6805 "-" "Mozilla/5.0 (Windows NT 6.1; WOW64; rv:39.0) Gecko/20100101 Firefox/39.0"
195.235.176.225 - - [11/Aug/2015:12:45:52 +0200] "GET /boda/invitacion HTTP/1.1" 200 1509 "-" "Mozilla/5.0 (Windows NT 6.1; WOW64; rv:39.0) Gecko/20100101 Firefox/39.0"
195.235.176.225 - - [11/Aug/2015:12:45:53 +0200] "GET /images/17a2a1d.png HTTP/1.1" 200 19915 "http://cloud2k.sytes.net:8080/boda/invitacion" "Mozilla/5.0 (Windows NT 6.1; WOW64; rv:39.0) Gecko/20100101 Firefox/39.0"
195.235.176.225 - - [11/Aug/2015:12:45:53 +0200] "GET /images/5c4b9cc.png HTTP/1.1" 200 27679 "http://cloud2k.sytes.net:8080/boda/invitacion" "Mozilla/5.0 (Windows NT 6.1; WOW64; rv:39.0) Gecko/20100101 Firefox/39.0"
195.235.176.225 - - [11/Aug/2015:12:45:53 +0200] "GET /images/c8a5894.png HTTP/1.1" 304 262 "http://cloud2k.sytes.net:8080/boda/invitacion" "Mozilla/5.0 (Windows NT 6.1; WOW64; rv:39.0) Gecko/20100101 Firefox/39.0"
195.235.176.225 - - [11/Aug/2015:12:45:53 +0200] "GET /images/13a2bd9.png HTTP/1.1" 200 48327 "http://cloud2k.sytes.net:8080/boda/invitacion" "Mozilla/5.0 (Windows NT 6.1; WOW64; rv:39.0) Gecko/20100101 Firefox/39.0"
195.235.176.225 - - [11/Aug/2015:12:50:20 +0200] "GET /lucia/2015 HTTP/1.1" 404 729 "-" "Mozilla/5.0 (Windows NT 6.1; WOW64; rv:39.0) Gecko/20100101 Firefox/39.0"
195.235.176.225 - - [11/Aug/2015:12:50:33 +0200] "GET /comunion/lucia/2015 HTTP/1.1" 200 1407 "-" "Mozilla/5.0 (Windows NT 6.1; WOW64; rv:39.0) Gecko/20100101 Firefox/39.0"
195.235.176.225 - - [11/Aug/2015:12:55:30 +0200] "GET /backdoor HTTP/1.1" 302 730 "-" "Mozilla/5.0 (Windows NT 6.1; WOW64; rv:39.0) Gecko/20100101 Firefox/39.0"
195.235.176.225 - - [11/Aug/2015:12:55:36 +0200] "GET /backdoor/login HTTP/1.1" 200 1039 "-" "Mozilla/5.0 (Windows NT 6.1; WOW64; rv:39.0) Gecko/20100101 Firefox/39.0"
195.235.176.225 - - [11/Aug/2015:12:55:40 +0200] "GET /backdoor HTTP/1.1" 302 730 "-" "Mozilla/5.0 (Windows NT 6.1; WOW64; rv:39.0) Gecko/20100101 Firefox/39.0"
195.235.176.225 - - [11/Aug/2015:12:55:40 +0200] "GET /backdoor/login HTTP/1.1" 200 1039 "-" "Mozilla/5.0 (Windows NT 6.1; WOW64; rv:39.0) Gecko/20100101 Firefox/39.0"
195.235.176.225 - - [11/Aug/2015:13:03:57 +0200] "GET /backdoor HTTP/1.1" 302 788 "-" "Mozilla/5.0 (Windows NT 6.1; WOW64; rv:39.0) Gecko/20100101 Firefox/39.0"
195.235.176.225 - - [11/Aug/2015:13:03:57 +0200] "GET /backdoor/login HTTP/1.1" 200 1097 "-" "Mozilla/5.0 (Windows NT 6.1; WOW64; rv:39.0) Gecko/20100101 Firefox/39.0"
195.235.176.225 - - [11/Aug/2015:13:03:57 +0200] "GET /bundles/app/css/app.css HTTP/1.1" 200 736 "http://cloud2k.sytes.net:8080/backdoor/login" "Mozilla/5.0 (Windows NT 6.1; WOW64; rv:39.0) Gecko/20100101 Firefox/39.0"
195.235.176.225 - - [11/Aug/2015:13:08:14 +0200] "GET /comunion/lucia/2015 HTTP/1.1" 200 1413 "-" "Mozilla/5.0 (Windows NT 6.1; WOW64; rv:39.0) Gecko/20100101 Firefox/39.0"
195.235.176.225 - - [11/Aug/2015:13:08:38 +0200] "GET /comunion/lucia/2015 HTTP/1.1" 200 1413 "-" "Mozilla/5.0 (Windows NT 6.1; WOW64; rv:39.0) Gecko/20100101 Firefox/39.0"
195.235.176.225 - - [11/Aug/2015:13:10:05 +0200] "GET /comunion/lucia/2015 HTTP/1.1" 200 1420 "-" "Mozilla/5.0 (Windows NT 6.1; WOW64; rv:39.0) Gecko/20100101 Firefox/39.0"
195.235.176.225 - - [11/Aug/2015:13:10:09 +0200] "GET /bundles/app/css/app.css HTTP/1.1" 200 736 "http://cloud2k.sytes.net:8080/comunion/lucia/2015" "Mozilla/5.0 (Windows NT 6.1; WOW64; rv:39.0) Gecko/20100101 Firefox/39.0"
195.235.176.225 - - [11/Aug/2015:13:10:58 +0200] "GET /comunion/lucia/2015 HTTP/1.1" 200 1421 "-" "Mozilla/5.0 (Windows NT 6.1; WOW64; rv:39.0) Gecko/20100101 Firefox/39.0"
195.235.176.225 - - [11/Aug/2015:13:10:59 +0200] "GET /bundles/app/css/app.css HTTP/1.1" 200 736 "http://cloud2k.sytes.net:8080/comunion/lucia/2015" "Mozilla/5.0 (Windows NT 6.1; WOW64; rv:39.0) Gecko/20100101 Firefox/39.0"
195.235.176.225 - - [11/Aug/2015:13:12:24 +0200] "GET /comunion/descarga/lucia/original HTTP/1.1" 500 729 "http://cloud2k.sytes.net:8080/comunion/lucia/2015" "Mozilla/5.0 (Windows NT 6.1; WOW64; rv:39.0) Gecko/20100101 Firefox/39.0"
115.239.228.8 - - [11/Aug/2015:13:17:41 +0200] "GET http://zc.qq.com/cgi-bin/common/attr?id=260714&r=0.8627667334467413 HTTP/1.1" 404 729 "-" "Mozilla/5.0 (compatible; MSIE 9.0; Windows NT 6.1; Trident/5.0; 360SE)"
195.235.176.225 - - [11/Aug/2015:13:29:11 +0200] "GET /comunion/lucia/2015 HTTP/1.1" 200 1421 "-" "Mozilla/5.0 (Windows NT 6.1; WOW64; rv:39.0) Gecko/20100101 Firefox/39.0"
195.235.176.225 - - [11/Aug/2015:13:30:12 +0200] "GET /app_dev.php/comunion/lucia/2015 HTTP/1.1" 200 4416 "-" "Mozilla/5.0 (Windows NT 6.1; WOW64; rv:39.0) Gecko/20100101 Firefox/39.0"
195.235.176.225 - - [11/Aug/2015:13:30:18 +0200] "GET /app_dev.php/_wdt/437f46 HTTP/1.1" 200 12572 "http://cloud2k.sytes.net:8080/app_dev.php/comunion/lucia/2015" "Mozilla/5.0 (Windows NT 6.1; WOW64; rv:39.0) Gecko/20100101 Firefox/39.0"
195.235.176.225 - - [11/Aug/2015:13:31:56 +0200] "GET /app_dev.php/_profiler/437f46?panel=time HTTP/1.1" 200 46221 "http://cloud2k.sytes.net:8080/app_dev.php/comunion/lucia/2015" "Mozilla/5.0 (Windows NT 6.1; WOW64; rv:39.0) Gecko/20100101 Firefox/39.0"
195.235.176.225 - - [11/Aug/2015:13:32:40 +0200] "GET /app_dev.php/_profiler/437f46?panel=request HTTP/1.1" 200 43243 "http://cloud2k.sytes.net:8080/app_dev.php/_profiler/437f46?panel=time" "Mozilla/5.0 (Windows NT 6.1; WOW64; rv:39.0) Gecko/20100101 Firefox/39.0"
195.235.176.225 - - [11/Aug/2015:13:34:37 +0200] "GET /app_dev.php/_profiler/437f46?panel=time HTTP/1.1" 200 46221 "http://cloud2k.sytes.net:8080/app_dev.php/_profiler/437f46?panel=request" "Mozilla/5.0 (Windows NT 6.1; WOW64; rv:39.0) Gecko/20100101 Firefox/39.0"
195.235.176.225 - - [11/Aug/2015:13:35:33 +0200] "GET /app_dev.php/comunion/lucia/2015 HTTP/1.1" 200 4416 "http://cloud2k.sytes.net:8080/app_dev.php/_profiler/437f46?panel=time" "Mozilla/5.0 (Windows NT 6.1; WOW64; rv:39.0) Gecko/20100101 Firefox/39.0"
195.235.176.225 - - [11/Aug/2015:13:35:33 +0200] "GET /app_dev.php/_wdt/bb9259 HTTP/1.1" 200 12569 "http://cloud2k.sytes.net:8080/app_dev.php/comunion/lucia/2015" "Mozilla/5.0 (Windows NT 6.1; WOW64; rv:39.0) Gecko/20100101 Firefox/39.0"
195.235.176.225 - - [11/Aug/2015:13:35:39 +0200] "GET /app_dev.php/_profiler/bb9259?panel=time HTTP/1.1" 200 46203 "http://cloud2k.sytes.net:8080/app_dev.php/comunion/lucia/2015" "Mozilla/5.0 (Windows NT 6.1; WOW64; rv:39.0) Gecko/20100101 Firefox/39.0"
195.235.176.225 - - [11/Aug/2015:13:35:52 +0200] "GET /app_dev.php/comunion/lucia/2015 HTTP/1.1" 200 4416 "http://cloud2k.sytes.net:8080/app_dev.php/_profiler/bb9259?panel=time" "Mozilla/5.0 (Windows NT 6.1; WOW64; rv:39.0) Gecko/20100101 Firefox/39.0"
195.235.176.225 - - [11/Aug/2015:13:35:53 +0200] "GET /app_dev.php/_wdt/ce2315 HTTP/1.1" 200 12569 "http://cloud2k.sytes.net:8080/app_dev.php/comunion/lucia/2015" "Mozilla/5.0 (Windows NT 6.1; WOW64; rv:39.0) Gecko/20100101 Firefox/39.0"
195.235.176.225 - - [11/Aug/2015:14:13:00 +0200] "GET /bundles/framework/css/structure.css HTTP/1.1" 200 914 "http://cloud2k.sytes.net:8080/app_dev.php/comunion/descarga/lucia/original" "Mozilla/5.0 (Windows NT 6.1; WOW64; rv:39.0) Gecko/20100101 Firefox/39.0"
195.235.176.225 - - [11/Aug/2015:14:13:00 +0200] "GET /bundles/framework/css/exception.css HTTP/1.1" 200 1104 "http://cloud2k.sytes.net:8080/app_dev.php/comunion/descarga/lucia/original" "Mozilla/5.0 (Windows NT 6.1; WOW64; rv:39.0) Gecko/20100101 Firefox/39.0"
195.235.176.225 - - [11/Aug/2015:14:13:00 +0200] "GET /bundles/framework/css/body.css HTTP/1.1" 200 3126 "http://cloud2k.sytes.net:8080/app_dev.php/comunion/descarga/lucia/original" "Mozilla/5.0 (Windows NT 6.1; WOW64; rv:39.0) Gecko/20100101 Firefox/39.0"
195.235.176.225 - - [11/Aug/2015:14:12:59 +0200] "GET /app_dev.php/comunion/descarga/lucia/original HTTP/1.1" 500 66763 "http://cloud2k.sytes.net:8080/app_dev.php/comunion/lucia/2015" "Mozilla/5.0 (Windows NT 6.1; WOW64; rv:39.0) Gecko/20100101 Firefox/39.0"
195.235.176.225 - - [11/Aug/2015:14:13:01 +0200] "GET /app_dev.php/_wdt/09c4b6 HTTP/1.1" 200 12914 "http://cloud2k.sytes.net:8080/app_dev.php/comunion/descarga/lucia/original" "Mozilla/5.0 (Windows NT 6.1; WOW64; rv:39.0) Gecko/20100101 Firefox/39.0"
195.235.176.225 - - [11/Aug/2015:14:14:05 +0200] "GET /bundles/framework/css/exception.css HTTP/1.1" 200 1104 "http://cloud2k.sytes.net:8080/app_dev.php/comunion/descarga/lucia/original" "Mozilla/5.0 (Windows NT 6.1; WOW64; rv:39.0) Gecko/20100101 Firefox/39.0"
195.235.176.225 - - [11/Aug/2015:14:14:05 +0200] "GET /bundles/framework/css/structure.css HTTP/1.1" 200 914 "http://cloud2k.sytes.net:8080/app_dev.php/comunion/descarga/lucia/original" "Mozilla/5.0 (Windows NT 6.1; WOW64; rv:39.0) Gecko/20100101 Firefox/39.0"
195.235.176.225 - - [11/Aug/2015:14:14:05 +0200] "GET /bundles/framework/css/body.css HTTP/1.1" 200 3126 "http://cloud2k.sytes.net:8080/app_dev.php/comunion/descarga/lucia/original" "Mozilla/5.0 (Windows NT 6.1; WOW64; rv:39.0) Gecko/20100101 Firefox/39.0"
195.235.176.225 - - [11/Aug/2015:14:14:04 +0200] "GET /app_dev.php/comunion/descarga/lucia/original HTTP/1.1" 500 66763 "http://cloud2k.sytes.net:8080/app_dev.php/comunion/lucia/2015" "Mozilla/5.0 (Windows NT 6.1; WOW64; rv:39.0) Gecko/20100101 Firefox/39.0"
195.235.176.225 - - [11/Aug/2015:14:14:05 +0200] "GET /app_dev.php/_wdt/ffaf08 HTTP/1.1" 200 12913 "http://cloud2k.sytes.net:8080/app_dev.php/comunion/descarga/lucia/original" "Mozilla/5.0 (Windows NT 6.1; WOW64; rv:39.0) Gecko/20100101 Firefox/39.0"
195.235.176.225 - - [11/Aug/2015:14:15:00 +0200] "GET /bundles/framework/css/structure.css HTTP/1.1" 200 914 "http://cloud2k.sytes.net:8080/app_dev.php/comunion/descarga/lucia/original" "Mozilla/5.0 (Windows NT 6.1; WOW64; rv:39.0) Gecko/20100101 Firefox/39.0"
195.235.176.225 - - [11/Aug/2015:14:15:00 +0200] "GET /app_dev.php/comunion/descarga/lucia/original HTTP/1.1" 500 66763 "http://cloud2k.sytes.net:8080/app_dev.php/comunion/lucia/2015" "Mozilla/5.0 (Windows NT 6.1; WOW64; rv:39.0) Gecko/20100101 Firefox/39.0"
195.235.176.225 - - [11/Aug/2015:14:15:00 +0200] "GET /bundles/framework/css/body.css HTTP/1.1" 200 3126 "http://cloud2k.sytes.net:8080/app_dev.php/comunion/descarga/lucia/original" "Mozilla/5.0 (Windows NT 6.1; WOW64; rv:39.0) Gecko/20100101 Firefox/39.0"
195.235.176.225 - - [11/Aug/2015:14:15:01 +0200] "GET /bundles/framework/css/exception.css HTTP/1.1" 200 1104 "http://cloud2k.sytes.net:8080/app_dev.php/comunion/descarga/lucia/original" "Mozilla/5.0 (Windows NT 6.1; WOW64; rv:39.0) Gecko/20100101 Firefox/39.0"
195.235.176.225 - - [11/Aug/2015:14:15:01 +0200] "GET /app_dev.php/_wdt/c4fa10 HTTP/1.1" 200 12913 "http://cloud2k.sytes.net:8080/app_dev.php/comunion/descarga/lucia/original" "Mozilla/5.0 (Windows NT 6.1; WOW64; rv:39.0) Gecko/20100101 Firefox/39.0"
195.235.176.225 - - [11/Aug/2015:14:37:44 +0200] "GET /bundles/framework/css/structure.css HTTP/1.1" 200 914 "http://cloud2k.sytes.net:8080/app_dev.php/comunion/descarga/lucia/original" "Mozilla/5.0 (Windows NT 6.1; WOW64; rv:39.0) Gecko/20100101 Firefox/39.0"
195.235.176.225 - - [11/Aug/2015:14:37:44 +0200] "GET /app_dev.php/comunion/descarga/lucia/original HTTP/1.1" 500 67390 "http://cloud2k.sytes.net:8080/app_dev.php/comunion/lucia/2015" "Mozilla/5.0 (Windows NT 6.1; WOW64; rv:39.0) Gecko/20100101 Firefox/39.0"
195.235.176.225 - - [11/Aug/2015:14:37:44 +0200] "GET /bundles/framework/css/body.css HTTP/1.1" 200 3126 "http://cloud2k.sytes.net:8080/app_dev.php/comunion/descarga/lucia/original" "Mozilla/5.0 (Windows NT 6.1; WOW64; rv:39.0) Gecko/20100101 Firefox/39.0"
195.235.176.225 - - [11/Aug/2015:14:37:45 +0200] "GET /bundles/framework/css/exception.css HTTP/1.1" 200 1104 "http://cloud2k.sytes.net:8080/app_dev.php/comunion/descarga/lucia/original" "Mozilla/5.0 (Windows NT 6.1; WOW64; rv:39.0) Gecko/20100101 Firefox/39.0"
195.235.176.225 - - [11/Aug/2015:14:37:45 +0200] "GET /app_dev.php/_wdt/51a219 HTTP/1.1" 200 12913 "http://cloud2k.sytes.net:8080/app_dev.php/comunion/descarga/lucia/original" "Mozilla/5.0 (Windows NT 6.1; WOW64; rv:39.0) Gecko/20100101 Firefox/39.0"
195.235.176.225 - - [11/Aug/2015:14:37:50 +0200] "GET /app_dev.php/comunion/descarga/lucia/original HTTP/1.1" 500 67390 "http://cloud2k.sytes.net:8080/app_dev.php/comunion/lucia/2015" "Mozilla/5.0 (Windows NT 6.1; WOW64; rv:39.0) Gecko/20100101 Firefox/39.0"
195.235.176.225 - - [11/Aug/2015:14:37:51 +0200] "GET /app_dev.php/_wdt/9e707e HTTP/1.1" 200 12912 "http://cloud2k.sytes.net:8080/app_dev.php/comunion/descarga/lucia/original" "Mozilla/5.0 (Windows NT 6.1; WOW64; rv:39.0) Gecko/20100101 Firefox/39.0"
195.235.176.225 - - [11/Aug/2015:14:48:15 +0200] "GET /app_dev.php/comunion/descarga/lucia/original HTTP/1.1" 404 16298 "http://cloud2k.sytes.net:8080/app_dev.php/comunion/lucia/2015" "Mozilla/5.0 (Windows NT 6.1; WOW64; rv:39.0) Gecko/20100101 Firefox/39.0"
195.235.176.225 - - [11/Aug/2015:14:48:18 +0200] "GET /app_dev.php/_wdt/abbf0e HTTP/1.1" 200 12602 "http://cloud2k.sytes.net:8080/app_dev.php/comunion/descarga/lucia/original" "Mozilla/5.0 (Windows NT 6.1; WOW64; rv:39.0) Gecko/20100101 Firefox/39.0"
195.235.176.225 - - [11/Aug/2015:14:48:57 +0200] "GET /app_dev.php/comunion/descarga/lucia/original HTTP/1.1" 404 14581 "http://cloud2k.sytes.net:8080/app_dev.php/comunion/lucia/2015" "Mozilla/5.0 (Windows NT 6.1; WOW64; rv:39.0) Gecko/20100101 Firefox/39.0"
195.235.176.225 - - [11/Aug/2015:14:48:58 +0200] "GET /app_dev.php/_wdt/3e90e7 HTTP/1.1" 200 12601 "http://cloud2k.sytes.net:8080/app_dev.php/comunion/descarga/lucia/original" "Mozilla/5.0 (Windows NT 6.1; WOW64; rv:39.0) Gecko/20100101 Firefox/39.0"
195.235.176.225 - - [11/Aug/2015:14:53:27 +0200] "GET /app_dev.php/comunion/descarga/lucia/original HTTP/1.1" 404 14581 "http://cloud2k.sytes.net:8080/app_dev.php/comunion/lucia/2015" "Mozilla/5.0 (Windows NT 6.1; WOW64; rv:39.0) Gecko/20100101 Firefox/39.0"
195.235.176.225 - - [11/Aug/2015:14:53:27 +0200] "GET /app_dev.php/_wdt/380125 HTTP/1.1" 200 12600 "http://cloud2k.sytes.net:8080/app_dev.php/comunion/descarga/lucia/original" "Mozilla/5.0 (Windows NT 6.1; WOW64; rv:39.0) Gecko/20100101 Firefox/39.0"
115.239.228.8 - - [11/Aug/2015:15:34:39 +0200] "GET http://zc.qq.com/cgi-bin/common/attr?id=260714&r=0.5746705200397558 HTTP/1.1" 404 729 "-" "Mozilla/5.0 (compatible; MSIE 9.0; Windows NT 6.1; Trident/5.0; 360SE)"
115.231.222.40 - - [11/Aug/2015:15:40:55 +0200] "GET http://zc.qq.com/cgi-bin/common/attr?id=260714&r=0.1827457746264868 HTTP/1.1" 404 729 "-" "Mozilla/5.0 (compatible; MSIE 9.0; Windows NT 6.1; Trident/5.0; 360SE)"
115.239.228.8 - - [11/Aug/2015:17:54:25 +0200] "GET http://zc.qq.com/cgi-bin/common/attr?id=260714&r=0.2451792138659936 HTTP/1.1" 404 729 "-" "Mozilla/5.0 (compatible; MSIE 9.0; Windows NT 6.1; Trident/5.0; 360SE)"
115.231.222.40 - - [11/Aug/2015:17:54:26 +0200] "GET http://zc.qq.com/cgi-bin/common/attr?id=260714&r=0.7184071790332249 HTTP/1.1" 404 729 "-" "Mozilla/5.0 (compatible; MSIE 9.0; Windows NT 6.1; Trident/5.0; 360SE)"
115.231.222.40 - - [11/Aug/2015:20:12:38 +0200] "GET http://zc.qq.com/cgi-bin/common/attr?id=260714&r=0.9855136688878113 HTTP/1.1" 404 729 "-" "Mozilla/5.0 (compatible; MSIE 9.0; Windows NT 6.1; Trident/5.0; 360SE)"
