90.170.201.14 - - [08/Sep/2015:20:57:45 +0200] "GET /images/4ab648f.png HTTP/1.1" 304 262 "http://cloud2k.sytes.net:8080/bego/beneitez/prieto" "Mozilla/5.0 (Linux; Android 5.1.1; D6603 Build/23.4.A.0.546) AppleWebKit/537.36 (KHTML, like Gecko) Chrome/44.0.2403.133 Mobile Safari/537.36"
90.170.201.14 - - [08/Sep/2015:20:57:45 +0200] "GET /favicon.ico HTTP/1.1" 200 6805 "http://cloud2k.sytes.net:8080/bego/beneitez/prieto" "Mozilla/5.0 (Linux; Android 5.1.1; D6603 Build/23.4.A.0.546) AppleWebKit/537.36 (KHTML, like Gecko) Chrome/44.0.2403.133 Mobile Safari/537.36"
176.83.184.241 - - [08/Sep/2015:21:20:01 +0200] "GET /yaiza/prieto HTTP/1.1" 200 12852 "-" "Mozilla/5.0 (Linux; Android 4.4.4; Y635-L01 Build/HuaweiY635-L01) AppleWebKit/537.36 (KHTML, like Gecko) Chrome/45.0.2454.84 Mobile Safari/537.36"
176.83.184.241 - - [08/Sep/2015:21:20:03 +0200] "GET /images/5ff072c.png HTTP/1.1" 200 12018 "http://cloud2k.sytes.net:8080/yaiza/prieto" "Mozilla/5.0 (Linux; Android 4.4.4; Y635-L01 Build/HuaweiY635-L01) AppleWebKit/537.36 (KHTML, like Gecko) Chrome/45.0.2454.84 Mobile Safari/537.36"
176.83.184.241 - - [08/Sep/2015:21:20:03 +0200] "GET /favicon.ico HTTP/1.1" 200 6805 "http://cloud2k.sytes.net:8080/yaiza/prieto" "Mozilla/5.0 (Linux; Android 4.4.4; Y635-L01 Build/HuaweiY635-L01) AppleWebKit/537.36 (KHTML, like Gecko) Chrome/45.0.2454.84 Mobile Safari/537.36"
85.53.175.84 - - [08/Sep/2015:23:07:37 +0200] "GET / HTTP/1.1" 404 729 "-" "Mozilla/5.0 (Macintosh; Intel Mac OS X 10_10_4) AppleWebKit/600.7.12 (KHTML, like Gecko) Version/8.0.7 Safari/600.7.12"
85.53.175.84 - - [08/Sep/2015:23:07:39 +0200] "GET /bego/beneitez/prieto HTTP/1.1" 200 12652 "-" "Mozilla/5.0 (Macintosh; Intel Mac OS X 10_10_4) AppleWebKit/600.7.12 (KHTML, like Gecko) Version/8.0.7 Safari/600.7.12"
85.53.175.84 - - [08/Sep/2015:23:07:39 +0200] "GET /images/4ab648f.png HTTP/1.1" 200 19611 "http://cloud2k.sytes.net:8080/bego/beneitez/prieto" "Mozilla/5.0 (Macintosh; Intel Mac OS X 10_10_4) AppleWebKit/600.7.12 (KHTML, like Gecko) Version/8.0.7 Safari/600.7.12"
85.53.175.84 - - [08/Sep/2015:23:15:18 +0200] "GET /bego/beneitez/prieto HTTP/1.1" 200 12665 "-" "Mozilla/5.0 (Macintosh; Intel Mac OS X 10_10_4) AppleWebKit/600.7.12 (KHTML, like Gecko) Version/8.0.7 Safari/600.7.12"
85.53.175.84 - - [08/Sep/2015:23:15:20 +0200] "GET /images/4ab648f.png HTTP/1.1" 304 262 "http://cloud2k.sytes.net:8080/bego/beneitez/prieto" "Mozilla/5.0 (Macintosh; Intel Mac OS X 10_10_4) AppleWebKit/600.7.12 (KHTML, like Gecko) Version/8.0.7 Safari/600.7.12"
85.53.175.84 - - [08/Sep/2015:23:16:38 +0200] "GET /bego/beneitez/prieto HTTP/1.1" 200 12657 "-" "Mozilla/5.0 (Macintosh; Intel Mac OS X 10_10_4) AppleWebKit/600.7.12 (KHTML, like Gecko) Version/8.0.7 Safari/600.7.12"
85.53.175.84 - - [08/Sep/2015:23:16:39 +0200] "GET /images/4ab648f.png HTTP/1.1" 304 262 "http://cloud2k.sytes.net:8080/bego/beneitez/prieto" "Mozilla/5.0 (Macintosh; Intel Mac OS X 10_10_4) AppleWebKit/600.7.12 (KHTML, like Gecko) Version/8.0.7 Safari/600.7.12"
85.53.175.84 - - [08/Sep/2015:23:17:25 +0200] "GET /bego/beneitez/prieto HTTP/1.1" 200 12659 "-" "Mozilla/5.0 (Macintosh; Intel Mac OS X 10_10_4) AppleWebKit/600.7.12 (KHTML, like Gecko) Version/8.0.7 Safari/600.7.12"
85.53.175.84 - - [08/Sep/2015:23:17:26 +0200] "GET /images/4ab648f.png HTTP/1.1" 304 262 "http://cloud2k.sytes.net:8080/bego/beneitez/prieto" "Mozilla/5.0 (Macintosh; Intel Mac OS X 10_10_4) AppleWebKit/600.7.12 (KHTML, like Gecko) Version/8.0.7 Safari/600.7.12"
85.53.175.84 - - [08/Sep/2015:23:19:45 +0200] "GET /bego/beneitez/prieto HTTP/1.1" 200 12659 "-" "Mozilla/5.0 (iPhone; CPU iPhone OS 7_1_2 like Mac OS X) AppleWebKit/537.51.2 (KHTML, like Gecko) Version/7.0 Mobile/11D257 Safari/9537.53"
85.53.175.84 - - [08/Sep/2015:23:19:46 +0200] "GET /images/4ab648f.png HTTP/1.1" 200 19611 "http://cloud2k.sytes.net:8080/bego/beneitez/prieto" "Mozilla/5.0 (iPhone; CPU iPhone OS 7_1_2 like Mac OS X) AppleWebKit/537.51.2 (KHTML, like Gecko) Version/7.0 Mobile/11D257 Safari/9537.53"
85.53.175.84 - - [08/Sep/2015:23:21:15 +0200] "GET /bego/beneitez/prieto/PDF HTTP/1.1" 200 324349 "http://cloud2k.sytes.net:8080/bego/beneitez/prieto" "Mozilla/5.0 (Macintosh; Intel Mac OS X 10_10_4) AppleWebKit/600.7.12 (KHTML, like Gecko) Version/8.0.7 Safari/600.7.12"
85.53.175.84 - - [08/Sep/2015:23:22:31 +0200] "GET /bego/beneitez/prieto HTTP/1.1" 200 12659 "-" "Mozilla/5.0 (Macintosh; Intel Mac OS X 10_10_4) AppleWebKit/600.7.12 (KHTML, like Gecko) Version/8.0.7 Safari/600.7.12"
85.53.175.84 - - [08/Sep/2015:23:22:32 +0200] "GET /images/4ab648f.png HTTP/1.1" 304 262 "http://cloud2k.sytes.net:8080/bego/beneitez/prieto" "Mozilla/5.0 (Macintosh; Intel Mac OS X 10_10_4) AppleWebKit/600.7.12 (KHTML, like Gecko) Version/8.0.7 Safari/600.7.12"
85.53.175.84 - - [08/Sep/2015:23:22:38 +0200] "GET /bego/beneitez/prieto/PDF HTTP/1.1" 200 324349 "http://cloud2k.sytes.net:8080/bego/beneitez/prieto" "Mozilla/5.0 (Macintosh; Intel Mac OS X 10_10_4) AppleWebKit/600.7.12 (KHTML, like Gecko) Version/8.0.7 Safari/600.7.12"
85.53.175.84 - - [08/Sep/2015:23:23:30 +0200] "GET /bego/beneitez/prieto/PDF HTTP/1.1" 200 324349 "http://cloud2k.sytes.net:8080/bego/beneitez/prieto" "Mozilla/5.0 (Macintosh; Intel Mac OS X 10_10_4) AppleWebKit/600.7.12 (KHTML, like Gecko) Version/8.0.7 Safari/600.7.12"
85.53.175.84 - - [08/Sep/2015:23:24:12 +0200] "GET /bego/beneitez/prieto HTTP/1.1" 200 12659 "-" "Mozilla/5.0 (Macintosh; Intel Mac OS X 10_10_4) AppleWebKit/600.7.12 (KHTML, like Gecko) Version/8.0.7 Safari/600.7.12"
85.53.175.84 - - [08/Sep/2015:23:24:13 +0200] "GET /images/4ab648f.png HTTP/1.1" 304 262 "http://cloud2k.sytes.net:8080/bego/beneitez/prieto" "Mozilla/5.0 (Macintosh; Intel Mac OS X 10_10_4) AppleWebKit/600.7.12 (KHTML, like Gecko) Version/8.0.7 Safari/600.7.12"
85.53.175.84 - - [08/Sep/2015:23:24:55 +0200] "GET /bego/beneitez/prieto HTTP/1.1" 200 12659 "-" "Mozilla/5.0 (Macintosh; Intel Mac OS X 10_10_4) AppleWebKit/600.7.12 (KHTML, like Gecko) Version/8.0.7 Safari/600.7.12"
85.53.175.84 - - [08/Sep/2015:23:24:55 +0200] "GET /images/4ab648f.png HTTP/1.1" 304 262 "http://cloud2k.sytes.net:8080/bego/beneitez/prieto" "Mozilla/5.0 (Macintosh; Intel Mac OS X 10_10_4) AppleWebKit/600.7.12 (KHTML, like Gecko) Version/8.0.7 Safari/600.7.12"
85.53.175.84 - - [08/Sep/2015:23:26:42 +0200] "GET /bego/beneitez/prieto/PDF HTTP/1.1" 200 28663 "-" "Mozilla/5.0 (Macintosh; Intel Mac OS X 10_10_4) AppleWebKit/600.7.12 (KHTML, like Gecko) Version/8.0.7 Safari/600.7.12"
85.53.175.84 - - [08/Sep/2015:23:26:42 +0200] "GET /bego/beneitez/prieto HTTP/1.1" 200 12659 "-" "Mozilla/5.0 (Macintosh; Intel Mac OS X 10_10_4) AppleWebKit/600.7.12 (KHTML, like Gecko) Version/8.0.7 Safari/600.7.12"
85.53.175.84 - - [08/Sep/2015:23:26:43 +0200] "GET /images/4ab648f.png HTTP/1.1" 200 19611 "http://cloud2k.sytes.net:8080/bego/beneitez/prieto" "Mozilla/5.0 (Macintosh; Intel Mac OS X 10_10_4) AppleWebKit/600.7.12 (KHTML, like Gecko) Version/8.0.7 Safari/600.7.12"
85.53.175.84 - - [08/Sep/2015:23:26:50 +0200] "GET /bego/beneitez/prieto/PDF HTTP/1.1" 200 323616 "-" "Mozilla/5.0 (Macintosh; Intel Mac OS X 10_10_4) AppleWebKit/600.7.12 (KHTML, like Gecko) Version/8.0.7 Safari/600.7.12"
85.53.175.84 - - [08/Sep/2015:23:31:15 +0200] "GET / HTTP/1.1" 404 729 "-" "Mozilla/5.0 (Macintosh; Intel Mac OS X 10_10_4) AppleWebKit/600.7.12 (KHTML, like Gecko) Version/8.0.7 Safari/600.7.12"
85.53.175.84 - - [08/Sep/2015:23:31:16 +0200] "GET /bego/beneitez/prieto HTTP/1.1" 200 12659 "-" "Mozilla/5.0 (Macintosh; Intel Mac OS X 10_10_4) AppleWebKit/600.7.12 (KHTML, like Gecko) Version/8.0.7 Safari/600.7.12"
85.53.175.84 - - [08/Sep/2015:23:31:17 +0200] "GET /bego/beneitez/prieto HTTP/1.1" 200 12659 "-" "Mozilla/5.0 (Macintosh; Intel Mac OS X 10_10_4) AppleWebKit/600.7.12 (KHTML, like Gecko) Version/8.0.7 Safari/600.7.12"
85.53.175.84 - - [08/Sep/2015:23:31:17 +0200] "GET /images/4ab648f.png HTTP/1.1" 304 262 "http://cloud2k.sytes.net:8080/bego/beneitez/prieto" "Mozilla/5.0 (Macintosh; Intel Mac OS X 10_10_4) AppleWebKit/600.7.12 (KHTML, like Gecko) Version/8.0.7 Safari/600.7.12"
85.53.175.84 - - [08/Sep/2015:23:31:26 +0200] "GET /bego/beneitez/prieto/PDF HTTP/1.1" 200 323616 "http://cloud2k.sytes.net:8080/bego/beneitez/prieto" "Mozilla/5.0 (Macintosh; Intel Mac OS X 10_10_4) AppleWebKit/600.7.12 (KHTML, like Gecko) Version/8.0.7 Safari/600.7.12"
85.53.175.84 - - [08/Sep/2015:23:37:43 +0200] "GET / HTTP/1.1" 404 729 "-" "Mozilla/5.0 (Macintosh; Intel Mac OS X 10_10_4) AppleWebKit/600.7.12 (KHTML, like Gecko) Version/8.0.7 Safari/600.7.12"
85.53.175.84 - - [08/Sep/2015:23:37:45 +0200] "GET /bego/beneitez/prieto HTTP/1.1" 200 12664 "-" "Mozilla/5.0 (Macintosh; Intel Mac OS X 10_10_4) AppleWebKit/600.7.12 (KHTML, like Gecko) Version/8.0.7 Safari/600.7.12"
85.53.175.84 - - [08/Sep/2015:23:37:46 +0200] "GET /images/4ab648f.png HTTP/1.1" 200 19611 "http://cloud2k.sytes.net:8080/bego/beneitez/prieto" "Mozilla/5.0 (Macintosh; Intel Mac OS X 10_10_4) AppleWebKit/600.7.12 (KHTML, like Gecko) Version/8.0.7 Safari/600.7.12"
85.53.175.84 - - [08/Sep/2015:23:37:50 +0200] "GET /bego/beneitez/prieto/PDF HTTP/1.1" 200 323616 "http://cloud2k.sytes.net:8080/bego/beneitez/prieto" "Mozilla/5.0 (Macintosh; Intel Mac OS X 10_10_4) AppleWebKit/600.7.12 (KHTML, like Gecko) Version/8.0.7 Safari/600.7.12"
85.53.175.84 - - [08/Sep/2015:23:37:55 +0200] "GET /bego/beneitez/prieto/PDF HTTP/1.1" 200 323616 "http://cloud2k.sytes.net:8080/bego/beneitez/prieto" "Mozilla/5.0 (Macintosh; Intel Mac OS X 10_10_4) AppleWebKit/600.7.12 (KHTML, like Gecko) Version/8.0.7 Safari/600.7.12"
85.53.175.84 - - [08/Sep/2015:23:38:04 +0200] "GET /bego/beneitez/prieto/PDF HTTP/1.1" 200 323616 "http://cloud2k.sytes.net:8080/bego/beneitez/prieto" "Mozilla/5.0 (Macintosh; Intel Mac OS X 10_10_4) AppleWebKit/600.7.12 (KHTML, like Gecko) Version/8.0.7 Safari/600.7.12"
85.53.175.84 - - [08/Sep/2015:23:39:38 +0200] "GET /bego/beneitez/prieto/PDF HTTP/1.1" 200 323616 "http://cloud2k.sytes.net:8080/bego/beneitez/prieto" "Mozilla/5.0 (Macintosh; Intel Mac OS X 10_10_4) AppleWebKit/600.7.12 (KHTML, like Gecko) Version/8.0.7 Safari/600.7.12"
85.53.175.84 - - [08/Sep/2015:23:39:48 +0200] "GET /bego/beneitez/prieto/PDF HTTP/1.1" 200 323616 "http://cloud2k.sytes.net:8080/bego/beneitez/prieto" "Mozilla/5.0 (Macintosh; Intel Mac OS X 10_10_4) AppleWebKit/600.7.12 (KHTML, like Gecko) Version/8.0.7 Safari/600.7.12"
85.53.175.84 - - [08/Sep/2015:23:39:59 +0200] "GET /bego/beneitez/prieto/PDF HTTP/1.1" 200 93463 "-" "Mozilla/5.0 (Macintosh; Intel Mac OS X 10_10_4) AppleWebKit/600.7.12 (KHTML, like Gecko) Version/8.0.7 Safari/600.7.12"
85.53.175.84 - - [08/Sep/2015:23:39:59 +0200] "GET /bego/beneitez/prieto HTTP/1.1" 200 12664 "-" "Mozilla/5.0 (Macintosh; Intel Mac OS X 10_10_4) AppleWebKit/600.7.12 (KHTML, like Gecko) Version/8.0.7 Safari/600.7.12"
85.53.175.84 - - [08/Sep/2015:23:40:00 +0200] "GET /images/4ab648f.png HTTP/1.1" 200 19611 "http://cloud2k.sytes.net:8080/bego/beneitez/prieto" "Mozilla/5.0 (Macintosh; Intel Mac OS X 10_10_4) AppleWebKit/600.7.12 (KHTML, like Gecko) Version/8.0.7 Safari/600.7.12"
85.53.175.84 - - [08/Sep/2015:23:41:02 +0200] "GET /bego/beneitez/prieto HTTP/1.1" 200 12664 "-" "Mozilla/5.0 (Macintosh; Intel Mac OS X 10_10_4) AppleWebKit/600.7.12 (KHTML, like Gecko) Version/8.0.7 Safari/600.7.12"
85.53.175.84 - - [08/Sep/2015:23:41:04 +0200] "GET /images/4ab648f.png HTTP/1.1" 200 19611 "http://cloud2k.sytes.net:8080/bego/beneitez/prieto" "Mozilla/5.0 (Macintosh; Intel Mac OS X 10_10_4) AppleWebKit/600.7.12 (KHTML, like Gecko) Version/8.0.7 Safari/600.7.12"
85.53.175.84 - - [08/Sep/2015:23:41:08 +0200] "GET /bego/beneitez/prieto/PDF HTTP/1.1" 200 323704 "-" "Mozilla/5.0 (Macintosh; Intel Mac OS X 10_10_4) AppleWebKit/600.7.12 (KHTML, like Gecko) Version/8.0.7 Safari/600.7.12"
115.239.228.8 - - [09/Sep/2015:11:43:43 +0200] "GET http://zc.qq.com/cgi-bin/common/attr?id=260714&r=0.0017976563201835 HTTP/1.1" 404 729 "-" "Mozilla/5.0 (compatible; MSIE 9.0; Windows NT 6.1; Trident/5.0; 360SE)"
115.231.222.40 - - [09/Sep/2015:12:52:40 +0200] "GET http://zc.qq.com/cgi-bin/common/attr?id=260714&r=0.9090560994437382 HTTP/1.1" 404 729 "-" "Mozilla/5.0 (compatible; MSIE 9.0; Windows NT 6.1; Trident/5.0; 360SE)"
213.179.120.138 - - [09/Sep/2015:16:13:15 +0200] "GET /bego/beneitez/prieto HTTP/1.1" 200 12664 "-" "Mozilla/5.0 (iPhone; CPU iPhone OS 7_1_2 like Mac OS X) AppleWebKit/537.51.2 (KHTML, like Gecko) Version/7.0 Mobile/11D257 Safari/9537.53"
213.179.120.138 - - [09/Sep/2015:16:13:15 +0200] "GET /images/4ab648f.png HTTP/1.1" 304 262 "http://cloud2k.sytes.net:8080/bego/beneitez/prieto" "Mozilla/5.0 (iPhone; CPU iPhone OS 7_1_2 like Mac OS X) AppleWebKit/537.51.2 (KHTML, like Gecko) Version/7.0 Mobile/11D257 Safari/9537.53"
115.231.222.40 - - [09/Sep/2015:18:11:42 +0200] "GET http://zc.qq.com/cgi-bin/common/attr?id=260714&r=0.8204945751925932 HTTP/1.1" 404 729 "-" "Mozilla/5.0 (compatible; MSIE 9.0; Windows NT 6.1; Trident/5.0; 360SE)"
115.239.228.8 - - [09/Sep/2015:18:34:09 +0200] "GET http://zc.qq.com/cgi-bin/common/attr?id=260714&r=0.5974836862240502 HTTP/1.1" 404 729 "-" "Mozilla/5.0 (compatible; MSIE 9.0; Windows NT 6.1; Trident/5.0; 360SE)"
115.239.228.8 - - [10/Sep/2015:01:28:04 +0200] "GET http://zc.qq.com/cgi-bin/common/attr?id=260714&r=0.5058334918865659 HTTP/1.1" 404 729 "-" "Mozilla/5.0 (compatible; MSIE 9.0; Windows NT 6.1; Trident/5.0; 360SE)"
115.239.228.8 - - [10/Sep/2015:08:22:25 +0200] "GET http://zc.qq.com/cgi-bin/common/attr?id=260714&r=0.3792485884787982 HTTP/1.1" 404 729 "-" "Mozilla/5.0 (compatible; MSIE 9.0; Windows NT 6.1; Trident/5.0; 360SE)"
213.179.122.166 - - [10/Sep/2015:08:56:49 +0200] "GET /bego/beneitez/prieto HTTP/1.1" 200 12664 "-" "Mozilla/5.0 (iPhone; CPU iPhone OS 7_1_2 like Mac OS X) AppleWebKit/537.51.2 (KHTML, like Gecko) Version/7.0 Mobile/11D257 Safari/9537.53"
213.179.122.166 - - [10/Sep/2015:08:56:50 +0200] "GET /images/4ab648f.png HTTP/1.1" 304 262 "http://cloud2k.sytes.net:8080/bego/beneitez/prieto" "Mozilla/5.0 (iPhone; CPU iPhone OS 7_1_2 like Mac OS X) AppleWebKit/537.51.2 (KHTML, like Gecko) Version/7.0 Mobile/11D257 Safari/9537.53"
115.239.228.8 - - [10/Sep/2015:10:39:19 +0200] "GET http://zc.qq.com/cgi-bin/common/attr?id=260714&r=0.0621024893916237 HTTP/1.1" 404 729 "-" "Mozilla/5.0 (compatible; MSIE 9.0; Windows NT 6.1; Trident/5.0; 360SE)"
115.239.228.8 - - [10/Sep/2015:12:57:24 +0200] "GET http://zc.qq.com/cgi-bin/common/attr?id=260714&r=0.6064653132187311 HTTP/1.1" 404 729 "-" "Mozilla/5.0 (compatible; MSIE 9.0; Windows NT 6.1; Trident/5.0; 360SE)"
219.237.254.205 - "" [10/Sep/2015:14:02:56 +0200] "GET /manager/html HTTP/1.1" 404 674 "-" "Mozilla/5.0 (compatible; MSIE 10.0; Windows NT 6.2; WOW64; Trident/6.0)"
115.239.228.8 - - [10/Sep/2015:15:12:51 +0200] "GET http://zc.qq.com/cgi-bin/common/attr?id=260714&r=0.2788546018147928 HTTP/1.1" 404 729 "-" "Mozilla/5.0 (compatible; MSIE 9.0; Windows NT 6.1; Trident/5.0; 360SE)"
115.231.222.40 - - [10/Sep/2015:17:46:25 +0200] "GET http://zc.qq.com/cgi-bin/common/attr?id=260714&r=0.3543564741503008 HTTP/1.1" 404 729 "-" "Mozilla/5.0 (compatible; MSIE 9.0; Windows NT 6.1; Trident/5.0; 360SE)"
176.103.48.25 - - [10/Sep/2015:18:48:00 +0200] "GET / HTTP/1.1" 404 674 "-" "Mozilla/5.0 (Windows NT 5.1; rv:9.0.1) Gecko/20100101 Firefox/9.0.1"
91.236.75.4 - - [10/Sep/2015:21:50:44 +0200] "GET http://www.google.com/reader/about/ HTTP/1.1" 404 674 "-" "Mozilla/4.0 (compatible; MSIE 6.0; Windows NT 5.1)"
115.231.222.40 - - [10/Sep/2015:22:54:05 +0200] "GET http://zc.qq.com/cgi-bin/common/attr?id=260714&r=0.3804632696939310 HTTP/1.1" 404 729 "-" "Mozilla/5.0 (compatible; MSIE 9.0; Windows NT 6.1; Trident/5.0; 360SE)"
115.239.228.8 - - [11/Sep/2015:00:23:13 +0200] "GET http://zc.qq.com/cgi-bin/common/attr?id=260714&r=0.1221901474414588 HTTP/1.1" 404 729 "-" "Mozilla/5.0 (compatible; MSIE 9.0; Windows NT 6.1; Trident/5.0; 360SE)"
115.231.222.40 - - [11/Sep/2015:00:35:54 +0200] "GET http://zc.qq.com/cgi-bin/common/attr?id=260714&r=0.7636580409402956 HTTP/1.1" 404 729 "-" "Mozilla/5.0 (compatible; MSIE 9.0; Windows NT 6.1; Trident/5.0; 360SE)"
115.239.228.8 - - [11/Sep/2015:11:14:44 +0200] "GET http://zc.qq.com/cgi-bin/common/attr?id=260714&r=0.5611403518473575 HTTP/1.1" 404 729 "-" "Mozilla/5.0 (compatible; MSIE 9.0; Windows NT 6.1; Trident/5.0; 360SE)"
115.239.228.8 - - [11/Sep/2015:13:32:04 +0200] "GET http://zc.qq.com/cgi-bin/common/attr?id=260714&r=0.8892394265725169 HTTP/1.1" 404 729 "-" "Mozilla/5.0 (compatible; MSIE 9.0; Windows NT 6.1; Trident/5.0; 360SE)"
91.236.75.4 - - [11/Sep/2015:14:58:59 +0200] "GET http://www.google.com/reader/about/ HTTP/1.1" 404 674 "-" "Mozilla/4.0 (compatible; MSIE 6.0; Windows NT 5.1)"
115.239.228.8 - - [11/Sep/2015:15:48:23 +0200] "GET http://zc.qq.com/cgi-bin/common/attr?id=260714&r=0.2177465687098534 HTTP/1.1" 404 729 "-" "Mozilla/5.0 (compatible; MSIE 9.0; Windows NT 6.1; Trident/5.0; 360SE)"
91.226.212.39 - - [11/Sep/2015:16:01:16 +0200] "GET / HTTP/1.1" 404 674 "-" "Mozilla/5.0 (Windows NT 5.1; rv:9.0.1) Gecko/20100101 Firefox/9.0.1"
115.239.228.8 - - [11/Sep/2015:18:05:44 +0200] "GET http://zc.qq.com/cgi-bin/common/attr?id=260714&r=0.2417678965637632 HTTP/1.1" 404 729 "-" "Mozilla/5.0 (compatible; MSIE 9.0; Windows NT 6.1; Trident/5.0; 360SE)"
91.217.90.92 - - [11/Sep/2015:18:33:42 +0200] "GET / HTTP/1.1" 404 674 "-" "Mozilla/5.0 (Windows NT 5.1; rv:9.0.1) Gecko/20100101 Firefox/9.0.1"
218.22.84.202 - - [11/Sep/2015:19:28:23 +0200] "GET /manager/html HTTP/1.1" 404 674 "-" "-"
91.226.212.39 - - [12/Sep/2015:01:08:08 +0200] "GET / HTTP/1.1" 404 674 "-" "Mozilla/5.0 (Windows NT 5.1; rv:9.0.1) Gecko/20100101 Firefox/9.0.1"
204.62.13.137 - - [12/Sep/2015:03:10:06 +0200] "GET / HTTP/1.1" 404 674 "-" "-"
115.239.228.8 - - [12/Sep/2015:03:18:35 +0200] "GET http://zc.qq.com/cgi-bin/common/attr?id=260714&r=0.9203313837050778 HTTP/1.1" 404 729 "-" "Mozilla/5.0 (compatible; MSIE 9.0; Windows NT 6.1; Trident/5.0; 360SE)"
115.239.228.8 - - [12/Sep/2015:05:36:50 +0200] "GET http://zc.qq.com/cgi-bin/common/attr?id=260714&r=0.4234641416702641 HTTP/1.1" 404 729 "-" "Mozilla/5.0 (compatible; MSIE 9.0; Windows NT 6.1; Trident/5.0; 360SE)"
115.231.222.40 - - [12/Sep/2015:08:05:16 +0200] "GET http://zc.qq.com/cgi-bin/common/attr?id=260714&r=0.0345344415456244 HTTP/1.1" 404 729 "-" "Mozilla/5.0 (compatible; MSIE 9.0; Windows NT 6.1; Trident/5.0; 360SE)"
115.231.222.40 - - [12/Sep/2015:08:05:49 +0200] "GET http://zc.qq.com/cgi-bin/common/attr?id=260714&r=0.1881898551357419 HTTP/1.1" 404 729 "-" "Mozilla/5.0 (compatible; MSIE 9.0; Windows NT 6.1; Trident/5.0; 360SE)"
115.231.222.40 - - [12/Sep/2015:08:50:18 +0200] "GET http://zc.qq.com/cgi-bin/common/attr?id=260714&r=0.4302734655961936 HTTP/1.1" 404 729 "-" "Mozilla/5.0 (compatible; MSIE 9.0; Windows NT 6.1; Trident/5.0; 360SE)"
221.233.134.132 - - [12/Sep/2015:09:23:13 +0200] "GET /manager/html HTTP/1.1" 404 674 "-" "-"
115.231.222.40 - - [12/Sep/2015:09:34:46 +0200] "GET http://zc.qq.com/cgi-bin/common/attr?id=260714&r=0.2180418797352641 HTTP/1.1" 404 729 "-" "Mozilla/5.0 (compatible; MSIE 9.0; Windows NT 6.1; Trident/5.0; 360SE)"
115.239.228.8 - - [12/Sep/2015:10:10:56 +0200] "GET http://zc.qq.com/cgi-bin/common/attr?id=260714&r=0.8908376217724779 HTTP/1.1" 404 729 "-" "Mozilla/5.0 (compatible; MSIE 9.0; Windows NT 6.1; Trident/5.0; 360SE)"
115.231.222.40 - - [12/Sep/2015:11:04:02 +0200] "GET http://zc.qq.com/cgi-bin/common/attr?id=260714&r=0.6945931788291925 HTTP/1.1" 404 729 "-" "Mozilla/5.0 (compatible; MSIE 9.0; Windows NT 6.1; Trident/5.0; 360SE)"
115.231.222.40 - - [12/Sep/2015:11:04:05 +0200] "GET http://zc.qq.com/cgi-bin/common/attr?id=260714&r=0.1697949199481636 HTTP/1.1" 404 729 "-" "Mozilla/5.0 (compatible; MSIE 9.0; Windows NT 6.1; Trident/5.0; 360SE)"
115.231.222.40 - - [12/Sep/2015:11:48:53 +0200] "GET http://zc.qq.com/cgi-bin/common/attr?id=260714&r=0.8528283059791495 HTTP/1.1" 404 729 "-" "Mozilla/5.0 (compatible; MSIE 9.0; Windows NT 6.1; Trident/5.0; 360SE)"
115.231.222.40 - - [12/Sep/2015:11:49:39 +0200] "GET http://zc.qq.com/cgi-bin/common/attr?id=260714&r=0.0513691218523189 HTTP/1.1" 404 729 "-" "Mozilla/5.0 (compatible; MSIE 9.0; Windows NT 6.1; Trident/5.0; 360SE)"
115.239.228.8 - - [12/Sep/2015:12:29:40 +0200] "GET http://zc.qq.com/cgi-bin/common/attr?id=260714&r=0.6223804878081261 HTTP/1.1" 404 729 "-" "Mozilla/5.0 (compatible; MSIE 9.0; Windows NT 6.1; Trident/5.0; 360SE)"
185.25.151.159 - - [12/Sep/2015:13:05:51 +0200] "GET http://testp4.pospr.waw.pl/testproxy.php HTTP/1.1" 404 674 "-" "Mozilla/5.0 (Windows NT 5.1; rv:32.0) Gecko/20100101 Firefox/31.0"
115.239.228.8 - - [12/Sep/2015:14:45:58 +0200] "GET http://zc.qq.com/cgi-bin/common/attr?id=260714&r=0.1292173180129911 HTTP/1.1" 404 729 "-" "Mozilla/5.0 (compatible; MSIE 9.0; Windows NT 6.1; Trident/5.0; 360SE)"
173.254.236.19 - "" [12/Sep/2015:16:48:49 +0200] "GET /manager/html HTTP/1.1" 404 674 "-" "Mozilla/5.0 (compatible; MSIE 10.0; Windows NT 6.2; WOW64; Trident/6.0)"
::1 - - [14/Sep/2015:08:00:08 +0200] "OPTIONS * HTTP/1.0" 200 112 "-" "Apache/2.4.7 (Ubuntu) PHP/5.5.9-1ubuntu4.9 (internal dummy connection)"
::1 - - [14/Sep/2015:08:00:08 +0200] "OPTIONS * HTTP/1.0" 200 112 "-" "Apache/2.4.7 (Ubuntu) PHP/5.5.9-1ubuntu4.9 (internal dummy connection)"
::1 - - [14/Sep/2015:08:00:08 +0200] "OPTIONS * HTTP/1.0" 200 112 "-" "Apache/2.4.7 (Ubuntu) PHP/5.5.9-1ubuntu4.9 (internal dummy connection)"
::1 - - [14/Sep/2015:08:00:08 +0200] "OPTIONS * HTTP/1.0" 200 112 "-" "Apache/2.4.7 (Ubuntu) PHP/5.5.9-1ubuntu4.9 (internal dummy connection)"
::1 - - [14/Sep/2015:08:00:08 +0200] "OPTIONS * HTTP/1.0" 200 112 "-" "Apache/2.4.7 (Ubuntu) PHP/5.5.9-1ubuntu4.9 (internal dummy connection)"
::1 - - [14/Sep/2015:08:00:08 +0200] "OPTIONS * HTTP/1.0" 200 112 "-" "Apache/2.4.7 (Ubuntu) PHP/5.5.9-1ubuntu4.9 (internal dummy connection)"
::1 - - [14/Sep/2015:08:00:08 +0200] "OPTIONS * HTTP/1.0" 200 112 "-" "Apache/2.4.7 (Ubuntu) PHP/5.5.9-1ubuntu4.9 (internal dummy connection)"
::1 - - [14/Sep/2015:08:00:08 +0200] "OPTIONS * HTTP/1.0" 200 112 "-" "Apache/2.4.7 (Ubuntu) PHP/5.5.9-1ubuntu4.9 (internal dummy connection)"
115.239.228.8 - - [14/Sep/2015:21:24:32 +0200] "GET http://zc.qq.com/cgi-bin/common/attr?id=260714&r=0.8218083639115569 HTTP/1.1" 404 729 "-" "Mozilla/5.0 (compatible; MSIE 9.0; Windows NT 6.1; Trident/5.0; 360SE)"
115.231.222.40 - - [14/Sep/2015:23:54:28 +0200] "GET http://zc.qq.com/cgi-bin/common/attr?id=260714&r=0.3724617636196022 HTTP/1.1" 404 729 "-" "Mozilla/5.0 (compatible; MSIE 9.0; Windows NT 6.1; Trident/5.0; 360SE)"
115.239.228.8 - - [15/Sep/2015:07:02:44 +0200] "GET http://zc.qq.com/cgi-bin/common/attr?id=260714&r=0.6835340963257865 HTTP/1.1" 404 729 "-" "Mozilla/5.0 (compatible; MSIE 9.0; Windows NT 6.1; Trident/5.0; 360SE)"
115.231.222.40 - - [15/Sep/2015:07:06:04 +0200] "GET http://zc.qq.com/cgi-bin/common/attr?id=260714&r=0.1421004666555338 HTTP/1.1" 404 729 "-" "Mozilla/5.0 (compatible; MSIE 9.0; Windows NT 6.1; Trident/5.0; 360SE)"
37.132.7.103 - - [15/Sep/2015:07:44:12 +0200] "GET /bego/beneitez/prieto HTTP/1.1" 200 12664 "-" "Mozilla/5.0 (iPhone; CPU iPhone OS 7_1_2 like Mac OS X) AppleWebKit/537.51.2 (KHTML, like Gecko) Version/7.0 Mobile/11D257 Safari/9537.53"
37.132.7.103 - - [15/Sep/2015:07:44:15 +0200] "GET /images/4ab648f.png HTTP/1.1" 200 19611 "http://cloud2k.sytes.net:8080/bego/beneitez/prieto" "Mozilla/5.0 (iPhone; CPU iPhone OS 7_1_2 like Mac OS X) AppleWebKit/537.51.2 (KHTML, like Gecko) Version/7.0 Mobile/11D257 Safari/9537.53"
115.231.222.40 - - [15/Sep/2015:09:28:03 +0200] "GET http://zc.qq.com/cgi-bin/common/attr?id=260714&r=0.5274745584698897 HTTP/1.1" 404 729 "-" "Mozilla/5.0 (compatible; MSIE 9.0; Windows NT 6.1; Trident/5.0; 360SE)"
82.118.237.102 - - [15/Sep/2015:09:31:59 +0200] "GET / HTTP/1.1" 404 674 "-" "Mozilla/5.0 (Windows NT 5.1; rv:9.0.1) Gecko/20100101 Firefox/9.0.1"
36.229.237.40 - - [15/Sep/2015:09:35:05 +0200] "CONNECT vip163mx01.mxmail.netease.com:25 HTTP/1.0" 404 740 "-" "-"
37.132.7.103 - - [15/Sep/2015:09:57:31 +0200] "GET /bego/beneitez/prieto HTTP/1.1" 200 12664 "-" "Mozilla/5.0 (iPhone; CPU iPhone OS 7_1_2 like Mac OS X) AppleWebKit/537.51.2 (KHTML, like Gecko) Version/7.0 Mobile/11D257 Safari/9537.53"
37.132.7.103 - - [15/Sep/2015:09:57:32 +0200] "GET /images/4ab648f.png HTTP/1.1" 304 262 "http://cloud2k.sytes.net:8080/bego/beneitez/prieto" "Mozilla/5.0 (iPhone; CPU iPhone OS 7_1_2 like Mac OS X) AppleWebKit/537.51.2 (KHTML, like Gecko) Version/7.0 Mobile/11D257 Safari/9537.53"
37.132.7.103 - - [15/Sep/2015:09:58:38 +0200] "GET /boda/invitacion/10072015 HTTP/1.1" 200 1830 "-" "Mozilla/5.0 (iPhone; CPU iPhone OS 7_1_2 like Mac OS X) AppleWebKit/537.51.2 (KHTML, like Gecko) Version/7.0 Mobile/11D257 Safari/9537.53"
37.132.7.103 - - [15/Sep/2015:09:58:39 +0200] "GET /bundles/app/css/app.css HTTP/1.1" 200 736 "http://cloud2k.sytes.net:8080/boda/invitacion/10072015" "Mozilla/5.0 (iPhone; CPU iPhone OS 7_1_2 like Mac OS X) AppleWebKit/537.51.2 (KHTML, like Gecko) Version/7.0 Mobile/11D257 Safari/9537.53"
37.132.7.103 - - [15/Sep/2015:09:58:39 +0200] "GET /images/c8a5894.png HTTP/1.1" 200 97283 "http://cloud2k.sytes.net:8080/boda/invitacion/10072015" "Mozilla/5.0 (iPhone; CPU iPhone OS 7_1_2 like Mac OS X) AppleWebKit/537.51.2 (KHTML, like Gecko) Version/7.0 Mobile/11D257 Safari/9537.53"
37.132.7.103 - - [15/Sep/2015:09:58:41 +0200] "GET /images/805a8d0.jpg HTTP/1.1" 200 595444 "http://cloud2k.sytes.net:8080/boda/invitacion/10072015" "Mozilla/5.0 (iPhone; CPU iPhone OS 7_1_2 like Mac OS X) AppleWebKit/537.51.2 (KHTML, like Gecko) Version/7.0 Mobile/11D257 Safari/9537.53"
37.132.7.103 - - [15/Sep/2015:09:59:15 +0200] "GET /apple-touch-icon-120x120-precomposed.png HTTP/1.1" 404 729 "-" "MobileSafari/9537.53 CFNetwork/672.1.15 Darwin/14.0.0"
37.132.7.103 - - [15/Sep/2015:09:59:15 +0200] "GET /apple-touch-icon-120x120.png HTTP/1.1" 404 729 "-" "MobileSafari/9537.53 CFNetwork/672.1.15 Darwin/14.0.0"
37.132.7.103 - - [15/Sep/2015:09:59:15 +0200] "GET /apple-touch-icon-precomposed.png HTTP/1.1" 404 729 "-" "MobileSafari/9537.53 CFNetwork/672.1.15 Darwin/14.0.0"
37.132.7.103 - - [15/Sep/2015:09:59:16 +0200] "GET /apple-touch-icon.png HTTP/1.1" 200 11057 "-" "MobileSafari/9537.53 CFNetwork/672.1.15 Darwin/14.0.0"
37.132.7.103 - - [15/Sep/2015:09:59:20 +0200] "GET /boda/invitacion/10072015 HTTP/1.1" 200 1830 "-" "Mozilla/5.0 (iPhone; CPU iPhone OS 7_1_2 like Mac OS X) AppleWebKit/537.51.2 (KHTML, like Gecko) Mobile/11D257"
37.132.7.103 - - [15/Sep/2015:09:59:22 +0200] "GET /apple-touch-icon-120x120-precomposed.png HTTP/1.1" 404 729 "-" "MobileSafari/9537.53 CFNetwork/672.1.15 Darwin/14.0.0"
37.132.7.103 - - [15/Sep/2015:09:59:22 +0200] "GET /apple-touch-icon-120x120.png HTTP/1.1" 404 729 "-" "MobileSafari/9537.53 CFNetwork/672.1.15 Darwin/14.0.0"
37.132.7.103 - - [15/Sep/2015:09:59:23 +0200] "GET /apple-touch-icon-precomposed.png HTTP/1.1" 404 729 "-" "MobileSafari/9537.53 CFNetwork/672.1.15 Darwin/14.0.0"
115.231.222.40 - - [15/Sep/2015:11:49:49 +0200] "GET http://zc.qq.com/cgi-bin/common/attr?id=260714&r=0.3898754337200740 HTTP/1.1" 404 729 "-" "Mozilla/5.0 (compatible; MSIE 9.0; Windows NT 6.1; Trident/5.0; 360SE)"
115.231.222.40 - - [15/Sep/2015:16:31:24 +0200] "GET http://zc.qq.com/cgi-bin/common/attr?id=260714&r=0.6634635848650655 HTTP/1.1" 404 729 "-" "Mozilla/5.0 (compatible; MSIE 9.0; Windows NT 6.1; Trident/5.0; 360SE)"
77.22.157.62 - - [15/Sep/2015:19:51:08 +0200] "GET /Ringing.at.your.dorbell! HTTP/1.0" 404 740 "http://google.com/search?q=2+guys+1+horse" "x00_-gawa.sa.pilipinas.2015"
77.22.157.62 - - [15/Sep/2015:19:51:08 +0200] "GET / HTTP/1.0" 404 740 "-" "x00_-gawa.sa.pilipinas.2015"
77.22.157.62 - - [15/Sep/2015:19:51:08 +0200] "GET / HTTP/1.0" 404 740 "-" "x00_-gawa.sa.pilipinas.2015"
77.22.157.62 - - [15/Sep/2015:19:51:08 +0200] "GET / HTTP/1.0" 404 740 "-" "x00_-gawa.sa.pilipinas.2015"
82.118.237.106 - - [16/Sep/2015:08:48:26 +0200] "GET / HTTP/1.1" 404 674 "-" "Mozilla/5.0 (Windows NT 5.1; rv:9.0.1) Gecko/20100101 Firefox/9.0.1"
115.239.228.8 - - [16/Sep/2015:11:56:44 +0200] "GET http://zc.qq.com/cgi-bin/common/attr?id=260714&r=0.9054675201877883 HTTP/1.1" 404 729 "-" "Mozilla/5.0 (compatible; MSIE 9.0; Windows NT 6.1; Trident/5.0; 360SE)"
115.239.228.8 - - [16/Sep/2015:11:56:45 +0200] "GET http://zc.qq.com/cgi-bin/common/attr?id=260714&r=0.9736072337189667 HTTP/1.1" 404 729 "-" "Mozilla/5.0 (compatible; MSIE 9.0; Windows NT 6.1; Trident/5.0; 360SE)"
178.239.50.139 - - [16/Sep/2015:15:40:43 +0200] "GET /phpmyadmin/scripts/setup.php HTTP/1.0" 404 740 "-" "-"
222.186.34.194 - - [16/Sep/2015:15:58:06 +0200] "CONNECT www.google.com:443 HTTP/1.0" 404 740 "-" "-"
222.186.34.194 - - [16/Sep/2015:19:20:57 +0200] "CONNECT www.google.com:443 HTTP/1.0" 404 740 "-" "-"
222.186.34.194 - - [16/Sep/2015:21:31:36 +0200] "CONNECT www.google.com:443 HTTP/1.0" 404 740 "-" "-"
222.186.34.194 - - [17/Sep/2015:09:34:24 +0200] "CONNECT www.google.com:443 HTTP/1.0" 404 740 "-" "-"
91.196.50.33 - - [17/Sep/2015:10:16:40 +0200] "GET http://testp3.pospr.waw.pl/testproxy.php HTTP/1.1" 404 674 "-" "Mozilla/5.0 (Windows NT 5.1; rv:32.0) Gecko/20100101 Firefox/31.0"
222.186.34.194 - - [17/Sep/2015:14:10:01 +0200] "CONNECT www.google.com:443 HTTP/1.0" 404 740 "-" "-"
222.186.34.194 - - [17/Sep/2015:17:34:06 +0200] "CONNECT www.google.com:443 HTTP/1.0" 404 740 "-" "-"
91.207.60.31 - - [17/Sep/2015:19:21:41 +0200] "GET / HTTP/1.1" 404 674 "-" "Mozilla/5.0 (Windows NT 5.1; rv:9.0.1) Gecko/20100101 Firefox/9.0.1"
111.248.118.24 - - [17/Sep/2015:19:26:43 +0200] "CONNECT 163mx03.mxmail.netease.com:25 HTTP/1.0" 404 740 "-" "-"
115.231.222.40 - - [17/Sep/2015:19:45:53 +0200] "GET http://zc.qq.com/cgi-bin/common/attr?id=260714&r=0.3807925573148864 HTTP/1.1" 404 729 "-" "Mozilla/5.0 (compatible; MSIE 9.0; Windows NT 6.1; Trident/5.0; 360SE)"
74.208.161.210 - - [17/Sep/2015:20:17:15 +0200] "GET //jmx-console/HtmlAdaptor HTTP/1.1" 404 693 "-" "Mozilla/4.0 (compatible; MSIE 6.0; Windows 98)"
222.186.34.194 - - [17/Sep/2015:20:45:14 +0200] "CONNECT www.google.com:443 HTTP/1.0" 404 740 "-" "-"
192.168.1.131 - - [17/Sep/2015:22:52:33 +0200] "GET / HTTP/1.1" 404 729 "-" "Mozilla/5.0 (Macintosh; Intel Mac OS X 10_10_4) AppleWebKit/600.7.12 (KHTML, like Gecko) Version/8.0.7 Safari/600.7.12"
192.168.1.131 - - [17/Sep/2015:22:52:34 +0200] "GET /favicon.ico HTTP/1.1" 200 6805 "http://server.dev:8080/" "Mozilla/5.0 (Macintosh; Intel Mac OS X 10_10_4) AppleWebKit/600.7.12 (KHTML, like Gecko) Version/8.0.7 Safari/600.7.12"
192.168.1.131 - - [17/Sep/2015:22:52:34 +0200] "GET / HTTP/1.1" 404 729 "-" "Mozilla/5.0 (iPhone; CPU iPhone OS 8_1 like Mac OS X) AppleWebKit/600.1.4 (KHTML, like Gecko) Version/8.0 Mobile/12B410 Safari/600.1.4"
192.168.1.131 - - [17/Sep/2015:22:52:34 +0200] "GET /apple-touch-icon-precomposed.png HTTP/1.1" 404 729 "-" "com.apple.WebKit.WebContent/10600.7.12 CFNetwork/720.4.4 Darwin/14.4.0 (x86_64)"
192.168.1.131 - - [17/Sep/2015:22:52:34 +0200] "GET /apple-touch-icon.png HTTP/1.1" 200 11057 "-" "com.apple.WebKit.WebContent/10600.7.12 CFNetwork/720.4.4 Darwin/14.4.0 (x86_64)"
192.168.1.131 - - [17/Sep/2015:22:52:44 +0200] "GET / HTTP/1.1" 404 729 "-" "Mozilla/5.0 (Macintosh; Intel Mac OS X 10_10_4) AppleWebKit/600.7.12 (KHTML, like Gecko) Version/8.0.7 Safari/600.7.12"
192.168.1.131 - - [17/Sep/2015:22:52:48 +0200] "GET / HTTP/1.1" 404 729 "-" "Mozilla/5.0 (iPhone; CPU iPhone OS 8_1 like Mac OS X) AppleWebKit/600.1.4 (KHTML, like Gecko) Version/8.0 Mobile/12B410 Safari/600.1.4"
192.168.1.131 - - [17/Sep/2015:22:52:48 +0200] "GET /apple-touch-icon-precomposed.png HTTP/1.1" 404 729 "-" "com.apple.WebKit.WebContent/10600.7.12 CFNetwork/720.4.4 Darwin/14.4.0 (x86_64)"
192.168.1.131 - - [17/Sep/2015:22:52:48 +0200] "GET /apple-touch-icon.png HTTP/1.1" 200 11057 "-" "com.apple.WebKit.WebContent/10600.7.12 CFNetwork/720.4.4 Darwin/14.4.0 (x86_64)"
222.186.34.194 - - [17/Sep/2015:23:34:19 +0200] "CONNECT www.google.com:443 HTTP/1.0" 404 740 "-" "-"
115.239.228.8 - - [17/Sep/2015:23:57:25 +0200] "GET http://zc.qq.com/cgi-bin/common/attr?id=260714&r=0.0009623846043914 HTTP/1.1" 404 729 "-" "Mozilla/5.0 (compatible; MSIE 9.0; Windows NT 6.1; Trident/5.0; 360SE)"
111.248.100.206 - - [18/Sep/2015:13:09:52 +0200] "CONNECT 163mx00.mxmail.netease.com:25 HTTP/1.0" 404 740 "-" "-"
169.54.233.120 - - [18/Sep/2015:15:55:30 +0200] "GET / HTTP/1.0" 404 740 "-" "Mozilla/5.0 (Windows NT 6.1; rv:31.0) Gecko/20100101 Firefox/31.0"
115.239.228.8 - - [18/Sep/2015:19:15:54 +0200] "GET http://zc.qq.com/cgi-bin/common/attr?id=260714&r=0.3495438059643646 HTTP/1.1" 404 729 "-" "Mozilla/5.0 (compatible; MSIE 9.0; Windows NT 6.1; Trident/5.0; 360SE)"
37.132.7.57 - - [18/Sep/2015:21:12:39 +0200] "GET / HTTP/1.1" 404 729 "-" "Mozilla/5.0 (iPhone; CPU iPhone OS 7_1_2 like Mac OS X) AppleWebKit/537.51.2 (KHTML, like Gecko) Version/7.0 Mobile/11D257 Safari/9537.53"
37.132.7.57 - - [18/Sep/2015:21:12:44 +0200] "GET / HTTP/1.1" 404 729 "-" "Mozilla/5.0 (iPhone; CPU iPhone OS 7_1_2 like Mac OS X) AppleWebKit/537.51.2 (KHTML, like Gecko) Version/7.0 Mobile/11D257 Safari/9537.53"
37.132.7.57 - - [18/Sep/2015:21:13:10 +0200] "GET /bego/beneitez/prieto HTTP/1.1" 200 12664 "-" "Mozilla/5.0 (iPhone; CPU iPhone OS 7_1_2 like Mac OS X) AppleWebKit/537.51.2 (KHTML, like Gecko) Version/7.0 Mobile/11D257 Safari/9537.53"
37.132.7.57 - - [18/Sep/2015:21:13:11 +0200] "GET /images/4ab648f.png HTTP/1.1" 200 19611 "http://cloud2k.sytes.net:8080/bego/beneitez/prieto" "Mozilla/5.0 (iPhone; CPU iPhone OS 7_1_2 like Mac OS X) AppleWebKit/537.51.2 (KHTML, like Gecko) Version/7.0 Mobile/11D257 Safari/9537.53"
37.132.7.57 - - [18/Sep/2015:21:13:23 +0200] "GET /bego/beneitez/prieto/PDF HTTP/1.1" 200 323704 "http://cloud2k.sytes.net:8080/bego/beneitez/prieto" "Mozilla/5.0 (iPhone; CPU iPhone OS 7_1_2 like Mac OS X) AppleWebKit/537.51.2 (KHTML, like Gecko) Version/7.0 Mobile/11D257 Safari/9537.53"
91.207.60.31 - - [18/Sep/2015:21:44:26 +0200] "GET / HTTP/1.1" 404 674 "-" "Mozilla/5.0 (Windows NT 5.1; rv:9.0.1) Gecko/20100101 Firefox/9.0.1"
37.132.7.57 - - [18/Sep/2015:23:10:48 +0200] "GET /bego/beneitez/prieto HTTP/1.1" 200 12664 "-" "Mozilla/5.0 (iPhone; CPU iPhone OS 7_1_2 like Mac OS X) AppleWebKit/537.51.2 (KHTML, like Gecko) Version/7.0 Mobile/11D257 Safari/9537.53"
37.132.7.57 - - [18/Sep/2015:23:10:49 +0200] "GET /images/4ab648f.png HTTP/1.1" 304 262 "http://cloud2k.sytes.net:8080/bego/beneitez/prieto" "Mozilla/5.0 (iPhone; CPU iPhone OS 7_1_2 like Mac OS X) AppleWebKit/537.51.2 (KHTML, like Gecko) Version/7.0 Mobile/11D257 Safari/9537.53"
85.53.189.179 - - [19/Sep/2015:00:00:29 +0200] "GET / HTTP/1.1" 404 729 "-" "Mozilla/5.0 (Macintosh; Intel Mac OS X 10_10_4) AppleWebKit/600.7.12 (KHTML, like Gecko) Version/8.0.7 Safari/600.7.12"
85.53.189.179 - - [19/Sep/2015:00:00:29 +0200] "GET /favicon.ico HTTP/1.1" 200 6805 "http://cloud2k.sytes.net:8080/" "Mozilla/5.0 (Macintosh; Intel Mac OS X 10_10_4) AppleWebKit/600.7.12 (KHTML, like Gecko) Version/8.0.7 Safari/600.7.12"
85.53.189.179 - - [19/Sep/2015:00:00:31 +0200] "GET /bego/beneitez/prieto/PDF HTTP/1.1" 200 323704 "-" "Mozilla/5.0 (Macintosh; Intel Mac OS X 10_10_4) AppleWebKit/600.7.12 (KHTML, like Gecko) Version/8.0.7 Safari/600.7.12"
85.53.189.179 - - [19/Sep/2015:00:00:35 +0200] "GET /bego/beneitez/prieto/PDF HTTP/1.1" 200 130903 "-" "Mozilla/5.0 (Macintosh; Intel Mac OS X 10_10_4) AppleWebKit/600.7.12 (KHTML, like Gecko) Version/8.0.7 Safari/600.7.12"
85.53.189.179 - - [19/Sep/2015:00:00:36 +0200] "GET /bego/beneitez/prieto HTTP/1.1" 200 12664 "-" "Mozilla/5.0 (Macintosh; Intel Mac OS X 10_10_4) AppleWebKit/600.7.12 (KHTML, like Gecko) Version/8.0.7 Safari/600.7.12"
85.53.189.179 - - [19/Sep/2015:00:00:36 +0200] "GET /bego/beneitez/prieto HTTP/1.1" 200 12664 "-" "Mozilla/5.0 (Macintosh; Intel Mac OS X 10_10_4) AppleWebKit/600.7.12 (KHTML, like Gecko) Version/8.0.7 Safari/600.7.12"
85.53.189.179 - - [19/Sep/2015:00:00:37 +0200] "GET /images/4ab648f.png HTTP/1.1" 200 19611 "http://cloud2k.sytes.net:8080/bego/beneitez/prieto" "Mozilla/5.0 (Macintosh; Intel Mac OS X 10_10_4) AppleWebKit/600.7.12 (KHTML, like Gecko) Version/8.0.7 Safari/600.7.12"
115.231.222.40 - - [19/Sep/2015:12:13:57 +0200] "GET http://zc.qq.com/cgi-bin/common/attr?id=260714&r=0.8007771028440701 HTTP/1.1" 404 729 "-" "Mozilla/5.0 (compatible; MSIE 9.0; Windows NT 6.1; Trident/5.0; 360SE)"
115.231.222.40 - - [19/Sep/2015:12:13:59 +0200] "GET http://zc.qq.com/cgi-bin/common/attr?id=260714&r=0.8403825489174785 HTTP/1.1" 404 729 "-" "Mozilla/5.0 (compatible; MSIE 9.0; Windows NT 6.1; Trident/5.0; 360SE)"
115.231.222.40 - - [19/Sep/2015:12:14:03 +0200] "GET http://zc.qq.com/cgi-bin/common/attr?id=260714&r=0.6314404362676655 HTTP/1.1" 404 729 "-" "Mozilla/5.0 (compatible; MSIE 9.0; Windows NT 6.1; Trident/5.0; 360SE)"
115.239.228.8 - - [19/Sep/2015:14:36:27 +0200] "GET http://zc.qq.com/cgi-bin/common/attr?id=260714&r=0.7373891989834079 HTTP/1.1" 404 729 "-" "Mozilla/5.0 (compatible; MSIE 9.0; Windows NT 6.1; Trident/5.0; 360SE)"
115.239.228.8 - - [19/Sep/2015:19:27:03 +0200] "GET http://zc.qq.com/cgi-bin/common/attr?id=260714&r=0.7715155295676265 HTTP/1.1" 404 729 "-" "Mozilla/5.0 (compatible; MSIE 9.0; Windows NT 6.1; Trident/5.0; 360SE)"
115.239.228.8 - - [19/Sep/2015:21:51:12 +0200] "GET http://zc.qq.com/cgi-bin/common/attr?id=260714&r=0.9551316199540357 HTTP/1.1" 404 729 "-" "Mozilla/5.0 (compatible; MSIE 9.0; Windows NT 6.1; Trident/5.0; 360SE)"
115.231.222.40 - - [19/Sep/2015:22:21:20 +0200] "GET http://zc.qq.com/cgi-bin/common/attr?id=260714&r=0.0834446538152858 HTTP/1.1" 404 729 "-" "Mozilla/5.0 (compatible; MSIE 9.0; Windows NT 6.1; Trident/5.0; 360SE)"
115.231.222.40 - - [19/Sep/2015:22:21:24 +0200] "GET http://zc.qq.com/cgi-bin/common/attr?id=260714&r=0.4308371830432476 HTTP/1.1" 404 729 "-" "Mozilla/5.0 (compatible; MSIE 9.0; Windows NT 6.1; Trident/5.0; 360SE)"
115.239.228.8 - - [20/Sep/2015:00:15:34 +0200] "GET http://zc.qq.com/cgi-bin/common/attr?id=260714&r=0.9079280181487601 HTTP/1.1" 404 729 "-" "Mozilla/5.0 (compatible; MSIE 9.0; Windows NT 6.1; Trident/5.0; 360SE)"
82.118.237.105 - - [20/Sep/2015:00:18:10 +0200] "GET / HTTP/1.1" 404 674 "-" "Mozilla/5.0 (Windows NT 5.1; rv:9.0.1) Gecko/20100101 Firefox/9.0.1"
115.231.222.40 - - [20/Sep/2015:00:54:56 +0200] "GET http://zc.qq.com/cgi-bin/common/attr?id=260714&r=0.3201370923180193 HTTP/1.1" 404 729 "-" "Mozilla/5.0 (compatible; MSIE 9.0; Windows NT 6.1; Trident/5.0; 360SE)"
115.231.222.40 - - [20/Sep/2015:00:54:58 +0200] "GET http://zc.qq.com/cgi-bin/common/attr?id=260714&r=0.8737394022672130 HTTP/1.1" 404 729 "-" "Mozilla/5.0 (compatible; MSIE 9.0; Windows NT 6.1; Trident/5.0; 360SE)"
115.231.222.40 - - [20/Sep/2015:00:55:02 +0200] "GET http://zc.qq.com/cgi-bin/common/attr?id=260714&r=0.0235859067883154 HTTP/1.1" 404 729 "-" "Mozilla/5.0 (compatible; MSIE 9.0; Windows NT 6.1; Trident/5.0; 360SE)"
54.153.38.188 - - [20/Sep/2015:09:40:13 +0200] "GET / HTTP/1.0" 404 740 "-" "Mozilla/5.0 (Windows NT 6.3; rv:36.0 Gecko/20100101 Firefox/36.0"
184.95.52.218 - - [20/Sep/2015:10:02:50 +0200] "GET http://azenv.net/ HTTP/1.1" 404 674 "-" "Mozilla/5.0 (Windows NT 6.3; WOW64; rv:33.0) Gecko/20100101 Firefox/33.0"
91.207.60.31 - - [20/Sep/2015:15:07:43 +0200] "GET / HTTP/1.1" 404 674 "-" "Mozilla/5.0 (Windows NT 5.1; rv:9.0.1) Gecko/20100101 Firefox/9.0.1"
91.236.75.4 - - [20/Sep/2015:17:29:00 +0200] "GET http://www.google.com/reader/about/ HTTP/1.1" 404 674 "-" "Mozilla/4.0 (compatible; MSIE 6.0; Windows NT 5.1)"
5.104.175.136 - - [20/Sep/2015:17:52:44 +0200] "GET / HTTP/1.1" 404 674 "-" "Mozilla/5.0 (Windows NT 5.1; rv:9.0.1) Gecko/20100101 Firefox/9.0.1"
115.239.228.8 - - [20/Sep/2015:20:45:55 +0200] "GET http://zc.qq.com/cgi-bin/common/attr?id=260714&r=0.0138196589086123 HTTP/1.1" 404 729 "-" "Mozilla/5.0 (compatible; MSIE 9.0; Windows NT 6.1; Trident/5.0; 360SE)"
90.174.145.170 - - [20/Sep/2015:21:46:41 +0200] "GET /bego/beneitez/prieto/PDF HTTP/1.1" 200 28663 "-" "Mozilla/5.0 (iPhone; CPU iPhone OS 7_1_2 like Mac OS X) AppleWebKit/537.51.2 (KHTML, like Gecko) Version/7.0 Mobile/11D257 Safari/9537.53"
36.229.247.70 - - [20/Sep/2015:22:50:33 +0200] "CONNECT 163mx03.mxmail.netease.com:25 HTTP/1.0" 404 740 "-" "-"
60.191.129.138 - - [21/Sep/2015:10:02:20 +0200] "GET /manager/html HTTP/1.1" 404 674 "-" "-"
60.191.129.138 - - [21/Sep/2015:10:02:20 +0200] "GET /manager/html HTTP/1.1" 404 674 "-" "-"
37.142.41.238 - - [21/Sep/2015:11:21:29 +0200] "GET / HTTP/1.0" 404 740 "-" "masscan/1.0 (https://github.com/robertdavidgraham/masscan)"
82.118.237.108 - - [21/Sep/2015:12:40:24 +0200] "GET / HTTP/1.1" 404 674 "-" "Mozilla/5.0 (Windows NT 5.1; rv:9.0.1) Gecko/20100101 Firefox/9.0.1"
111.248.116.77 - - [21/Sep/2015:16:35:16 +0200] "CONNECT 163mx00.mxmail.netease.com:25 HTTP/1.0" 404 740 "-" "-"
115.231.222.40 - - [21/Sep/2015:17:44:01 +0200] "GET http://zc.qq.com/cgi-bin/common/attr?id=260714&r=0.3663761279067574 HTTP/1.1" 404 729 "-" "Mozilla/5.0 (compatible; MSIE 9.0; Windows NT 6.1; Trident/5.0; 360SE)"
115.231.222.40 - - [21/Sep/2015:17:44:05 +0200] "GET http://zc.qq.com/cgi-bin/common/attr?id=260714&r=0.7590172599781510 HTTP/1.1" 404 729 "-" "Mozilla/5.0 (compatible; MSIE 9.0; Windows NT 6.1; Trident/5.0; 360SE)"
115.239.228.8 - - [21/Sep/2015:18:03:06 +0200] "GET http://zc.qq.com/cgi-bin/common/attr?id=260714&r=0.5131659696422504 HTTP/1.1" 404 729 "-" "Mozilla/5.0 (compatible; MSIE 9.0; Windows NT 6.1; Trident/5.0; 360SE)"
78.128.92.193 - - [21/Sep/2015:18:56:20 +0200] "GET / HTTP/1.1" 404 674 "-" "Mozilla/5.0 (Windows NT 5.1; rv:9.0.1) Gecko/20100101 Firefox/9.0.1"
37.132.10.31 - - [21/Sep/2015:20:01:38 +0200] "GET /boda/invitacion/10072015 HTTP/1.1" 200 1830 "-" "Mozilla/5.0 (Macintosh; Intel Mac OS X 10_10_4) AppleWebKit/600.7.12 (KHTML, like Gecko) Version/8.0.7 Safari/600.7.12"
37.132.10.31 - - [21/Sep/2015:20:01:39 +0200] "GET /faviicon.ico HTTP/1.1" 200 7253 "http://cloud2k.sytes.net:8080/boda/invitacion/10072015" "Mozilla/5.0 (Macintosh; Intel Mac OS X 10_10_4) AppleWebKit/600.7.12 (KHTML, like Gecko) Version/8.0.7 Safari/600.7.12"
37.132.10.31 - - [21/Sep/2015:20:01:39 +0200] "GET /boda/invitacion/10072015 HTTP/1.1" 200 1830 "-" "Mozilla/5.0 (iPhone; CPU iPhone OS 8_1 like Mac OS X) AppleWebKit/600.1.4 (KHTML, like Gecko) Version/8.0 Mobile/12B410 Safari/600.1.4"
37.132.10.31 - - [21/Sep/2015:20:01:40 +0200] "GET /apple-touch-icon-precomposed.png HTTP/1.1" 404 729 "-" "com.apple.WebKit.WebContent/10600.7.12 CFNetwork/720.4.4 Darwin/14.4.0 (x86_64)"
37.132.10.31 - - [21/Sep/2015:20:01:40 +0200] "GET /apple-touch-icon.png HTTP/1.1" 200 11057 "-" "com.apple.WebKit.WebContent/10600.7.12 CFNetwork/720.4.4 Darwin/14.4.0 (x86_64)"
37.132.10.31 - - [21/Sep/2015:20:01:40 +0200] "GET /boda/invitacion/10072015 HTTP/1.1" 200 1830 "-" "Mozilla/5.0 (Macintosh; Intel Mac OS X 10_10_4) AppleWebKit/600.7.12 (KHTML, like Gecko) Version/8.0.7 Safari/600.7.12"
37.132.10.31 - - [21/Sep/2015:20:01:44 +0200] "GET /boda/invitacion/10072015 HTTP/1.1" 200 1830 "-" "Mozilla/5.0 (iPhone; CPU iPhone OS 8_1 like Mac OS X) AppleWebKit/600.1.4 (KHTML, like Gecko) Version/8.0 Mobile/12B410 Safari/600.1.4"
37.132.10.31 - - [21/Sep/2015:20:01:45 +0200] "GET /apple-touch-icon-precomposed.png HTTP/1.1" 404 729 "-" "com.apple.WebKit.WebContent/10600.7.12 CFNetwork/720.4.4 Darwin/14.4.0 (x86_64)"
37.132.10.31 - - [21/Sep/2015:20:01:45 +0200] "GET /apple-touch-icon.png HTTP/1.1" 200 11057 "-" "com.apple.WebKit.WebContent/10600.7.12 CFNetwork/720.4.4 Darwin/14.4.0 (x86_64)"
37.132.10.31 - - [21/Sep/2015:20:02:17 +0200] "GET /comunion/lucia/2015 HTTP/1.1" 200 1419 "-" "Mozilla/5.0 (Macintosh; Intel Mac OS X 10_10_4) AppleWebKit/600.7.12 (KHTML, like Gecko) Version/8.0.7 Safari/600.7.12"
37.132.10.31 - - [21/Sep/2015:20:02:18 +0200] "GET /bundles/app/css/app.css HTTP/1.1" 200 736 "http://cloud2k.sytes.net:8080/comunion/lucia/2015" "Mozilla/5.0 (Macintosh; Intel Mac OS X 10_10_4) AppleWebKit/600.7.12 (KHTML, like Gecko) Version/8.0.7 Safari/600.7.12"
37.132.10.31 - - [21/Sep/2015:20:02:18 +0200] "GET /comunion/lucia/2015 HTTP/1.1" 200 1419 "-" "Mozilla/5.0 (Macintosh; Intel Mac OS X 10_10_4) AppleWebKit/600.7.12 (KHTML, like Gecko) Version/8.0.7 Safari/600.7.12"
37.132.10.31 - - [21/Sep/2015:20:02:18 +0200] "GET /bundles/app/css/app.css HTTP/1.1" 200 736 "http://cloud2k.sytes.net:8080/comunion/lucia/2015" "Mozilla/5.0 (Macintosh; Intel Mac OS X 10_10_4) AppleWebKit/600.7.12 (KHTML, like Gecko) Version/8.0.7 Safari/600.7.12"
115.231.222.40 - - [21/Sep/2015:20:11:33 +0200] "GET http://zc.qq.com/cgi-bin/common/attr?id=260714&r=0.5490412806265222 HTTP/1.1" 404 729 "-" "Mozilla/5.0 (compatible; MSIE 9.0; Windows NT 6.1; Trident/5.0; 360SE)"
36.229.80.214 - - [21/Sep/2015:21:01:07 +0200] "CONNECT 163mx01.mxmail.netease.com:25 HTTP/1.0" 404 740 "-" "-"
66.71.247.94 - - [21/Sep/2015:21:59:01 +0200] "GET /phpMyAdmin/scripts/setup.php HTTP/1.0" 404 740 "-" "-"
::1 - - [22/Sep/2015:07:56:07 +0200] "OPTIONS * HTTP/1.0" 200 112 "-" "Apache/2.4.7 (Ubuntu) PHP/5.5.9-1ubuntu4.9 (internal dummy connection)"
::1 - - [22/Sep/2015:07:56:07 +0200] "OPTIONS * HTTP/1.0" 200 112 "-" "Apache/2.4.7 (Ubuntu) PHP/5.5.9-1ubuntu4.9 (internal dummy connection)"
::1 - - [22/Sep/2015:07:56:07 +0200] "OPTIONS * HTTP/1.0" 200 112 "-" "Apache/2.4.7 (Ubuntu) PHP/5.5.9-1ubuntu4.9 (internal dummy connection)"
::1 - - [22/Sep/2015:07:56:07 +0200] "OPTIONS * HTTP/1.0" 200 112 "-" "Apache/2.4.7 (Ubuntu) PHP/5.5.9-1ubuntu4.9 (internal dummy connection)"
::1 - - [22/Sep/2015:07:56:07 +0200] "OPTIONS * HTTP/1.0" 200 112 "-" "Apache/2.4.7 (Ubuntu) PHP/5.5.9-1ubuntu4.9 (internal dummy connection)"
::1 - - [22/Sep/2015:07:56:07 +0200] "OPTIONS * HTTP/1.0" 200 112 "-" "Apache/2.4.7 (Ubuntu) PHP/5.5.9-1ubuntu4.9 (internal dummy connection)"
::1 - - [22/Sep/2015:07:56:07 +0200] "OPTIONS * HTTP/1.0" 200 112 "-" "Apache/2.4.7 (Ubuntu) PHP/5.5.9-1ubuntu4.9 (internal dummy connection)"
115.231.222.40 - - [22/Sep/2015:08:28:29 +0200] "GET http://zc.qq.com/cgi-bin/common/attr?id=260714&r=0.7898783739996226 HTTP/1.1" 404 729 "-" "Mozilla/5.0 (compatible; MSIE 9.0; Windows NT 6.1; Trident/5.0; 360SE)"
115.239.228.8 - - [22/Sep/2015:10:56:28 +0200] "GET http://zc.qq.com/cgi-bin/common/attr?id=260714&r=0.6959644727091778 HTTP/1.1" 404 729 "-" "Mozilla/5.0 (compatible; MSIE 9.0; Windows NT 6.1; Trident/5.0; 360SE)"
93.174.93.218 - - [22/Sep/2015:16:18:18 +0200] "GET http://httpheader.net HTTP/1.1" 404 674 "-" "Mozilla/5.0 (Windows; U; Windows NT 6.1; en-US; rv:1.9.2.28) Gecko/20120306 Firefox/3.6.28 (.NET CLR 3.5.30729)"
37.132.11.118 - - [22/Sep/2015:20:34:12 +0200] "GET /boda/invitacion/10072015 HTTP/1.1" 200 1830 "-" "Mozilla/5.0 (iPhone; CPU iPhone OS 7_1_2 like Mac OS X) AppleWebKit/537.51.2 (KHTML, like Gecko) Version/7.0 Mobile/11D257 Safari/9537.53"
37.132.11.118 - - [22/Sep/2015:20:34:15 +0200] "GET /bundles/app/css/app.css HTTP/1.1" 200 736 "http://cloud2k.sytes.net:8080/boda/invitacion/10072015" "Mozilla/5.0 (iPhone; CPU iPhone OS 7_1_2 like Mac OS X) AppleWebKit/537.51.2 (KHTML, like Gecko) Version/7.0 Mobile/11D257 Safari/9537.53"
37.132.11.118 - - [22/Sep/2015:20:34:15 +0200] "GET /images/c8a5894.png HTTP/1.1" 200 97283 "http://cloud2k.sytes.net:8080/boda/invitacion/10072015" "Mozilla/5.0 (iPhone; CPU iPhone OS 7_1_2 like Mac OS X) AppleWebKit/537.51.2 (KHTML, like Gecko) Version/7.0 Mobile/11D257 Safari/9537.53"
37.132.11.118 - - [22/Sep/2015:20:34:15 +0200] "GET /images/805a8d0.jpg HTTP/1.1" 200 595444 "http://cloud2k.sytes.net:8080/boda/invitacion/10072015" "Mozilla/5.0 (iPhone; CPU iPhone OS 7_1_2 like Mac OS X) AppleWebKit/537.51.2 (KHTML, like Gecko) Version/7.0 Mobile/11D257 Safari/9537.53"
115.239.228.8 - - [22/Sep/2015:20:41:13 +0200] "GET http://zc.qq.com/cgi-bin/common/attr?id=260714&r=0.9062496621334570 HTTP/1.1" 404 729 "-" "Mozilla/5.0 (compatible; MSIE 9.0; Windows NT 6.1; Trident/5.0; 360SE)"
115.231.222.40 - - [22/Sep/2015:21:20:32 +0200] "GET http://zc.qq.com/cgi-bin/common/attr?id=260714&r=0.8014363985203078 HTTP/1.1" 404 729 "-" "Mozilla/5.0 (compatible; MSIE 9.0; Windows NT 6.1; Trident/5.0; 360SE)"
176.103.48.25 - - [22/Sep/2015:21:48:17 +0200] "GET / HTTP/1.1" 404 674 "-" "Mozilla/5.0 (Windows NT 5.1; rv:9.0.1) Gecko/20100101 Firefox/9.0.1"
115.239.228.8 - - [22/Sep/2015:23:03:32 +0200] "GET http://zc.qq.com/cgi-bin/common/attr?id=260714&r=0.0708657964064312 HTTP/1.1" 404 729 "-" "Mozilla/5.0 (compatible; MSIE 9.0; Windows NT 6.1; Trident/5.0; 360SE)"
37.132.8.103 - - [23/Sep/2015:07:36:47 +0200] "GET /boda/invitacion/10072015 HTTP/1.1" 200 1831 "-" "Mozilla/5.0 (iPhone; CPU iPhone OS 7_1_2 like Mac OS X) AppleWebKit/537.51.2 (KHTML, like Gecko) Version/7.0 Mobile/11D257 Safari/9537.53"
37.132.8.103 - - [23/Sep/2015:07:36:50 +0200] "GET /bundles/app/css/app.css HTTP/1.1" 200 736 "http://cloud2k.sytes.net:8080/boda/invitacion/10072015" "Mozilla/5.0 (iPhone; CPU iPhone OS 7_1_2 like Mac OS X) AppleWebKit/537.51.2 (KHTML, like Gecko) Version/7.0 Mobile/11D257 Safari/9537.53"
37.132.8.103 - - [23/Sep/2015:07:36:50 +0200] "GET /images/c8a5894.png HTTP/1.1" 200 97284 "http://cloud2k.sytes.net:8080/boda/invitacion/10072015" "Mozilla/5.0 (iPhone; CPU iPhone OS 7_1_2 like Mac OS X) AppleWebKit/537.51.2 (KHTML, like Gecko) Version/7.0 Mobile/11D257 Safari/9537.53"
37.132.8.103 - - [23/Sep/2015:07:36:50 +0200] "GET /images/805a8d0.jpg HTTP/1.1" 200 595445 "http://cloud2k.sytes.net:8080/boda/invitacion/10072015" "Mozilla/5.0 (iPhone; CPU iPhone OS 7_1_2 like Mac OS X) AppleWebKit/537.51.2 (KHTML, like Gecko) Version/7.0 Mobile/11D257 Safari/9537.53"
115.231.222.40 - - [23/Sep/2015:07:55:31 +0200] "GET http://zc.qq.com/cgi-bin/common/attr?id=260714&r=0.7043890982930846 HTTP/1.1" 404 730 "-" "Mozilla/5.0 (compatible; MSIE 9.0; Windows NT 6.1; Trident/5.0; 360SE)"
91.207.60.31 - - [23/Sep/2015:09:56:43 +0200] "GET / HTTP/1.1" 404 675 "-" "Mozilla/5.0 (Windows NT 5.1; rv:9.0.1) Gecko/20100101 Firefox/9.0.1"
